Archive member included to satisfy reference by file (symbol)

/opt/Atollic_TrueSTUDIO_for_STM32_x86_64_9.1.0/ARMTools/bin/../lib/gcc/arm-atollic-eabi/6.3.1/../../../../arm-atollic-eabi/lib/armv7e-m/fpu/fpv5-d16/libc_nano.a(lib_a-atoi.o)
                              Middlewares/ST/STM32_SPWF0xSy/Utils/spwf04WiFi.o (atoi)
/opt/Atollic_TrueSTUDIO_for_STM32_x86_64_9.1.0/ARMTools/bin/../lib/gcc/arm-atollic-eabi/6.3.1/../../../../arm-atollic-eabi/lib/armv7e-m/fpu/fpv5-d16/libc_nano.a(lib_a-errno.o)
                              Src/syscalls.o (__errno)
/opt/Atollic_TrueSTUDIO_for_STM32_x86_64_9.1.0/ARMTools/bin/../lib/gcc/arm-atollic-eabi/6.3.1/../../../../arm-atollic-eabi/lib/armv7e-m/fpu/fpv5-d16/libc_nano.a(lib_a-fflush.o)
                              Src/console.o (fflush)
/opt/Atollic_TrueSTUDIO_for_STM32_x86_64_9.1.0/ARMTools/bin/../lib/gcc/arm-atollic-eabi/6.3.1/../../../../arm-atollic-eabi/lib/armv7e-m/fpu/fpv5-d16/libc_nano.a(lib_a-findfp.o)
                              /opt/Atollic_TrueSTUDIO_for_STM32_x86_64_9.1.0/ARMTools/bin/../lib/gcc/arm-atollic-eabi/6.3.1/../../../../arm-atollic-eabi/lib/armv7e-m/fpu/fpv5-d16/libc_nano.a(lib_a-fflush.o) (__sinit)
/opt/Atollic_TrueSTUDIO_for_STM32_x86_64_9.1.0/ARMTools/bin/../lib/gcc/arm-atollic-eabi/6.3.1/../../../../arm-atollic-eabi/lib/armv7e-m/fpu/fpv5-d16/libc_nano.a(lib_a-fwalk.o)
                              /opt/Atollic_TrueSTUDIO_for_STM32_x86_64_9.1.0/ARMTools/bin/../lib/gcc/arm-atollic-eabi/6.3.1/../../../../arm-atollic-eabi/lib/armv7e-m/fpu/fpv5-d16/libc_nano.a(lib_a-findfp.o) (_fwalk)
/opt/Atollic_TrueSTUDIO_for_STM32_x86_64_9.1.0/ARMTools/bin/../lib/gcc/arm-atollic-eabi/6.3.1/../../../../arm-atollic-eabi/lib/armv7e-m/fpu/fpv5-d16/libc_nano.a(lib_a-impure.o)
                              /opt/Atollic_TrueSTUDIO_for_STM32_x86_64_9.1.0/ARMTools/bin/../lib/gcc/arm-atollic-eabi/6.3.1/../../../../arm-atollic-eabi/lib/armv7e-m/fpu/fpv5-d16/libc_nano.a(lib_a-fflush.o) (_global_impure_ptr)
/opt/Atollic_TrueSTUDIO_for_STM32_x86_64_9.1.0/ARMTools/bin/../lib/gcc/arm-atollic-eabi/6.3.1/../../../../arm-atollic-eabi/lib/armv7e-m/fpu/fpv5-d16/libc_nano.a(lib_a-init.o)
                              startup/startup_stm32f767xx.o (__libc_init_array)
/opt/Atollic_TrueSTUDIO_for_STM32_x86_64_9.1.0/ARMTools/bin/../lib/gcc/arm-atollic-eabi/6.3.1/../../../../arm-atollic-eabi/lib/armv7e-m/fpu/fpv5-d16/libc_nano.a(lib_a-memchr.o)
                              Middlewares/ST/STM32_SPWF0xSy/wifi_module_uart_04.o (memchr)
/opt/Atollic_TrueSTUDIO_for_STM32_x86_64_9.1.0/ARMTools/bin/../lib/gcc/arm-atollic-eabi/6.3.1/../../../../arm-atollic-eabi/lib/armv7e-m/fpu/fpv5-d16/libc_nano.a(lib_a-memcmp.o)
                              Middlewares/ST/STM32_SPWF0xSy/wifi_module_uart_04.o (memcmp)
/opt/Atollic_TrueSTUDIO_for_STM32_x86_64_9.1.0/ARMTools/bin/../lib/gcc/arm-atollic-eabi/6.3.1/../../../../arm-atollic-eabi/lib/armv7e-m/fpu/fpv5-d16/libc_nano.a(lib_a-memcpy-stub.o)
                              Middlewares/ST/STM32_SPWF0xSy/Utils/ring_buffer.o (memcpy)
/opt/Atollic_TrueSTUDIO_for_STM32_x86_64_9.1.0/ARMTools/bin/../lib/gcc/arm-atollic-eabi/6.3.1/../../../../arm-atollic-eabi/lib/armv7e-m/fpu/fpv5-d16/libc_nano.a(lib_a-memset.o)
                              Drivers/BSP/Components/l6206/l6206.o (memset)
/opt/Atollic_TrueSTUDIO_for_STM32_x86_64_9.1.0/ARMTools/bin/../lib/gcc/arm-atollic-eabi/6.3.1/../../../../arm-atollic-eabi/lib/armv7e-m/fpu/fpv5-d16/libc_nano.a(lib_a-nano-freer.o)
                              /opt/Atollic_TrueSTUDIO_for_STM32_x86_64_9.1.0/ARMTools/bin/../lib/gcc/arm-atollic-eabi/6.3.1/../../../../arm-atollic-eabi/lib/armv7e-m/fpu/fpv5-d16/libc_nano.a(lib_a-fflush.o) (_free_r)
/opt/Atollic_TrueSTUDIO_for_STM32_x86_64_9.1.0/ARMTools/bin/../lib/gcc/arm-atollic-eabi/6.3.1/../../../../arm-atollic-eabi/lib/armv7e-m/fpu/fpv5-d16/libc_nano.a(lib_a-nano-mallocr.o)
                              /opt/Atollic_TrueSTUDIO_for_STM32_x86_64_9.1.0/ARMTools/bin/../lib/gcc/arm-atollic-eabi/6.3.1/../../../../arm-atollic-eabi/lib/armv7e-m/fpu/fpv5-d16/libc_nano.a(lib_a-findfp.o) (_malloc_r)
/opt/Atollic_TrueSTUDIO_for_STM32_x86_64_9.1.0/ARMTools/bin/../lib/gcc/arm-atollic-eabi/6.3.1/../../../../arm-atollic-eabi/lib/armv7e-m/fpu/fpv5-d16/libc_nano.a(lib_a-nano-vfprintf_float.o)
                              (_printf_float)
/opt/Atollic_TrueSTUDIO_for_STM32_x86_64_9.1.0/ARMTools/bin/../lib/gcc/arm-atollic-eabi/6.3.1/../../../../arm-atollic-eabi/lib/armv7e-m/fpu/fpv5-d16/libc_nano.a(lib_a-nano-vfprintf_i.o)
                              /opt/Atollic_TrueSTUDIO_for_STM32_x86_64_9.1.0/ARMTools/bin/../lib/gcc/arm-atollic-eabi/6.3.1/../../../../arm-atollic-eabi/lib/armv7e-m/fpu/fpv5-d16/libc_nano.a(lib_a-nano-vfprintf_float.o) (_printf_common)
/opt/Atollic_TrueSTUDIO_for_STM32_x86_64_9.1.0/ARMTools/bin/../lib/gcc/arm-atollic-eabi/6.3.1/../../../../arm-atollic-eabi/lib/armv7e-m/fpu/fpv5-d16/libc_nano.a(lib_a-printf.o)
[...]
Memory Configuration

Name             Origin             Length             Attributes
RAM              0x0000000020000000 0x0000000000080000 xrw
FLASH            0x0000000008000000 0x0000000000200000 xr
*default*        0x0000000000000000 0xffffffffffffffff

Linker script and memory map

LOAD /opt/Atollic_TrueSTUDIO_for_STM32_x86_64_9.1.0/ARMTools/bin/../lib/gcc/arm-atollic-eabi/6.3.1/armv7e-m/fpu/fpv5-d16/crti.o
LOAD /opt/Atollic_TrueSTUDIO_for_STM32_x86_64_9.1.0/ARMTools/bin/../lib/gcc/arm-atollic-eabi/6.3.1/armv7e-m/fpu/fpv5-d16/crtbegin.o
LOAD Drivers/BSP/Components/l6206/l6206.o
LOAD Drivers/BSP/STM32F7xx_Nucleo_144/stm32f7xx_nucleo_144.o
LOAD Drivers/BSP/X-NUCLEO-IDW0xx1/stm32_spwf_wifi.o
LOAD Drivers/BSP/X-NUCLEO-IHMxx/x_nucleo_ihm04a1_stm32f4xx.o
LOAD Drivers/BSP/X-NUCLEO-IHMxx/x_nucleo_ihmxx.o
LOAD Drivers/STM32F7xx_HAL_Driver/Src/stm32f7xx_hal.o
LOAD Drivers/STM32F7xx_HAL_Driver/Src/stm32f7xx_hal_cortex.o
LOAD Drivers/STM32F7xx_HAL_Driver/Src/stm32f7xx_hal_crc.o
LOAD Drivers/STM32F7xx_HAL_Driver/Src/stm32f7xx_hal_crc_ex.o
LOAD Drivers/STM32F7xx_HAL_Driver/Src/stm32f7xx_hal_dma.o
LOAD Drivers/STM32F7xx_HAL_Driver/Src/stm32f7xx_hal_dma_ex.o
LOAD Drivers/STM32F7xx_HAL_Driver/Src/stm32f7xx_hal_flash.o
LOAD Drivers/STM32F7xx_HAL_Driver/Src/stm32f7xx_hal_flash_ex.o
LOAD Drivers/STM32F7xx_HAL_Driver/Src/stm32f7xx_hal_gpio.o
LOAD Drivers/STM32F7xx_HAL_Driver/Src/stm32f7xx_hal_i2c.o
LOAD Drivers/STM32F7xx_HAL_Driver/Src/stm32f7xx_hal_i2c_ex.o
LOAD Drivers/STM32F7xx_HAL_Driver/Src/stm32f7xx_hal_pwr.o
LOAD Drivers/STM32F7xx_HAL_Driver/Src/stm32f7xx_hal_pwr_ex.o
LOAD Drivers/STM32F7xx_HAL_Driver/Src/stm32f7xx_hal_rcc.o
LOAD Drivers/STM32F7xx_HAL_Driver/Src/stm32f7xx_hal_rcc_ex.o
LOAD Drivers/STM32F7xx_HAL_Driver/Src/stm32f7xx_hal_rtc.o
LOAD Drivers/STM32F7xx_HAL_Driver/Src/stm32f7xx_hal_rtc_ex.o
LOAD Drivers/STM32F7xx_HAL_Driver/Src/stm32f7xx_hal_spi.o
LOAD Drivers/STM32F7xx_HAL_Driver/Src/stm32f7xx_hal_tim.o
LOAD Drivers/STM32F7xx_HAL_Driver/Src/stm32f7xx_hal_tim_ex.o
LOAD Drivers/STM32F7xx_HAL_Driver/Src/stm32f7xx_hal_uart.o
LOAD Drivers/STM32F7xx_HAL_Driver/Src/stm32f7xx_ll_dma.o
LOAD Middlewares/ST/STM32_SPWF0xSy/Utils/event_buffer.o
LOAD Middlewares/ST/STM32_SPWF0xSy/Utils/ring_buffer.o
LOAD Middlewares/ST/STM32_SPWF0xSy/Utils/spwf04WiFi.o
LOAD Middlewares/ST/STM32_SPWF0xSy/Utils/wifi_globals.o
LOAD Middlewares/ST/STM32_SPWF0xSy/wifi_interface.o
LOAD Middlewares/ST/STM32_SPWF0xSy/wifi_module.o
LOAD Middlewares/ST/STM32_SPWF0xSy/wifi_module_spi.o
LOAD Middlewares/ST/STM32_SPWF0xSy/wifi_module_uart_01.o
LOAD Middlewares/ST/STM32_SPWF0xSy/wifi_module_uart_04.o
LOAD Src/console.o
LOAD Src/crc.o
LOAD Src/dma.o
LOAD Src/gpio.o
LOAD Src/i2c.o
LOAD Src/main.o
LOAD Src/motor_control.o
LOAD Src/rtc.o
LOAD Src/spi.o
LOAD Src/stm32f7xx_hal_msp.o
LOAD Src/stm32f7xx_it.o
LOAD Src/syscalls.o
LOAD Src/system_stm32f7xx.o
LOAD Src/tim.o
LOAD Src/usart.o
LOAD Src/wifi_ssi.o
LOAD startup/startup_stm32f767xx.o
                0x0000000000000080                malloc_getpagesize_P = 0x80
START GROUP
LOAD /opt/Atollic_TrueSTUDIO_for_STM32_x86_64_9.1.0/ARMTools/bin/../lib/gcc/arm-atollic-eabi/6.3.1/../../../../arm-atollic-eabi/lib/armv7e-m/fpu/fpv5-d16/libc_nano.a
LOAD /opt/Atollic_TrueSTUDIO_for_STM32_x86_64_9.1.0/ARMTools/bin/../lib/gcc/arm-atollic-eabi/6.3.1/../../../../arm-atollic-eabi/lib/armv7e-m/fpu/fpv5-d16/libm.a
END GROUP
START GROUP
LOAD /opt/Atollic_TrueSTUDIO_for_STM32_x86_64_9.1.0/ARMTools/bin/../lib/gcc/arm-atollic-eabi/6.3.1/armv7e-m/fpu/fpv5-d16/libgcc.a
LOAD /opt/Atollic_TrueSTUDIO_for_STM32_x86_64_9.1.0/ARMTools/bin/../lib/gcc/arm-atollic-eabi/6.3.1/../../../../arm-atollic-eabi/lib/armv7e-m/fpu/fpv5-d16/libc_nano.a
END GROUP
START GROUP
LOAD /opt/Atollic_TrueSTUDIO_for_STM32_x86_64_9.1.0/ARMTools/bin/../lib/gcc/arm-atollic-eabi/6.3.1/armv7e-m/fpu/fpv5-d16/libgcc.a
LOAD /opt/Atollic_TrueSTUDIO_for_STM32_x86_64_9.1.0/ARMTools/bin/../lib/gcc/arm-atollic-eabi/6.3.1/../../../../arm-atollic-eabi/lib/armv7e-m/fpu/fpv5-d16/libc_nano.a
LOAD /opt/Atollic_TrueSTUDIO_for_STM32_x86_64_9.1.0/ARMTools/bin/../lib/gcc/arm-atollic-eabi/6.3.1/../../../../arm-atollic-eabi/lib/armv7e-m/fpu/fpv5-d16/libnosys.a
END GROUP
START GROUP
LOAD /opt/Atollic_TrueSTUDIO_for_STM32_x86_64_9.1.0/ARMTools/bin/../lib/gcc/arm-atollic-eabi/6.3.1/armv7e-m/fpu/fpv5-d16/libgcc.a
LOAD /opt/Atollic_TrueSTUDIO_for_STM32_x86_64_9.1.0/ARMTools/bin/../lib/gcc/arm-atollic-eabi/6.3.1/../../../../arm-atollic-eabi/lib/armv7e-m/fpu/fpv5-d16/libc_nano.a
LOAD /opt/Atollic_TrueSTUDIO_for_STM32_x86_64_9.1.0/ARMTools/bin/../lib/gcc/arm-atollic-eabi/6.3.1/../../../../arm-atollic-eabi/lib/armv7e-m/fpu/fpv5-d16/libnosys.a
END GROUP
LOAD /opt/Atollic_TrueSTUDIO_for_STM32_x86_64_9.1.0/ARMTools/bin/../lib/gcc/arm-atollic-eabi/6.3.1/armv7e-m/fpu/fpv5-d16/crtend.o
LOAD /opt/Atollic_TrueSTUDIO_for_STM32_x86_64_9.1.0/ARMTools/bin/../lib/gcc/arm-atollic-eabi/6.3.1/armv7e-m/fpu/fpv5-d16/crtn.o
                0x0000000020080000                _estack = 0x20080000
                0x0000000000000200                _Min_Heap_Size = 0x200
                0x0000000000000400                _Min_Stack_Size = 0x400

.isr_vector     0x0000000008000000      0x1f8
                0x0000000008000000                . = ALIGN (0x4)
 *(.isr_vector)
 .isr_vector    0x0000000008000000      0x1f8 startup/startup_stm32f767xx.o
                0x0000000008000000                g_pfnVectors
                0x00000000080001f8                . = ALIGN (0x4)

.text           0x0000000008000200     0x6bfc
                0x0000000008000200                . = ALIGN (0x4)
 *(.text)
 .text          0x0000000008000200       0x40 /opt/Atollic_TrueSTUDIO_for_STM32_x86_64_9.1.0/ARMTools/bin/../lib/gcc/arm-atollic-eabi/6.3.1/armv7e-m/fpu/fpv5-d16/crtbegin.o
 .text          0x0000000008000240       0xa0 /opt/Atollic_TrueSTUDIO_for_STM32_x86_64_9.1.0/ARMTools/bin/../lib/gcc/arm-atollic-eabi/6.3.1/../../../../arm-atollic-eabi/lib/armv7e-m/fpu/fpv5-d16/libc_nano.a(lib_a-memchr.o)
                0x0000000008000240                memchr
 .text          0x00000000080002e0       0x10 /opt/Atollic_TrueSTUDIO_for_STM32_x86_64_9.1.0/ARMTools/bin/../lib/gcc/arm-atollic-eabi/6.3.1/../../../../arm-atollic-eabi/lib/armv7e-m/fpu/fpv5-d16/libc_nano.a(lib_a-strlen.o)
                0x00000000080002e0                strlen
 .text          0x00000000080002f0       0x30 /opt/Atollic_TrueSTUDIO_for_STM32_x86_64_9.1.0/ARMTools/bin/../lib/gcc/arm-atollic-eabi/6.3.1/armv7e-m/fpu/fpv5-d16/libgcc.a(_aeabi_uldivmod.o)
                0x00000000080002f0                __aeabi_uldivmod
 .text          0x0000000008000320      0x2dc /opt/Atollic_TrueSTUDIO_for_STM32_x86_64_9.1.0/ARMTools/bin/../lib/gcc/arm-atollic-eabi/6.3.1/armv7e-m/fpu/fpv5-d16/libgcc.a(_udivmoddi4.o)
                0x0000000008000320                __udivmoddi4
 .text          0x00000000080005fc        0x4 /opt/Atollic_TrueSTUDIO_for_STM32_x86_64_9.1.0/ARMTools/bin/../lib/gcc/arm-atollic-eabi/6.3.1/armv7e-m/fpu/fpv5-d16/libgcc.a(_dvmd_tls.o)
                0x00000000080005fc                __aeabi_ldiv0
                0x00000000080005fc                __aeabi_idiv0
 *(.text*)
 .text.HAL_InitTick
                0x0000000008000600       0x48 Drivers/STM32F7xx_HAL_Driver/Src/stm32f7xx_hal.o
                0x0000000008000600                HAL_InitTick
 .text.HAL_Init
                0x0000000008000648       0x16 Drivers/STM32F7xx_HAL_Driver/Src/stm32f7xx_hal.o
                0x0000000008000648                HAL_Init
 *fill*         0x000000000800065e        0x2 
 .text.HAL_IncTick
                0x0000000008000660       0x18 Drivers/STM32F7xx_HAL_Driver/Src/stm32f7xx_hal.o
                0x0000000008000660                HAL_IncTick
 .text.HAL_GetTick
                0x0000000008000678        0xc Drivers/STM32F7xx_HAL_Driver/Src/stm32f7xx_hal.o
                0x0000000008000678                HAL_GetTick
 .text.HAL_Delay
                0x0000000008000684       0x24 Drivers/STM32F7xx_HAL_Driver/Src/stm32f7xx_hal.o
                0x0000000008000684                HAL_Delay
 .text.HAL_NVIC_SetPriorityGrouping
                0x00000000080006a8       0x24 Drivers/STM32F7xx_HAL_Driver/Src/stm32f7xx_hal_cortex.o
                0x00000000080006a8                HAL_NVIC_SetPriorityGrouping
 .text.HAL_NVIC_SetPriority
                0x00000000080006cc       0x70 Drivers/STM32F7xx_HAL_Driver/Src/stm32f7xx_hal_cortex.o
                0x00000000080006cc                HAL_NVIC_SetPriority
 .text.HAL_NVIC_EnableIRQ
                0x000000000800073c       0x18 Drivers/STM32F7xx_HAL_Driver/Src/stm32f7xx_hal_cortex.o
                0x000000000800073c                HAL_NVIC_EnableIRQ
 .text.HAL_NVIC_DisableIRQ
                0x0000000008000754       0x1c Drivers/STM32F7xx_HAL_Driver/Src/stm32f7xx_hal_cortex.o
                0x0000000008000754                HAL_NVIC_DisableIRQ
 .text.HAL_SYSTICK_Config
                0x0000000008000770       0x2c Drivers/STM32F7xx_HAL_Driver/Src/stm32f7xx_hal_cortex.o
                0x0000000008000770                HAL_SYSTICK_Config
 .text.HAL_SYSTICK_CLKSourceConfig
                0x000000000800079c       0x18 Drivers/STM32F7xx_HAL_Driver/Src/stm32f7xx_hal_cortex.o
                0x000000000800079c                HAL_SYSTICK_CLKSourceConfig
 .text.HAL_SYSTICK_Callback
                0x00000000080007b4        0x2 Drivers/STM32F7xx_HAL_Driver/Src/stm32f7xx_hal_cortex.o
                0x00000000080007b4                HAL_SYSTICK_Callback
 .text.HAL_SYSTICK_IRQHandler
                0x00000000080007b6        0x8 Drivers/STM32F7xx_HAL_Driver/Src/stm32f7xx_hal_cortex.o
                0x00000000080007b6                HAL_SYSTICK_IRQHandler
 *fill*         0x00000000080007be        0x2 
 .text.HAL_CRC_Init
                0x00000000080007c0       0x74 Drivers/STM32F7xx_HAL_Driver/Src/stm32f7xx_hal_crc.o
                0x00000000080007c0                HAL_CRC_Init
 .text.HAL_CRCEx_Polynomial_Set
                0x0000000008000834       0x4c Drivers/STM32F7xx_HAL_Driver/Src/stm32f7xx_hal_crc_ex.o
                0x0000000008000834                HAL_CRCEx_Polynomial_Set
 .text.DMA_CalcBaseAndBitshift
                0x0000000008000880       0x2c Drivers/STM32F7xx_HAL_Driver/Src/stm32f7xx_hal_dma.o
 .text.HAL_DMA_Init
                0x00000000080008ac       0xfc Drivers/STM32F7xx_HAL_Driver/Src/stm32f7xx_hal_dma.o
                0x00000000080008ac                HAL_DMA_Init
 .text.HAL_DMA_DeInit
                0x00000000080009a8       0x54 Drivers/STM32F7xx_HAL_Driver/Src/stm32f7xx_hal_dma.o
                0x00000000080009a8                HAL_DMA_DeInit
 .text.HAL_DMA_Start_IT
                0x00000000080009fc       0x7a Drivers/STM32F7xx_HAL_Driver/Src/stm32f7xx_hal_dma.o
                0x00000000080009fc                HAL_DMA_Start_IT
 .text.HAL_DMA_Abort_IT
                0x0000000008000a76       0x24 Drivers/STM32F7xx_HAL_Driver/Src/stm32f7xx_hal_dma.o
                0x0000000008000a76                HAL_DMA_Abort_IT
 *fill*         0x0000000008000a9a        0x2 
 .text.HAL_DMA_IRQHandler
                0x0000000008000a9c      0x174 Drivers/STM32F7xx_HAL_Driver/Src/stm32f7xx_hal_dma.o
                0x0000000008000a9c                HAL_DMA_IRQHandler
 .text.HAL_GPIO_Init
                0x0000000008000c10      0x1d4 Drivers/STM32F7xx_HAL_Driver/Src/stm32f7xx_hal_gpio.o
                0x0000000008000c10                HAL_GPIO_Init
 .text.HAL_GPIO_DeInit
                0x0000000008000de4      0x148 Drivers/STM32F7xx_HAL_Driver/Src/stm32f7xx_hal_gpio.o
                0x0000000008000de4                HAL_GPIO_DeInit
 .text.HAL_GPIO_WritePin
                0x0000000008000f2c        0xa Drivers/STM32F7xx_HAL_Driver/Src/stm32f7xx_hal_gpio.o
                0x0000000008000f2c                HAL_GPIO_WritePin
 .text.HAL_I2C_Init
                0x0000000008000f36       0xa2 Drivers/STM32F7xx_HAL_Driver/Src/stm32f7xx_hal_i2c.o
                0x0000000008000f36                HAL_I2C_Init
 .text.HAL_I2CEx_ConfigAnalogFilter
                0x0000000008000fd8       0x4c Drivers/STM32F7xx_HAL_Driver/Src/stm32f7xx_hal_i2c_ex.o
                0x0000000008000fd8                HAL_I2CEx_ConfigAnalogFilter
 .text.HAL_I2CEx_ConfigDigitalFilter
                0x0000000008001024       0x4a Drivers/STM32F7xx_HAL_Driver/Src/stm32f7xx_hal_i2c_ex.o
                0x0000000008001024                HAL_I2CEx_ConfigDigitalFilter
 *fill*         0x000000000800106e        0x2 
 .text.HAL_PWREx_EnableOverDrive
                0x0000000008001070       0x70 Drivers/STM32F7xx_HAL_Driver/Src/stm32f7xx_hal_pwr_ex.o
                0x0000000008001070                HAL_PWREx_EnableOverDrive
 .text.HAL_RCC_OscConfig
                0x00000000080010e0      0x328 Drivers/STM32F7xx_HAL_Driver/Src/stm32f7xx_hal_rcc.o
                0x00000000080010e0                HAL_RCC_OscConfig
 .text.HAL_RCC_GetSysClockFreq
                0x0000000008001408       0x5c Drivers/STM32F7xx_HAL_Driver/Src/stm32f7xx_hal_rcc.o
                0x0000000008001408                HAL_RCC_GetSysClockFreq
 .text.HAL_RCC_ClockConfig
                0x0000000008001464      0x13c Drivers/STM32F7xx_HAL_Driver/Src/stm32f7xx_hal_rcc.o
                0x0000000008001464                HAL_RCC_ClockConfig
 .text.HAL_RCC_GetHCLKFreq
                0x00000000080015a0        0xc Drivers/STM32F7xx_HAL_Driver/Src/stm32f7xx_hal_rcc.o
                0x00000000080015a0                HAL_RCC_GetHCLKFreq
 .text.HAL_RCC_GetPCLK1Freq
                0x00000000080015ac       0x20 Drivers/STM32F7xx_HAL_Driver/Src/stm32f7xx_hal_rcc.o
                0x00000000080015ac                HAL_RCC_GetPCLK1Freq
 .text.HAL_RCC_GetPCLK2Freq
                0x00000000080015cc       0x20 Drivers/STM32F7xx_HAL_Driver/Src/stm32f7xx_hal_rcc.o
                0x00000000080015cc                HAL_RCC_GetPCLK2Freq
 .text.HAL_RCCEx_PeriphCLKConfig
                0x00000000080015ec      0x55c Drivers/STM32F7xx_HAL_Driver/Src/stm32f7xx_hal_rcc_ex.o
                0x00000000080015ec                HAL_RCCEx_PeriphCLKConfig
 .text.RTC_EnterInitMode
                0x0000000008001b48       0x34 Drivers/STM32F7xx_HAL_Driver/Src/stm32f7xx_hal_rtc.o
                0x0000000008001b48                RTC_EnterInitMode
 .text.HAL_RTC_Init
                0x0000000008001b7c       0x84 Drivers/STM32F7xx_HAL_Driver/Src/stm32f7xx_hal_rtc.o
                0x0000000008001b7c                HAL_RTC_Init
 .text.HAL_SPI_Init
                0x0000000008001c00       0xaa Drivers/STM32F7xx_HAL_Driver/Src/stm32f7xx_hal_spi.o
                0x0000000008001c00                HAL_SPI_Init
 .text.TIM_TI1_ConfigInputStage
                0x0000000008001caa       0x22 Drivers/STM32F7xx_HAL_Driver/Src/stm32f7xx_hal_tim.o
 .text.TIM_TI2_ConfigInputStage
                0x0000000008001ccc       0x24 Drivers/STM32F7xx_HAL_Driver/Src/stm32f7xx_hal_tim.o
 .text.HAL_TIM_PWM_MspInit
                0x0000000008001cf0        0x2 Drivers/STM32F7xx_HAL_Driver/Src/stm32f7xx_hal_tim.o
                0x0000000008001cf0                HAL_TIM_PWM_MspInit
 *fill*         0x0000000008001cf2        0x2 
 .text.TIM_Base_SetConfig
                0x0000000008001cf4       0xd0 Drivers/STM32F7xx_HAL_Driver/Src/stm32f7xx_hal_tim.o
                0x0000000008001cf4                TIM_Base_SetConfig
 .text.HAL_TIM_Base_Init
                0x0000000008001dc4       0x34 Drivers/STM32F7xx_HAL_Driver/Src/stm32f7xx_hal_tim.o
                0x0000000008001dc4                HAL_TIM_Base_Init
 .text.HAL_TIM_PWM_Init
                0x0000000008001df8       0x34 Drivers/STM32F7xx_HAL_Driver/Src/stm32f7xx_hal_tim.o
                0x0000000008001df8                HAL_TIM_PWM_Init
 .text.TIM_OC1_SetConfig
                0x0000000008001e2c       0x5c Drivers/STM32F7xx_HAL_Driver/Src/stm32f7xx_hal_tim.o
                0x0000000008001e2c                TIM_OC1_SetConfig
 .text.TIM_OC2_SetConfig
                0x0000000008001e88       0x64 Drivers/STM32F7xx_HAL_Driver/Src/stm32f7xx_hal_tim.o
                0x0000000008001e88                TIM_OC2_SetConfig
 .text.TIM_OC3_SetConfig
                0x0000000008001eec       0x64 Drivers/STM32F7xx_HAL_Driver/Src/stm32f7xx_hal_tim.o
                0x0000000008001eec                TIM_OC3_SetConfig
 .text.TIM_OC4_SetConfig
                0x0000000008001f50       0x54 Drivers/STM32F7xx_HAL_Driver/Src/stm32f7xx_hal_tim.o
                0x0000000008001f50                TIM_OC4_SetConfig
 .text.TIM_ETR_SetConfig
                0x0000000008001fa4       0x14 Drivers/STM32F7xx_HAL_Driver/Src/stm32f7xx_hal_tim.o
                0x0000000008001fa4                TIM_ETR_SetConfig
 .text.HAL_TIM_ConfigClockSource
                0x0000000008001fb8      0x11c Drivers/STM32F7xx_HAL_Driver/Src/stm32f7xx_hal_tim.o
                0x0000000008001fb8                HAL_TIM_ConfigClockSource
 .text.TIM_OC5_SetConfig
                0x00000000080020d4       0x50 Drivers/STM32F7xx_HAL_Driver/Src/stm32f7xx_hal_tim_ex.o
 .text.TIM_OC6_SetConfig
                0x0000000008002124       0x50 Drivers/STM32F7xx_HAL_Driver/Src/stm32f7xx_hal_tim_ex.o
 .text.HAL_TIMEx_MasterConfigSynchronization
                0x0000000008002174       0x4c Drivers/STM32F7xx_HAL_Driver/Src/stm32f7xx_hal_tim_ex.o
                0x0000000008002174                HAL_TIMEx_MasterConfigSynchronization
 .text.HAL_TIMEx_ConfigBreakDeadTime
                0x00000000080021c0       0x84 Drivers/STM32F7xx_HAL_Driver/Src/stm32f7xx_hal_tim_ex.o
                0x00000000080021c0                HAL_TIMEx_ConfigBreakDeadTime
 .text.HAL_TIM_PWM_ConfigChannel
                0x0000000008002244      0x10c Drivers/STM32F7xx_HAL_Driver/Src/stm32f7xx_hal_tim_ex.o
                0x0000000008002244                HAL_TIM_PWM_ConfigChannel
 .text.UART_EndRxTransfer
                0x0000000008002350       0x1a Drivers/STM32F7xx_HAL_Driver/Src/stm32f7xx_hal_uart.o
 .text.HAL_UART_DeInit
                0x000000000800236a       0x38 Drivers/STM32F7xx_HAL_Driver/Src/stm32f7xx_hal_uart.o
                0x000000000800236a                HAL_UART_DeInit
 *fill*         0x00000000080023a2        0x2 
 .text.HAL_UART_Transmit_DMA
                0x00000000080023a4       0x78 Drivers/STM32F7xx_HAL_Driver/Src/stm32f7xx_hal_uart.o
                0x00000000080023a4                HAL_UART_Transmit_DMA
 .text.UART_WaitOnFlagUntilTimeout
                0x000000000800241c       0x62 Drivers/STM32F7xx_HAL_Driver/Src/stm32f7xx_hal_uart.o
                0x000000000800241c                UART_WaitOnFlagUntilTimeout
 .text.HAL_UART_Transmit
                0x000000000800247e       0xb2 Drivers/STM32F7xx_HAL_Driver/Src/stm32f7xx_hal_uart.o
                0x000000000800247e                HAL_UART_Transmit
 .text.HAL_UART_Receive
                0x0000000008002530       0xe0 Drivers/STM32F7xx_HAL_Driver/Src/stm32f7xx_hal_uart.o
                0x0000000008002530                HAL_UART_Receive
 .text.UART_DMATransmitCplt
                0x0000000008002610       0x2e Drivers/STM32F7xx_HAL_Driver/Src/stm32f7xx_hal_uart.o
 .text.HAL_UART_TxHalfCpltCallback
                0x000000000800263e        0x2 Drivers/STM32F7xx_HAL_Driver/Src/stm32f7xx_hal_uart.o
                0x000000000800263e                HAL_UART_TxHalfCpltCallback
 .text.UART_DMATxHalfCplt
                0x0000000008002640        0xa Drivers/STM32F7xx_HAL_Driver/Src/stm32f7xx_hal_uart.o
 .text.UART_Receive_IT
                0x000000000800264a       0x6e Drivers/STM32F7xx_HAL_Driver/Src/stm32f7xx_hal_uart.o
 .text.UART_DMAError
                0x00000000080026b8       0x52 Drivers/STM32F7xx_HAL_Driver/Src/stm32f7xx_hal_uart.o
 *fill*         0x000000000800270a        0x2 
 .text.HAL_UART_IRQHandler
                0x000000000800270c      0x15c Drivers/STM32F7xx_HAL_Driver/Src/stm32f7xx_hal_uart.o
                0x000000000800270c                HAL_UART_IRQHandler
 .text.UART_DMAAbortOnError
                0x0000000008002868       0x14 Drivers/STM32F7xx_HAL_Driver/Src/stm32f7xx_hal_uart.o
 .text.UART_SetConfig
                0x000000000800287c      0x290 Drivers/STM32F7xx_HAL_Driver/Src/stm32f7xx_hal_uart.o
                0x000000000800287c                UART_SetConfig
 .text.UART_AdvFeatureConfig
                0x0000000008002b0c       0xaa Drivers/STM32F7xx_HAL_Driver/Src/stm32f7xx_hal_uart.o
                0x0000000008002b0c                UART_AdvFeatureConfig
 .text.UART_CheckIdleState
                0x0000000008002bb6       0x44 Drivers/STM32F7xx_HAL_Driver/Src/stm32f7xx_hal_uart.o
                0x0000000008002bb6                UART_CheckIdleState
 .text.HAL_UART_Init
                0x0000000008002bfa       0x64 Drivers/STM32F7xx_HAL_Driver/Src/stm32f7xx_hal_uart.o
                0x0000000008002bfa                HAL_UART_Init
 *fill*         0x0000000008002c5e        0x2 
 .text.Set_UartMsgHandle
                0x0000000008002c60        0xc Middlewares/ST/STM32_SPWF0xSy/Utils/wifi_globals.o
                0x0000000008002c60                Set_UartMsgHandle
 .text.DMA1_TransferComplete
                0x0000000008002c6c       0x50 Middlewares/ST/STM32_SPWF0xSy/wifi_module.o
                0x0000000008002c6c                DMA1_TransferComplete
 .text.DMA2_TransferComplete
                0x0000000008002cbc       0x50 Middlewares/ST/STM32_SPWF0xSy/wifi_module.o
                0x0000000008002cbc                DMA2_TransferComplete
 .text.uartSendChar
                0x0000000008002d0c       0x20 Src/console.o
                0x0000000008002d0c                uartSendChar
 .text.uartReceiveChar
                0x0000000008002d2c       0x50 Src/console.o
                0x0000000008002d2c                uartReceiveChar
 .text.__io_putchar
                0x0000000008002d7c        0x4 Src/console.o
                0x0000000008002d7c                __io_putchar
 .text.__io_getchar
                0x0000000008002d80        0x4 Src/console.o
                0x0000000008002d80                __io_getchar
 .text.MX_CRC_Init
                0x0000000008002d84       0x38 Src/crc.o
                0x0000000008002d84                MX_CRC_Init
 .text.HAL_CRC_MspInit
                0x0000000008002dbc       0x2c Src/crc.o
                0x0000000008002dbc                HAL_CRC_MspInit
 .text.MX_DMA_Init
                0x0000000008002de8       0x94 Src/dma.o
                0x0000000008002de8                MX_DMA_Init
 .text.MX_GPIO_Init
                0x0000000008002e7c      0x1f8 Src/gpio.o
                0x0000000008002e7c                MX_GPIO_Init
 .text.MX_I2C1_Init
                0x0000000008003074       0x68 Src/i2c.o
                0x0000000008003074                MX_I2C1_Init
 .text.MX_I2C2_Init
                0x00000000080030dc       0x68 Src/i2c.o
                0x00000000080030dc                MX_I2C2_Init
 .text.HAL_I2C_MspInit
                0x0000000008003144       0x90 Src/i2c.o
                0x0000000008003144                HAL_I2C_MspInit
 .text.SystemClock_Config
                0x00000000080031d4       0xd8 Src/main.o
                0x00000000080031d4                SystemClock_Config
 .text.USART_PRINT_MSG_Configuration
                0x00000000080032ac       0x3c Src/main.o
                0x00000000080032ac                USART_PRINT_MSG_Configuration
 .text.startup.main
                0x00000000080032e8      0x20c Src/main.o
                0x00000000080032e8                main
 .text._Error_Handler
                0x00000000080034f4        0x2 Src/main.o
                0x00000000080034f4                _Error_Handler
 *fill*         0x00000000080034f6        0x2 
 .text.MX_RTC_Init
                0x00000000080034f8       0x3c Src/rtc.o
                0x00000000080034f8                MX_RTC_Init
 .text.HAL_RTC_MspInit
                0x0000000008003534       0x1c Src/rtc.o
                0x0000000008003534                HAL_RTC_MspInit
 .text.MX_SPI1_Init
                0x0000000008003550       0x54 Src/spi.o
                0x0000000008003550                MX_SPI1_Init
 .text.HAL_SPI_MspInit
                0x00000000080035a4       0x64 Src/spi.o
                0x00000000080035a4                HAL_SPI_MspInit
 .text.HAL_MspInit
                0x0000000008003608       0x8c Src/stm32f7xx_hal_msp.o
                0x0000000008003608                HAL_MspInit
 .text.NMI_Handler
                0x0000000008003694        0x2 Src/stm32f7xx_it.o
                0x0000000008003694                NMI_Handler
 .text.HardFault_Handler
                0x0000000008003696        0x2 Src/stm32f7xx_it.o
                0x0000000008003696                HardFault_Handler
 .text.MemManage_Handler
                0x0000000008003698        0x2 Src/stm32f7xx_it.o
                0x0000000008003698                MemManage_Handler
 .text.BusFault_Handler
                0x000000000800369a        0x2 Src/stm32f7xx_it.o
                0x000000000800369a                BusFault_Handler
 .text.UsageFault_Handler
                0x000000000800369c        0x2 Src/stm32f7xx_it.o
                0x000000000800369c                UsageFault_Handler
 .text.SVC_Handler
                0x000000000800369e        0x2 Src/stm32f7xx_it.o
                0x000000000800369e                SVC_Handler
 .text.DebugMon_Handler
                0x00000000080036a0        0x2 Src/stm32f7xx_it.o
                0x00000000080036a0                DebugMon_Handler
 .text.PendSV_Handler
                0x00000000080036a2        0x2 Src/stm32f7xx_it.o
                0x00000000080036a2                PendSV_Handler
 .text.SysTick_Handler
                0x00000000080036a4        0xe Src/stm32f7xx_it.o
                0x00000000080036a4                SysTick_Handler
 *fill*         0x00000000080036b2        0x2 
 .text.DMA1_Stream3_IRQHandler
                0x00000000080036b4        0xc Src/stm32f7xx_it.o
                0x00000000080036b4                DMA1_Stream3_IRQHandler
 .text.DMA1_Stream6_IRQHandler
                0x00000000080036c0        0xc Src/stm32f7xx_it.o
                0x00000000080036c0                DMA1_Stream6_IRQHandler
 .text.DMA2_Stream6_IRQHandler
                0x00000000080036cc        0xc Src/stm32f7xx_it.o
                0x00000000080036cc                DMA2_Stream6_IRQHandler
 .text.USART6_IRQHandler
                0x00000000080036d8        0xc Src/stm32f7xx_it.o
                0x00000000080036d8                USART6_IRQHandler
 .text.HAL_UART_RxCpltCallback
                0x00000000080036e4        0x2 Src/stm32f7xx_it.o
                0x00000000080036e4                HAL_UART_RxCpltCallback
 .text.HAL_UART_TxCpltCallback
                0x00000000080036e6        0x2 Src/stm32f7xx_it.o
                0x00000000080036e6                HAL_UART_TxCpltCallback
 .text.HAL_UART_ErrorCallback
                0x00000000080036e8        0xc Src/stm32f7xx_it.o
                0x00000000080036e8                HAL_UART_ErrorCallback
 .text.USART3_IRQHandler
                0x00000000080036f4        0xc Src/stm32f7xx_it.o
                0x00000000080036f4                USART3_IRQHandler
 .text.DMA1_Stream1_IRQHandler
                0x0000000008003700       0x18 Src/stm32f7xx_it.o
                0x0000000008003700                DMA1_Stream1_IRQHandler
 .text.DMA2_Stream1_IRQHandler
                0x0000000008003718       0x18 Src/stm32f7xx_it.o
                0x0000000008003718                DMA2_Stream1_IRQHandler
 .text._read    0x0000000008003730       0x1c Src/syscalls.o
                0x0000000008003730                _read
 .text._write   0x000000000800374c       0x1c Src/syscalls.o
                0x000000000800374c                _write
 .text._sbrk    0x0000000008003768       0x34 Src/syscalls.o
                0x0000000008003768                _sbrk
 .text._close   0x000000000800379c        0x6 Src/syscalls.o
                0x000000000800379c                _close
 .text._fstat   0x00000000080037a2        0xa Src/syscalls.o
                0x00000000080037a2                _fstat
 .text._isatty  0x00000000080037ac        0x4 Src/syscalls.o
                0x00000000080037ac                _isatty
 .text._lseek   0x00000000080037b0        0x4 Src/syscalls.o
                0x00000000080037b0                _lseek
 .text.SystemInit
                0x00000000080037b4       0x4c Src/system_stm32f7xx.o
                0x00000000080037b4                SystemInit
 .text.MX_TIM2_Init
                0x0000000008003800       0x68 Src/tim.o
                0x0000000008003800                MX_TIM2_Init
 .text.MX_TIM3_Init
                0x0000000008003868       0x70 Src/tim.o
                0x0000000008003868                MX_TIM3_Init
 .text.HAL_TIM_Base_MspInit
                0x00000000080038d8       0x88 Src/tim.o
                0x00000000080038d8                HAL_TIM_Base_MspInit
 .text.HAL_TIM_MspPostInit
                0x0000000008003960       0x5c Src/tim.o
                0x0000000008003960                HAL_TIM_MspPostInit
 .text.MX_TIM1_Init
                0x00000000080039bc       0xf0 Src/tim.o
                0x00000000080039bc                MX_TIM1_Init
 .text.MX_TIM4_Init
                0x0000000008003aac       0xb4 Src/tim.o
                0x0000000008003aac                MX_TIM4_Init
 .text.MX_UART5_Init
                0x0000000008003b60       0x44 Src/usart.o
                0x0000000008003b60                MX_UART5_Init
 .text.MX_UART7_Init
                0x0000000008003ba4       0x44 Src/usart.o
                0x0000000008003ba4                MX_UART7_Init
 .text.MX_USART2_UART_Init
                0x0000000008003be8       0x44 Src/usart.o
                0x0000000008003be8                MX_USART2_UART_Init
 .text.MX_USART3_UART_Init
                0x0000000008003c2c       0x44 Src/usart.o
                0x0000000008003c2c                MX_USART3_UART_Init
 .text.MX_USART6_UART_Init
                0x0000000008003c70       0x44 Src/usart.o
                0x0000000008003c70                MX_USART6_UART_Init
 .text.HAL_UART_MspInit
                0x0000000008003cb4      0x318 Src/usart.o
                0x0000000008003cb4                HAL_UART_MspInit
 .text.HAL_UART_MspDeInit
                0x0000000008003fcc       0xfc Src/usart.o
                0x0000000008003fcc                HAL_UART_MspDeInit
 .text.ssi_update
                0x00000000080040c8      0x124 Src/wifi_ssi.o
                0x00000000080040c8                ssi_update
 .text.Reset_Handler
                0x00000000080041ec       0x50 startup/startup_stm32f767xx.o
                0x00000000080041ec                Reset_Handler
 .text.Default_Handler
                0x000000000800423c        0x2 startup/startup_stm32f767xx.o
                0x000000000800423c                RTC_Alarm_IRQHandler
                0x000000000800423c                EXTI2_IRQHandler
                0x000000000800423c                TIM8_CC_IRQHandler
                0x000000000800423c                UART8_IRQHandler
                0x000000000800423c                SPI4_IRQHandler
                0x000000000800423c                TIM1_CC_IRQHandler
                0x000000000800423c                DMA2_Stream5_IRQHandler
                0x000000000800423c                JPEG_IRQHandler
                0x000000000800423c                DMA1_Stream5_IRQHandler
                0x000000000800423c                CAN3_RX1_IRQHandler
                0x000000000800423c                PVD_IRQHandler
                0x000000000800423c                TAMP_STAMP_IRQHandler
                0x000000000800423c                CAN2_RX1_IRQHandler
                0x000000000800423c                EXTI3_IRQHandler
                0x000000000800423c                TIM8_TRG_COM_TIM14_IRQHandler
                0x000000000800423c                DFSDM1_FLT1_IRQHandler
                0x000000000800423c                TIM1_UP_TIM10_IRQHandler
                0x000000000800423c                TIM8_UP_TIM13_IRQHandler
                0x000000000800423c                I2C3_ER_IRQHandler
                0x000000000800423c                DFSDM1_FLT2_IRQHandler
                0x000000000800423c                EXTI0_IRQHandler
                0x000000000800423c                I2C2_EV_IRQHandler
                0x000000000800423c                DMA1_Stream2_IRQHandler
                0x000000000800423c                CAN1_RX0_IRQHandler
                0x000000000800423c                FPU_IRQHandler
                0x000000000800423c                OTG_HS_WKUP_IRQHandler
                0x000000000800423c                CAN3_SCE_IRQHandler
                0x000000000800423c                LTDC_ER_IRQHandler
                0x000000000800423c                CAN2_SCE_IRQHandler
                0x000000000800423c                DMA2_Stream2_IRQHandler
                0x000000000800423c                SPI1_IRQHandler
                0x000000000800423c                TIM6_DAC_IRQHandler
                0x000000000800423c                TIM1_BRK_TIM9_IRQHandler
                0x000000000800423c                DCMI_IRQHandler
                0x000000000800423c                CAN2_RX0_IRQHandler
                0x000000000800423c                DMA2_Stream3_IRQHandler
                0x000000000800423c                SAI2_IRQHandler
                0x000000000800423c                DFSDM1_FLT3_IRQHandler
                0x000000000800423c                CAN3_RX0_IRQHandler
                0x000000000800423c                CAN1_RX1_IRQHandler
                0x000000000800423c                UART5_IRQHandler
                0x000000000800423c                DMA2_Stream0_IRQHandler
                0x000000000800423c                TIM4_IRQHandler
                0x000000000800423c                QUADSPI_IRQHandler
                0x000000000800423c                I2C1_EV_IRQHandler
                0x000000000800423c                UART4_IRQHandler
                0x000000000800423c                TIM3_IRQHandler
                0x000000000800423c                RCC_IRQHandler
                0x000000000800423c                TIM8_BRK_TIM12_IRQHandler
                0x000000000800423c                Default_Handler
                0x000000000800423c                CEC_IRQHandler
                0x000000000800423c                EXTI15_10_IRQHandler
                0x000000000800423c                ADC_IRQHandler
                0x000000000800423c                DMA1_Stream7_IRQHandler
                0x000000000800423c                SPI5_IRQHandler
                0x000000000800423c                TIM7_IRQHandler
                0x000000000800423c                SDMMC1_IRQHandler
                0x000000000800423c                CAN2_TX_IRQHandler
                0x000000000800423c                TIM5_IRQHandler
                0x000000000800423c                DMA2_Stream7_IRQHandler
                0x000000000800423c                I2C3_EV_IRQHandler
                0x000000000800423c                EXTI9_5_IRQHandler
                0x000000000800423c                RTC_WKUP_IRQHandler
                0x000000000800423c                LTDC_IRQHandler
                0x000000000800423c                ETH_WKUP_IRQHandler
                0x000000000800423c                SPDIF_RX_IRQHandler
                0x000000000800423c                SPI2_IRQHandler
                0x000000000800423c                OTG_HS_EP1_IN_IRQHandler
                0x000000000800423c                DMA1_Stream0_IRQHandler
                0x000000000800423c                CAN1_TX_IRQHandler
                0x000000000800423c                EXTI4_IRQHandler
                0x000000000800423c                RNG_IRQHandler
                0x000000000800423c                ETH_IRQHandler
                0x000000000800423c                OTG_HS_EP1_OUT_IRQHandler
                0x000000000800423c                WWDG_IRQHandler
                0x000000000800423c                SPI6_IRQHandler
                0x000000000800423c                MDIOS_IRQHandler
                0x000000000800423c                I2C4_EV_IRQHandler
                0x000000000800423c                CAN3_TX_IRQHandler
                0x000000000800423c                TIM2_IRQHandler
                0x000000000800423c                OTG_FS_WKUP_IRQHandler
                0x000000000800423c                TIM1_TRG_COM_TIM11_IRQHandler
                0x000000000800423c                OTG_HS_IRQHandler
                0x000000000800423c                DMA2D_IRQHandler
                0x000000000800423c                EXTI1_IRQHandler
                0x000000000800423c                SDMMC2_IRQHandler
                0x000000000800423c                UART7_IRQHandler
                0x000000000800423c                USART2_IRQHandler
                0x000000000800423c                DFSDM1_FLT0_IRQHandler
                0x000000000800423c                I2C2_ER_IRQHandler
                0x000000000800423c                CAN1_SCE_IRQHandler
                0x000000000800423c                FLASH_IRQHandler
                0x000000000800423c                DMA2_Stream4_IRQHandler
                0x000000000800423c                USART1_IRQHandler
                0x000000000800423c                OTG_FS_IRQHandler
                0x000000000800423c                SPI3_IRQHandler
                0x000000000800423c                DMA1_Stream4_IRQHandler
                0x000000000800423c                I2C1_ER_IRQHandler
                0x000000000800423c                FMC_IRQHandler
                0x000000000800423c                LPTIM1_IRQHandler
                0x000000000800423c                I2C4_ER_IRQHandler
                0x000000000800423c                SAI1_IRQHandler
 *fill*         0x000000000800423e        0x2 
 .text.__errno  0x0000000008004240        0xc /opt/Atollic_TrueSTUDIO_for_STM32_x86_64_9.1.0/ARMTools/bin/../lib/gcc/arm-atollic-eabi/6.3.1/../../../../arm-atollic-eabi/lib/armv7e-m/fpu/fpv5-d16/libc_nano.a(lib_a-errno.o)
                0x0000000008004240                __errno
 .text.__sflush_r
                0x000000000800424c      0x110 /opt/Atollic_TrueSTUDIO_for_STM32_x86_64_9.1.0/ARMTools/bin/../lib/gcc/arm-atollic-eabi/6.3.1/../../../../arm-atollic-eabi/lib/armv7e-m/fpu/fpv5-d16/libc_nano.a(lib_a-fflush.o)
                0x000000000800424c                __sflush_r
 .text._fflush_r
                0x000000000800435c       0x54 /opt/Atollic_TrueSTUDIO_for_STM32_x86_64_9.1.0/ARMTools/bin/../lib/gcc/arm-atollic-eabi/6.3.1/../../../../arm-atollic-eabi/lib/armv7e-m/fpu/fpv5-d16/libc_nano.a(lib_a-fflush.o)
                0x000000000800435c                _fflush_r
 .text._cleanup_r
                0x00000000080043b0        0xc /opt/Atollic_TrueSTUDIO_for_STM32_x86_64_9.1.0/ARMTools/bin/../lib/gcc/arm-atollic-eabi/6.3.1/../../../../arm-atollic-eabi/lib/armv7e-m/fpu/fpv5-d16/libc_nano.a(lib_a-findfp.o)
                0x00000000080043b0                _cleanup_r
 .text.std.isra.0
                0x00000000080043bc       0x48 /opt/Atollic_TrueSTUDIO_for_STM32_x86_64_9.1.0/ARMTools/bin/../lib/gcc/arm-atollic-eabi/6.3.1/../../../../arm-atollic-eabi/lib/armv7e-m/fpu/fpv5-d16/libc_nano.a(lib_a-findfp.o)
 .text.__sfmoreglue
                0x0000000008004404       0x2c /opt/Atollic_TrueSTUDIO_for_STM32_x86_64_9.1.0/ARMTools/bin/../lib/gcc/arm-atollic-eabi/6.3.1/../../../../arm-atollic-eabi/lib/armv7e-m/fpu/fpv5-d16/libc_nano.a(lib_a-findfp.o)
                0x0000000008004404                __sfmoreglue
 .text.__sinit  0x0000000008004430       0x60 /opt/Atollic_TrueSTUDIO_for_STM32_x86_64_9.1.0/ARMTools/bin/../lib/gcc/arm-atollic-eabi/6.3.1/../../../../arm-atollic-eabi/lib/armv7e-m/fpu/fpv5-d16/libc_nano.a(lib_a-findfp.o)
                0x0000000008004430                __sinit
 .text.__sfp    0x0000000008004490       0x78 /opt/Atollic_TrueSTUDIO_for_STM32_x86_64_9.1.0/ARMTools/bin/../lib/gcc/arm-atollic-eabi/6.3.1/../../../../arm-atollic-eabi/lib/armv7e-m/fpu/fpv5-d16/libc_nano.a(lib_a-findfp.o)
                0x0000000008004490                __sfp
 .text._fwalk_reent
                0x0000000008004508       0x3c /opt/Atollic_TrueSTUDIO_for_STM32_x86_64_9.1.0/ARMTools/bin/../lib/gcc/arm-atollic-eabi/6.3.1/../../../../arm-atollic-eabi/lib/armv7e-m/fpu/fpv5-d16/libc_nano.a(lib_a-fwalk.o)
                0x0000000008004508                _fwalk_reent
 .text.__libc_init_array
                0x0000000008004544       0x48 /opt/Atollic_TrueSTUDIO_for_STM32_x86_64_9.1.0/ARMTools/bin/../lib/gcc/arm-atollic-eabi/6.3.1/../../../../arm-atollic-eabi/lib/armv7e-m/fpu/fpv5-d16/libc_nano.a(lib_a-init.o)
                0x0000000008004544                __libc_init_array
 .text.memcpy   0x000000000800458c       0x16 /opt/Atollic_TrueSTUDIO_for_STM32_x86_64_9.1.0/ARMTools/bin/../lib/gcc/arm-atollic-eabi/6.3.1/../../../../arm-atollic-eabi/lib/armv7e-m/fpu/fpv5-d16/libc_nano.a(lib_a-memcpy-stub.o)
                0x000000000800458c                memcpy
 .text.memset   0x00000000080045a2       0x10 /opt/Atollic_TrueSTUDIO_for_STM32_x86_64_9.1.0/ARMTools/bin/../lib/gcc/arm-atollic-eabi/6.3.1/../../../../arm-atollic-eabi/lib/armv7e-m/fpu/fpv5-d16/libc_nano.a(lib_a-memset.o)
                0x00000000080045a2                memset
 *fill*         0x00000000080045b2        0x2 
 .text._free_r  0x00000000080045b4       0x9c /opt/Atollic_TrueSTUDIO_for_STM32_x86_64_9.1.0/ARMTools/bin/../lib/gcc/arm-atollic-eabi/6.3.1/../../../../arm-atollic-eabi/lib/armv7e-m/fpu/fpv5-d16/libc_nano.a(lib_a-nano-freer.o)
                0x00000000080045b4                _free_r
 .text._malloc_r
                0x0000000008004650       0xbc /opt/Atollic_TrueSTUDIO_for_STM32_x86_64_9.1.0/ARMTools/bin/../lib/gcc/arm-atollic-eabi/6.3.1/../../../../arm-atollic-eabi/lib/armv7e-m/fpu/fpv5-d16/libc_nano.a(lib_a-nano-mallocr.o)
                0x0000000008004650                _malloc_r
 .text.__cvt    0x000000000800470c       0xa6 /opt/Atollic_TrueSTUDIO_for_STM32_x86_64_9.1.0/ARMTools/bin/../lib/gcc/arm-atollic-eabi/6.3.1/../../../../arm-atollic-eabi/lib/armv7e-m/fpu/fpv5-d16/libc_nano.a(lib_a-nano-vfprintf_float.o)
                0x000000000800470c                __cvt
 .text.__exponent
                0x00000000080047b2       0x6a /opt/Atollic_TrueSTUDIO_for_STM32_x86_64_9.1.0/ARMTools/bin/../lib/gcc/arm-atollic-eabi/6.3.1/../../../../arm-atollic-eabi/lib/armv7e-m/fpu/fpv5-d16/libc_nano.a(lib_a-nano-vfprintf_float.o)
                0x00000000080047b2                __exponent
 *fill*         0x000000000800481c        0x4 
 .text._printf_float
                0x0000000008004820      0x458 /opt/Atollic_TrueSTUDIO_for_STM32_x86_64_9.1.0/ARMTools/bin/../lib/gcc/arm-atollic-eabi/6.3.1/../../../../arm-atollic-eabi/lib/armv7e-m/fpu/fpv5-d16/libc_nano.a(lib_a-nano-vfprintf_float.o)
                0x0000000008004820                _printf_float
 .text._printf_common
                0x0000000008004c78       0xec /opt/Atollic_TrueSTUDIO_for_STM32_x86_64_9.1.0/ARMTools/bin/../lib/gcc/arm-atollic-eabi/6.3.1/../../../../arm-atollic-eabi/lib/armv7e-m/fpu/fpv5-d16/libc_nano.a(lib_a-nano-vfprintf_i.o)
                0x0000000008004c78                _printf_common
 .text._printf_i
                0x0000000008004d64      0x240 /opt/Atollic_TrueSTUDIO_for_STM32_x86_64_9.1.0/ARMTools/bin/../lib/gcc/arm-atollic-eabi/6.3.1/../../../../arm-atollic-eabi/lib/armv7e-m/fpu/fpv5-d16/libc_nano.a(lib_a-nano-vfprintf_i.o)
                0x0000000008004d64                _printf_i
 .text.printf   0x0000000008004fa4       0x30 /opt/Atollic_TrueSTUDIO_for_STM32_x86_64_9.1.0/ARMTools/bin/../lib/gcc/arm-atollic-eabi/6.3.1/../../../../arm-atollic-eabi/lib/armv7e-m/fpu/fpv5-d16/libc_nano.a(lib_a-printf.o)
                0x0000000008004fa4                printf
                0x0000000008004fa4                iprintf
 .text._puts_r  0x0000000008004fd4       0xb8 /opt/Atollic_TrueSTUDIO_for_STM32_x86_64_9.1.0/ARMTools/bin/../lib/gcc/arm-atollic-eabi/6.3.1/../../../../arm-atollic-eabi/lib/armv7e-m/fpu/fpv5-d16/libc_nano.a(lib_a-puts.o)
                0x0000000008004fd4                _puts_r
 .text.puts     0x000000000800508c       0x10 /opt/Atollic_TrueSTUDIO_for_STM32_x86_64_9.1.0/ARMTools/bin/../lib/gcc/arm-atollic-eabi/6.3.1/../../../../arm-atollic-eabi/lib/armv7e-m/fpu/fpv5-d16/libc_nano.a(lib_a-puts.o)
                0x000000000800508c                puts
 .text._sbrk_r  0x000000000800509c       0x20 /opt/Atollic_TrueSTUDIO_for_STM32_x86_64_9.1.0/ARMTools/bin/../lib/gcc/arm-atollic-eabi/6.3.1/../../../../arm-atollic-eabi/lib/armv7e-m/fpu/fpv5-d16/libc_nano.a(lib_a-sbrkr.o)
                0x000000000800509c                _sbrk_r
 .text.setvbuf  0x00000000080050bc      0x15c /opt/Atollic_TrueSTUDIO_for_STM32_x86_64_9.1.0/ARMTools/bin/../lib/gcc/arm-atollic-eabi/6.3.1/../../../../arm-atollic-eabi/lib/armv7e-m/fpu/fpv5-d16/libc_nano.a(lib_a-setvbuf.o)
                0x00000000080050bc                setvbuf
 .text.sprintf  0x0000000008005218       0x48 /opt/Atollic_TrueSTUDIO_for_STM32_x86_64_9.1.0/ARMTools/bin/../lib/gcc/arm-atollic-eabi/6.3.1/../../../../arm-atollic-eabi/lib/armv7e-m/fpu/fpv5-d16/libc_nano.a(lib_a-sprintf.o)
                0x0000000008005218                sprintf
                0x0000000008005218                siprintf
 .text.__sread  0x0000000008005260       0x22 /opt/Atollic_TrueSTUDIO_for_STM32_x86_64_9.1.0/ARMTools/bin/../lib/gcc/arm-atollic-eabi/6.3.1/../../../../arm-atollic-eabi/lib/armv7e-m/fpu/fpv5-d16/libc_nano.a(lib_a-stdio.o)
                0x0000000008005260                __sread
 .text.__swrite
                0x0000000008005282       0x38 /opt/Atollic_TrueSTUDIO_for_STM32_x86_64_9.1.0/ARMTools/bin/../lib/gcc/arm-atollic-eabi/6.3.1/../../../../arm-atollic-eabi/lib/armv7e-m/fpu/fpv5-d16/libc_nano.a(lib_a-stdio.o)
                0x0000000008005282                __swrite
 .text.__sseek  0x00000000080052ba       0x24 /opt/Atollic_TrueSTUDIO_for_STM32_x86_64_9.1.0/ARMTools/bin/../lib/gcc/arm-atollic-eabi/6.3.1/../../../../arm-atollic-eabi/lib/armv7e-m/fpu/fpv5-d16/libc_nano.a(lib_a-stdio.o)
                0x00000000080052ba                __sseek
 .text.__sclose
                0x00000000080052de        0x8 /opt/Atollic_TrueSTUDIO_for_STM32_x86_64_9.1.0/ARMTools/bin/../lib/gcc/arm-atollic-eabi/6.3.1/../../../../arm-atollic-eabi/lib/armv7e-m/fpu/fpv5-d16/libc_nano.a(lib_a-stdio.o)
                0x00000000080052de                __sclose
 .text.strcpy   0x00000000080052e6       0x10 /opt/Atollic_TrueSTUDIO_for_STM32_x86_64_9.1.0/ARMTools/bin/../lib/gcc/arm-atollic-eabi/6.3.1/../../../../arm-atollic-eabi/lib/armv7e-m/fpu/fpv5-d16/libc_nano.a(lib_a-strcpy.o)
                0x00000000080052e6                strcpy
 *fill*         0x00000000080052f6        0x2 
 .text.__swbuf_r
                0x00000000080052f8       0xa4 /opt/Atollic_TrueSTUDIO_for_STM32_x86_64_9.1.0/ARMTools/bin/../lib/gcc/arm-atollic-eabi/6.3.1/../../../../arm-atollic-eabi/lib/armv7e-m/fpu/fpv5-d16/libc_nano.a(lib_a-wbuf.o)
                0x00000000080052f8                __swbuf_r
 .text._write_r
                0x000000000800539c       0x24 /opt/Atollic_TrueSTUDIO_for_STM32_x86_64_9.1.0/ARMTools/bin/../lib/gcc/arm-atollic-eabi/6.3.1/../../../../arm-atollic-eabi/lib/armv7e-m/fpu/fpv5-d16/libc_nano.a(lib_a-writer.o)
                0x000000000800539c                _write_r
 .text.__swsetup_r
                0x00000000080053c0       0xdc /opt/Atollic_TrueSTUDIO_for_STM32_x86_64_9.1.0/ARMTools/bin/../lib/gcc/arm-atollic-eabi/6.3.1/../../../../arm-atollic-eabi/lib/armv7e-m/fpu/fpv5-d16/libc_nano.a(lib_a-wsetup.o)
                0x00000000080053c0                __swsetup_r
 .text._close_r
                0x000000000800549c       0x20 /opt/Atollic_TrueSTUDIO_for_STM32_x86_64_9.1.0/ARMTools/bin/../lib/gcc/arm-atollic-eabi/6.3.1/../../../../arm-atollic-eabi/lib/armv7e-m/fpu/fpv5-d16/libc_nano.a(lib_a-closer.o)
                0x000000000800549c                _close_r
 .text.quorem   0x00000000080054bc      0x118 /opt/Atollic_TrueSTUDIO_for_STM32_x86_64_9.1.0/ARMTools/bin/../lib/gcc/arm-atollic-eabi/6.3.1/../../../../arm-atollic-eabi/lib/armv7e-m/fpu/fpv5-d16/libc_nano.a(lib_a-dtoa.o)
 *fill*         0x00000000080055d4        0x4 
 .text._dtoa_r  0x00000000080055d8      0xad8 /opt/Atollic_TrueSTUDIO_for_STM32_x86_64_9.1.0/ARMTools/bin/../lib/gcc/arm-atollic-eabi/6.3.1/../../../../arm-atollic-eabi/lib/armv7e-m/fpu/fpv5-d16/libc_nano.a(lib_a-dtoa.o)
                0x00000000080055d8                _dtoa_r
 .text._localeconv_r
                0x00000000080060b0       0x1c /opt/Atollic_TrueSTUDIO_for_STM32_x86_64_9.1.0/ARMTools/bin/../lib/gcc/arm-atollic-eabi/6.3.1/../../../../arm-atollic-eabi/lib/armv7e-m/fpu/fpv5-d16/libc_nano.a(lib_a-localeconv.o)
                0x00000000080060b0                _localeconv_r
 .text._lseek_r
                0x00000000080060cc       0x24 /opt/Atollic_TrueSTUDIO_for_STM32_x86_64_9.1.0/ARMTools/bin/../lib/gcc/arm-atollic-eabi/6.3.1/../../../../arm-atollic-eabi/lib/armv7e-m/fpu/fpv5-d16/libc_nano.a(lib_a-lseekr.o)
                0x00000000080060cc                _lseek_r
 .text.__swhatbuf_r
                0x00000000080060f0       0x48 /opt/Atollic_TrueSTUDIO_for_STM32_x86_64_9.1.0/ARMTools/bin/../lib/gcc/arm-atollic-eabi/6.3.1/../../../../arm-atollic-eabi/lib/armv7e-m/fpu/fpv5-d16/libc_nano.a(lib_a-makebuf.o)
                0x00000000080060f0                __swhatbuf_r
 .text.__smakebuf_r
                0x0000000008006138       0x80 /opt/Atollic_TrueSTUDIO_for_STM32_x86_64_9.1.0/ARMTools/bin/../lib/gcc/arm-atollic-eabi/6.3.1/../../../../arm-atollic-eabi/lib/armv7e-m/fpu/fpv5-d16/libc_nano.a(lib_a-makebuf.o)
                0x0000000008006138                __smakebuf_r
 .text.malloc   0x00000000080061b8       0x10 /opt/Atollic_TrueSTUDIO_for_STM32_x86_64_9.1.0/ARMTools/bin/../lib/gcc/arm-atollic-eabi/6.3.1/../../../../arm-atollic-eabi/lib/armv7e-m/fpu/fpv5-d16/libc_nano.a(lib_a-malloc.o)
                0x00000000080061b8                malloc
 .text.__ascii_mbtowc
                0x00000000080061c8       0x24 /opt/Atollic_TrueSTUDIO_for_STM32_x86_64_9.1.0/ARMTools/bin/../lib/gcc/arm-atollic-eabi/6.3.1/../../../../arm-atollic-eabi/lib/armv7e-m/fpu/fpv5-d16/libc_nano.a(lib_a-mbtowc_r.o)
                0x00000000080061c8                __ascii_mbtowc
 .text.__malloc_lock
                0x00000000080061ec        0x2 /opt/Atollic_TrueSTUDIO_for_STM32_x86_64_9.1.0/ARMTools/bin/../lib/gcc/arm-atollic-eabi/6.3.1/../../../../arm-atollic-eabi/lib/armv7e-m/fpu/fpv5-d16/libc_nano.a(lib_a-mlock.o)
                0x00000000080061ec                __malloc_lock
 .text.__malloc_unlock
                0x00000000080061ee        0x2 /opt/Atollic_TrueSTUDIO_for_STM32_x86_64_9.1.0/ARMTools/bin/../lib/gcc/arm-atollic-eabi/6.3.1/../../../../arm-atollic-eabi/lib/armv7e-m/fpu/fpv5-d16/libc_nano.a(lib_a-mlock.o)
                0x00000000080061ee                __malloc_unlock
 .text._Balloc  0x00000000080061f0       0x68 /opt/Atollic_TrueSTUDIO_for_STM32_x86_64_9.1.0/ARMTools/bin/../lib/gcc/arm-atollic-eabi/6.3.1/../../../../arm-atollic-eabi/lib/armv7e-m/fpu/fpv5-d16/libc_nano.a(lib_a-mprec.o)
                0x00000000080061f0                _Balloc
 .text._Bfree   0x0000000008006258       0x2e /opt/Atollic_TrueSTUDIO_for_STM32_x86_64_9.1.0/ARMTools/bin/../lib/gcc/arm-atollic-eabi/6.3.1/../../../../arm-atollic-eabi/lib/armv7e-m/fpu/fpv5-d16/libc_nano.a(lib_a-mprec.o)
                0x0000000008006258                _Bfree
 .text.__multadd
                0x0000000008006286       0x76 /opt/Atollic_TrueSTUDIO_for_STM32_x86_64_9.1.0/ARMTools/bin/../lib/gcc/arm-atollic-eabi/6.3.1/../../../../arm-atollic-eabi/lib/armv7e-m/fpu/fpv5-d16/libc_nano.a(lib_a-mprec.o)
                0x0000000008006286                __multadd
 .text.__hi0bits
                0x00000000080062fc       0x3e /opt/Atollic_TrueSTUDIO_for_STM32_x86_64_9.1.0/ARMTools/bin/../lib/gcc/arm-atollic-eabi/6.3.1/../../../../arm-atollic-eabi/lib/armv7e-m/fpu/fpv5-d16/libc_nano.a(lib_a-mprec.o)
                0x00000000080062fc                __hi0bits
 .text.__lo0bits
                0x000000000800633a       0x5e /opt/Atollic_TrueSTUDIO_for_STM32_x86_64_9.1.0/ARMTools/bin/../lib/gcc/arm-atollic-eabi/6.3.1/../../../../arm-atollic-eabi/lib/armv7e-m/fpu/fpv5-d16/libc_nano.a(lib_a-mprec.o)
                0x000000000800633a                __lo0bits
 .text.__i2b    0x0000000008006398       0x12 /opt/Atollic_TrueSTUDIO_for_STM32_x86_64_9.1.0/ARMTools/bin/../lib/gcc/arm-atollic-eabi/6.3.1/../../../../arm-atollic-eabi/lib/armv7e-m/fpu/fpv5-d16/libc_nano.a(lib_a-mprec.o)
                0x0000000008006398                __i2b
 .text.__multiply
                0x00000000080063aa      0x11a /opt/Atollic_TrueSTUDIO_for_STM32_x86_64_9.1.0/ARMTools/bin/../lib/gcc/arm-atollic-eabi/6.3.1/../../../../arm-atollic-eabi/lib/armv7e-m/fpu/fpv5-d16/libc_nano.a(lib_a-mprec.o)
                0x00000000080063aa                __multiply
 .text.__pow5mult
                0x00000000080064c4       0x9c /opt/Atollic_TrueSTUDIO_for_STM32_x86_64_9.1.0/ARMTools/bin/../lib/gcc/arm-atollic-eabi/6.3.1/../../../../arm-atollic-eabi/lib/armv7e-m/fpu/fpv5-d16/libc_nano.a(lib_a-mprec.o)
                0x00000000080064c4                __pow5mult
 .text.__lshift
                0x0000000008006560       0xa2 /opt/Atollic_TrueSTUDIO_for_STM32_x86_64_9.1.0/ARMTools/bin/../lib/gcc/arm-atollic-eabi/6.3.1/../../../../arm-atollic-eabi/lib/armv7e-m/fpu/fpv5-d16/libc_nano.a(lib_a-mprec.o)
                0x0000000008006560                __lshift
 .text.__mcmp   0x0000000008006602       0x34 /opt/Atollic_TrueSTUDIO_for_STM32_x86_64_9.1.0/ARMTools/bin/../lib/gcc/arm-atollic-eabi/6.3.1/../../../../arm-atollic-eabi/lib/armv7e-m/fpu/fpv5-d16/libc_nano.a(lib_a-mprec.o)
                0x0000000008006602                __mcmp
 .text.__mdiff  0x0000000008006636       0xbc /opt/Atollic_TrueSTUDIO_for_STM32_x86_64_9.1.0/ARMTools/bin/../lib/gcc/arm-atollic-eabi/6.3.1/../../../../arm-atollic-eabi/lib/armv7e-m/fpu/fpv5-d16/libc_nano.a(lib_a-mprec.o)
                0x0000000008006636                __mdiff
 .text.__d2b    0x00000000080066f2       0x9e /opt/Atollic_TrueSTUDIO_for_STM32_x86_64_9.1.0/ARMTools/bin/../lib/gcc/arm-atollic-eabi/6.3.1/../../../../arm-atollic-eabi/lib/armv7e-m/fpu/fpv5-d16/libc_nano.a(lib_a-mprec.o)
                0x00000000080066f2                __d2b
 .text._calloc_r
                0x0000000008006790       0x1c /opt/Atollic_TrueSTUDIO_for_STM32_x86_64_9.1.0/ARMTools/bin/../lib/gcc/arm-atollic-eabi/6.3.1/../../../../arm-atollic-eabi/lib/armv7e-m/fpu/fpv5-d16/libc_nano.a(lib_a-nano-callocr.o)
                0x0000000008006790                _calloc_r
 .text.__ssputs_r
                0x00000000080067ac       0xb6 /opt/Atollic_TrueSTUDIO_for_STM32_x86_64_9.1.0/ARMTools/bin/../lib/gcc/arm-atollic-eabi/6.3.1/../../../../arm-atollic-eabi/lib/armv7e-m/fpu/fpv5-d16/libc_nano.a(lib_a-nano-svfprintf.o)
                0x00000000080067ac                __ssputs_r
 *fill*         0x0000000008006862        0x2 
 .text._svfprintf_r
                0x0000000008006864      0x1e8 /opt/Atollic_TrueSTUDIO_for_STM32_x86_64_9.1.0/ARMTools/bin/../lib/gcc/arm-atollic-eabi/6.3.1/../../../../arm-atollic-eabi/lib/armv7e-m/fpu/fpv5-d16/libc_nano.a(lib_a-nano-svfprintf.o)
                0x0000000008006864                _svfprintf_r
                0x0000000008006864                _svfiprintf_r
 .text.__sfputc_r
                0x0000000008006a4c       0x30 /opt/Atollic_TrueSTUDIO_for_STM32_x86_64_9.1.0/ARMTools/bin/../lib/gcc/arm-atollic-eabi/6.3.1/../../../../arm-atollic-eabi/lib/armv7e-m/fpu/fpv5-d16/libc_nano.a(lib_a-nano-vfprintf.o)
 .text.__sfputs_r
                0x0000000008006a7c       0x24 /opt/Atollic_TrueSTUDIO_for_STM32_x86_64_9.1.0/ARMTools/bin/../lib/gcc/arm-atollic-eabi/6.3.1/../../../../arm-atollic-eabi/lib/armv7e-m/fpu/fpv5-d16/libc_nano.a(lib_a-nano-vfprintf.o)
                0x0000000008006a7c                __sfputs_r
 .text._vfprintf_r
                0x0000000008006aa0      0x22c /opt/Atollic_TrueSTUDIO_for_STM32_x86_64_9.1.0/ARMTools/bin/../lib/gcc/arm-atollic-eabi/6.3.1/../../../../arm-atollic-eabi/lib/armv7e-m/fpu/fpv5-d16/libc_nano.a(lib_a-nano-vfprintf.o)
                0x0000000008006aa0                _vfiprintf_r
                0x0000000008006aa0                _vfprintf_r
 .text._read_r  0x0000000008006ccc       0x24 /opt/Atollic_TrueSTUDIO_for_STM32_x86_64_9.1.0/ARMTools/bin/../lib/gcc/arm-atollic-eabi/6.3.1/../../../../arm-atollic-eabi/lib/armv7e-m/fpu/fpv5-d16/libc_nano.a(lib_a-readr.o)
                0x0000000008006ccc                _read_r
 .text.__ascii_wctomb
                0x0000000008006cf0       0x1a /opt/Atollic_TrueSTUDIO_for_STM32_x86_64_9.1.0/ARMTools/bin/../lib/gcc/arm-atollic-eabi/6.3.1/../../../../arm-atollic-eabi/lib/armv7e-m/fpu/fpv5-d16/libc_nano.a(lib_a-wctomb_r.o)
                0x0000000008006cf0                __ascii_wctomb
 *fill*         0x0000000008006d0a        0x2 
 .text._fstat_r
                0x0000000008006d0c       0x24 /opt/Atollic_TrueSTUDIO_for_STM32_x86_64_9.1.0/ARMTools/bin/../lib/gcc/arm-atollic-eabi/6.3.1/../../../../arm-atollic-eabi/lib/armv7e-m/fpu/fpv5-d16/libc_nano.a(lib_a-fstatr.o)
                0x0000000008006d0c                _fstat_r
 .text._isatty_r
                0x0000000008006d30       0x20 /opt/Atollic_TrueSTUDIO_for_STM32_x86_64_9.1.0/ARMTools/bin/../lib/gcc/arm-atollic-eabi/6.3.1/../../../../arm-atollic-eabi/lib/armv7e-m/fpu/fpv5-d16/libc_nano.a(lib_a-isattyr.o)
                0x0000000008006d30                _isatty_r
 .text.memmove  0x0000000008006d50       0x34 /opt/Atollic_TrueSTUDIO_for_STM32_x86_64_9.1.0/ARMTools/bin/../lib/gcc/arm-atollic-eabi/6.3.1/../../../../arm-atollic-eabi/lib/armv7e-m/fpu/fpv5-d16/libc_nano.a(lib_a-memmove.o)
                0x0000000008006d50                memmove
 .text._realloc_r
                0x0000000008006d84       0x4c /opt/Atollic_TrueSTUDIO_for_STM32_x86_64_9.1.0/ARMTools/bin/../lib/gcc/arm-atollic-eabi/6.3.1/../../../../arm-atollic-eabi/lib/armv7e-m/fpu/fpv5-d16/libc_nano.a(lib_a-nano-reallocr.o)
                0x0000000008006d84                _realloc_r
 .text._malloc_usable_size_r
                0x0000000008006dd0       0x12 /opt/Atollic_TrueSTUDIO_for_STM32_x86_64_9.1.0/ARMTools/bin/../lib/gcc/arm-atollic-eabi/6.3.1/../../../../arm-atollic-eabi/lib/armv7e-m/fpu/fpv5-d16/libc_nano.a(lib_a-nano-msizer.o)
                0x0000000008006dd0                _malloc_usable_size_r
 *(.glue_7)
 .glue_7        0x0000000008006de2        0x0 linker stubs
 *(.glue_7t)
 .glue_7t       0x0000000008006de2        0x0 linker stubs
 *(.eh_frame)
 *fill*         0x0000000008006de2        0x2 
 .eh_frame      0x0000000008006de4        0x0 /opt/Atollic_TrueSTUDIO_for_STM32_x86_64_9.1.0/ARMTools/bin/../lib/gcc/arm-atollic-eabi/6.3.1/armv7e-m/fpu/fpv5-d16/crtbegin.o
 *(.init)
 .init          0x0000000008006de4        0x4 /opt/Atollic_TrueSTUDIO_for_STM32_x86_64_9.1.0/ARMTools/bin/../lib/gcc/arm-atollic-eabi/6.3.1/armv7e-m/fpu/fpv5-d16/crti.o
                0x0000000008006de4                _init
 .init          0x0000000008006de8        0x8 /opt/Atollic_TrueSTUDIO_for_STM32_x86_64_9.1.0/ARMTools/bin/../lib/gcc/arm-atollic-eabi/6.3.1/armv7e-m/fpu/fpv5-d16/crtn.o
 *(.fini)
 .fini          0x0000000008006df0        0x4 /opt/Atollic_TrueSTUDIO_for_STM32_x86_64_9.1.0/ARMTools/bin/../lib/gcc/arm-atollic-eabi/6.3.1/armv7e-m/fpu/fpv5-d16/crti.o
                0x0000000008006df0                _fini
 .fini          0x0000000008006df4        0x8 /opt/Atollic_TrueSTUDIO_for_STM32_x86_64_9.1.0/ARMTools/bin/../lib/gcc/arm-atollic-eabi/6.3.1/armv7e-m/fpu/fpv5-d16/crtn.o
                0x0000000008006dfc                . = ALIGN (0x4)
                0x0000000008006dfc                _etext = .

.vfp11_veneer   0x0000000008006dfc        0x0
 .vfp11_veneer  0x0000000008006dfc        0x0 linker stubs

.v4_bx          0x0000000008006dfc        0x0
 .v4_bx         0x0000000008006dfc        0x0 linker stubs

.iplt           0x0000000008006dfc        0x0
 .iplt          0x0000000008006dfc        0x0 /opt/Atollic_TrueSTUDIO_for_STM32_x86_64_9.1.0/ARMTools/bin/../lib/gcc/arm-atollic-eabi/6.3.1/armv7e-m/fpu/fpv5-d16/crtbegin.o

.rodata         0x0000000008006e00      0x3e0
                0x0000000008006e00                . = ALIGN (0x4)
 *(.rodata)
 *(.rodata*)
 .rodata.flagBitshiftOffset.10691
                0x0000000008006e00        0x8 Drivers/STM32F7xx_HAL_Driver/Src/stm32f7xx_hal_dma.o
 .rodata.CSWTCH.38
                0x0000000008006e08        0x4 Drivers/STM32F7xx_HAL_Driver/Src/stm32f7xx_hal_uart.o
 .rodata.CSWTCH.39
                0x0000000008006e0c        0xd Drivers/STM32F7xx_HAL_Driver/Src/stm32f7xx_hal_uart.o
 .rodata.MX_CRC_Init.str1.1
                0x0000000008006e19        0xd Src/crc.o
 .rodata.MX_I2C1_Init.str1.1
                0x0000000008006e26        0xd Src/i2c.o
 .rodata.main.str1.1
                0x0000000008006e33       0x46 Src/main.o
 .rodata.MX_RTC_Init.str1.1
                0x0000000008006e79        0xd Src/rtc.o
 .rodata.MX_SPI1_Init.str1.1
                0x0000000008006e86        0xd Src/spi.o
 .rodata.HAL_UART_ErrorCallback.str1.1
                0x0000000008006e93        0xe Src/stm32f7xx_it.o
 .rodata.AHBPrescTable
                0x0000000008006ea1       0x10 Src/system_stm32f7xx.o
                0x0000000008006ea1                AHBPrescTable
 .rodata.APBPrescTable
                0x0000000008006eb1        0x8 Src/system_stm32f7xx.o
                0x0000000008006eb1                APBPrescTable
 .rodata.MX_TIM2_Init.str1.1
                0x0000000008006eb9        0xd Src/tim.o
 .rodata.MX_UART5_Init.str1.1
                0x0000000008006ec6        0xf Src/usart.o
 .rodata.ssi_update.str1.1
                0x0000000008006ed5       0x45 Src/wifi_ssi.o
 *fill*         0x0000000008006f1a        0x2 
 .rodata.__sf_fake_stderr
                0x0000000008006f1c       0x20 /opt/Atollic_TrueSTUDIO_for_STM32_x86_64_9.1.0/ARMTools/bin/../lib/gcc/arm-atollic-eabi/6.3.1/../../../../arm-atollic-eabi/lib/armv7e-m/fpu/fpv5-d16/libc_nano.a(lib_a-findfp.o)
                0x0000000008006f1c                __sf_fake_stderr
 .rodata.__sf_fake_stdin
                0x0000000008006f3c       0x20 /opt/Atollic_TrueSTUDIO_for_STM32_x86_64_9.1.0/ARMTools/bin/../lib/gcc/arm-atollic-eabi/6.3.1/../../../../arm-atollic-eabi/lib/armv7e-m/fpu/fpv5-d16/libc_nano.a(lib_a-findfp.o)
                0x0000000008006f3c                __sf_fake_stdin
 .rodata.__sf_fake_stdout
                0x0000000008006f5c       0x20 /opt/Atollic_TrueSTUDIO_for_STM32_x86_64_9.1.0/ARMTools/bin/../lib/gcc/arm-atollic-eabi/6.3.1/../../../../arm-atollic-eabi/lib/armv7e-m/fpu/fpv5-d16/libc_nano.a(lib_a-findfp.o)
                0x0000000008006f5c                __sf_fake_stdout
 .rodata._global_impure_ptr
                0x0000000008006f7c        0x4 /opt/Atollic_TrueSTUDIO_for_STM32_x86_64_9.1.0/ARMTools/bin/../lib/gcc/arm-atollic-eabi/6.3.1/../../../../arm-atollic-eabi/lib/armv7e-m/fpu/fpv5-d16/libc_nano.a(lib_a-impure.o)
                0x0000000008006f7c                _global_impure_ptr
 .rodata._printf_float.str1.1
                0x0000000008006f80       0x12 /opt/Atollic_TrueSTUDIO_for_STM32_x86_64_9.1.0/ARMTools/bin/../lib/gcc/arm-atollic-eabi/6.3.1/../../../../arm-atollic-eabi/lib/armv7e-m/fpu/fpv5-d16/libc_nano.a(lib_a-nano-vfprintf_float.o)
 .rodata._printf_i.str1.1
                0x0000000008006f92       0x22 /opt/Atollic_TrueSTUDIO_for_STM32_x86_64_9.1.0/ARMTools/bin/../lib/gcc/arm-atollic-eabi/6.3.1/../../../../arm-atollic-eabi/lib/armv7e-m/fpu/fpv5-d16/libc_nano.a(lib_a-nano-vfprintf_i.o)
 .rodata._dtoa_r.str1.1
                0x0000000008006fb4        0xd /opt/Atollic_TrueSTUDIO_for_STM32_x86_64_9.1.0/ARMTools/bin/../lib/gcc/arm-atollic-eabi/6.3.1/../../../../arm-atollic-eabi/lib/armv7e-m/fpu/fpv5-d16/libc_nano.a(lib_a-dtoa.o)
                                          0xf (size before relaxing)
 .rodata._setlocale_r.str1.1
                0x0000000008006fc1        0x8 /opt/Atollic_TrueSTUDIO_for_STM32_x86_64_9.1.0/ARMTools/bin/../lib/gcc/arm-atollic-eabi/6.3.1/../../../../arm-atollic-eabi/lib/armv7e-m/fpu/fpv5-d16/libc_nano.a(lib_a-locale.o)
                                          0x9 (size before relaxing)
 .rodata.str1.1
                0x0000000008006fc9        0x2 /opt/Atollic_TrueSTUDIO_for_STM32_x86_64_9.1.0/ARMTools/bin/../lib/gcc/arm-atollic-eabi/6.3.1/../../../../arm-atollic-eabi/lib/armv7e-m/fpu/fpv5-d16/libc_nano.a(lib_a-locale.o)
 *fill*         0x0000000008006fcb        0x5 
 .rodata.__mprec_bigtens
                0x0000000008006fd0       0x28 /opt/Atollic_TrueSTUDIO_for_STM32_x86_64_9.1.0/ARMTools/bin/../lib/gcc/arm-atollic-eabi/6.3.1/../../../../arm-atollic-eabi/lib/armv7e-m/fpu/fpv5-d16/libc_nano.a(lib_a-mprec.o)
                0x0000000008006fd0                __mprec_bigtens
 .rodata.__mprec_tens
                0x0000000008006ff8       0xc8 /opt/Atollic_TrueSTUDIO_for_STM32_x86_64_9.1.0/ARMTools/bin/../lib/gcc/arm-atollic-eabi/6.3.1/../../../../arm-atollic-eabi/lib/armv7e-m/fpu/fpv5-d16/libc_nano.a(lib_a-mprec.o)
                0x0000000008006ff8                __mprec_tens
 .rodata.p05.7175
                0x00000000080070c0        0xc /opt/Atollic_TrueSTUDIO_for_STM32_x86_64_9.1.0/ARMTools/bin/../lib/gcc/arm-atollic-eabi/6.3.1/../../../../arm-atollic-eabi/lib/armv7e-m/fpu/fpv5-d16/libc_nano.a(lib_a-mprec.o)
 .rodata._svfprintf_r.str1.1
                0x00000000080070cc       0x11 /opt/Atollic_TrueSTUDIO_for_STM32_x86_64_9.1.0/ARMTools/bin/../lib/gcc/arm-atollic-eabi/6.3.1/../../../../arm-atollic-eabi/lib/armv7e-m/fpu/fpv5-d16/libc_nano.a(lib_a-nano-svfprintf.o)
 .rodata._vfprintf_r.str1.1
                0x00000000080070dd       0x11 /opt/Atollic_TrueSTUDIO_for_STM32_x86_64_9.1.0/ARMTools/bin/../lib/gcc/arm-atollic-eabi/6.3.1/../../../../arm-atollic-eabi/lib/armv7e-m/fpu/fpv5-d16/libc_nano.a(lib_a-nano-vfprintf.o)
 .rodata._ctype_
                0x00000000080070dd      0x101 /opt/Atollic_TrueSTUDIO_for_STM32_x86_64_9.1.0/ARMTools/bin/../lib/gcc/arm-atollic-eabi/6.3.1/../../../../arm-atollic-eabi/lib/armv7e-m/fpu/fpv5-d16/libc_nano.a(lib_a-ctype_.o)
                0x00000000080070dd                _ctype_
                0x00000000080071e0                . = ALIGN (0x4)
 *fill*         0x00000000080071de        0x2 

.ARM.extab
 *(.ARM.extab* .gnu.linkonce.armextab.*)

.ARM            0x00000000080071e0        0x8
                0x00000000080071e0                __exidx_start = .
 *(.ARM.exidx*)
 .ARM.exidx     0x00000000080071e0        0x8 /opt/Atollic_TrueSTUDIO_for_STM32_x86_64_9.1.0/ARMTools/bin/../lib/gcc/arm-atollic-eabi/6.3.1/armv7e-m/fpu/fpv5-d16/libgcc.a(_udivmoddi4.o)
                0x00000000080071e8                __exidx_end = .

.rel.dyn        0x00000000080071e8        0x0
 .rel.iplt      0x00000000080071e8        0x0 /opt/Atollic_TrueSTUDIO_for_STM32_x86_64_9.1.0/ARMTools/bin/../lib/gcc/arm-atollic-eabi/6.3.1/armv7e-m/fpu/fpv5-d16/crtbegin.o

.preinit_array  0x00000000080071e8        0x0
                0x00000000080071e8                PROVIDE (__preinit_array_start, .)
 *(.preinit_array*)
                0x00000000080071e8                PROVIDE (__preinit_array_end, .)

.init_array     0x00000000080071e8        0x4
                0x00000000080071e8                PROVIDE (__init_array_start, .)
 *(SORT(.init_array.*))
 *(.init_array*)
 .init_array    0x00000000080071e8        0x4 /opt/Atollic_TrueSTUDIO_for_STM32_x86_64_9.1.0/ARMTools/bin/../lib/gcc/arm-atollic-eabi/6.3.1/armv7e-m/fpu/fpv5-d16/crtbegin.o
                0x00000000080071ec                PROVIDE (__init_array_end, .)

.fini_array     0x00000000080071ec        0x4
                [!provide]                        PROVIDE (__fini_array_start, .)
 *(SORT(.fini_array.*))
 *(.fini_array*)
 .fini_array    0x00000000080071ec        0x4 /opt/Atollic_TrueSTUDIO_for_STM32_x86_64_9.1.0/ARMTools/bin/../lib/gcc/arm-atollic-eabi/6.3.1/armv7e-m/fpu/fpv5-d16/crtbegin.o
                [!provide]                        PROVIDE (__fini_array_end, .)
                0x00000000080071f0                _sidata = LOADADDR (.data)

.data           0x0000000020000000      0x1dc load address 0x00000000080071f0
                0x0000000020000000                . = ALIGN (0x4)
                0x0000000020000000                _sdata = .
 *(.data)
 *(.data*)
 .data.uwTickFreq
                0x0000000020000000        0x1 Drivers/STM32F7xx_HAL_Driver/Src/stm32f7xx_hal.o
                0x0000000020000000                uwTickFreq
 *fill*         0x0000000020000001        0x3 
 .data.uwTickPrio
                0x0000000020000004        0x4 Drivers/STM32F7xx_HAL_Driver/Src/stm32f7xx_hal.o
                0x0000000020000004                uwTickPrio
 .data.SystemCoreClock
                0x0000000020000008        0x4 Src/system_stm32f7xx.o
                0x0000000020000008                SystemCoreClock
 .data._impure_ptr
                0x000000002000000c        0x4 /opt/Atollic_TrueSTUDIO_for_STM32_x86_64_9.1.0/ARMTools/bin/../lib/gcc/arm-atollic-eabi/6.3.1/../../../../arm-atollic-eabi/lib/armv7e-m/fpu/fpv5-d16/libc_nano.a(lib_a-impure.o)
                0x000000002000000c                _impure_ptr
 .data.impure_data
                0x0000000020000010       0x60 /opt/Atollic_TrueSTUDIO_for_STM32_x86_64_9.1.0/ARMTools/bin/../lib/gcc/arm-atollic-eabi/6.3.1/../../../../arm-atollic-eabi/lib/armv7e-m/fpu/fpv5-d16/libc_nano.a(lib_a-impure.o)
 .data.__global_locale
                0x0000000020000070      0x16c /opt/Atollic_TrueSTUDIO_for_STM32_x86_64_9.1.0/ARMTools/bin/../lib/gcc/arm-atollic-eabi/6.3.1/../../../../arm-atollic-eabi/lib/armv7e-m/fpu/fpv5-d16/libc_nano.a(lib_a-locale.o)
                0x0000000020000070                __global_locale
                0x00000000200001dc                . = ALIGN (0x4)
                0x00000000200001dc                _edata = .

.igot.plt       0x00000000200001dc        0x0 load address 0x00000000080073cc
 .igot.plt      0x00000000200001dc        0x0 /opt/Atollic_TrueSTUDIO_for_STM32_x86_64_9.1.0/ARMTools/bin/../lib/gcc/arm-atollic-eabi/6.3.1/armv7e-m/fpu/fpv5-d16/crtbegin.o
                0x00000000200001dc                . = ALIGN (0x4)

.bss            0x00000000200001dc     0x1760 load address 0x00000000080073cc
                0x00000000200001dc                _sbss = .
                0x00000000200001dc                __bss_start__ = _sbss
 *(.bss)
 .bss           0x00000000200001dc       0x1c /opt/Atollic_TrueSTUDIO_for_STM32_x86_64_9.1.0/ARMTools/bin/../lib/gcc/arm-atollic-eabi/6.3.1/armv7e-m/fpu/fpv5-d16/crtbegin.o
 *(.bss*)
 .bss.heap_end.7010
                0x00000000200001f8        0x4 Src/syscalls.o
 .bss.__malloc_free_list
                0x00000000200001fc        0x4 /opt/Atollic_TrueSTUDIO_for_STM32_x86_64_9.1.0/ARMTools/bin/../lib/gcc/arm-atollic-eabi/6.3.1/../../../../arm-atollic-eabi/lib/armv7e-m/fpu/fpv5-d16/libc_nano.a(lib_a-nano-mallocr.o)
                0x00000000200001fc                __malloc_free_list
 .bss.__malloc_sbrk_start
                0x0000000020000200        0x4 /opt/Atollic_TrueSTUDIO_for_STM32_x86_64_9.1.0/ARMTools/bin/../lib/gcc/arm-atollic-eabi/6.3.1/../../../../arm-atollic-eabi/lib/armv7e-m/fpu/fpv5-d16/libc_nano.a(lib_a-nano-mallocr.o)
                0x0000000020000200                __malloc_sbrk_start
 *(COMMON)
 COMMON         0x0000000020000204       0x70 Drivers/BSP/X-NUCLEO-IDW0xx1/stm32_spwf_wifi.o
                0x0000000020000204                huart6
 COMMON         0x0000000020000274        0x4 Drivers/STM32F7xx_HAL_Driver/Src/stm32f7xx_hal.o
                0x0000000020000274                uwTick
 COMMON         0x0000000020000278      0xf64 Middlewares/ST/STM32_SPWF0xSy/Utils/wifi_globals.o
                0x0000000020000278                client_connected_on_server_socket
                0x0000000020000288                IO_status_flag
                0x00000000200002a0                UartMsgHandle
                0x00000000200002a4                wifi_scanned_list
                0x00000000200002a8                UserDataBuff
                0x00000000200004a8                UartWiFiHandle
                0x0000000020000518                packet_payload_data_available
                0x0000000020000519                WiFi_Control_Variables
                0x0000000020000524                WiFi_Counter_Variables
                0x0000000020000620                WiFi_SPI_Packet
                0x00000000200006a0                open_sockets
                0x00000000200006a8                PushTimHandle
                0x00000000200006e8                open_web_socket
                0x00000000200006ec                SpiHandle
                0x0000000020000750                dma_buffer
                0x0000000020000752                element
                0x000000002000075a                Client_Socket_Close_Callback
                0x0000000020000764                WiFi_Config_Variables
                0x0000000020000798                WiFi_AT_Cmd_Buff
                0x0000000020000f98                pop_buffer
                0x0000000020001198                open_server_sockets
                0x000000002000119c                TimHandle
 COMMON         0x00000000200011dc       0x84 Middlewares/ST/STM32_SPWF0xSy/wifi_interface.o
                0x00000000200011dc                huart3
                0x000000002000124c                WAKEUP_InitStruct
 COMMON         0x0000000020001260      0x288 Middlewares/ST/STM32_SPWF0xSy/wifi_module.o
                0x0000000020001260                hdma_usart6_rx
                0x00000000200012c0                DMA_UART_RX
                0x0000000020001320                hdma_usart3_rx
                0x0000000020001380                hdma_usart3_tx
                0x00000000200013e0                DMA_WIFI_UART
                0x0000000020001440                hdma_usart6_tx
                0x00000000200014a0                console_send_char
                0x00000000200014a4                wifi_instances
 COMMON         0x00000000200014e8       0x24 Src/crc.o
                0x00000000200014e8                hcrc
 COMMON         0x000000002000150c       0x98 Src/i2c.o
                0x000000002000150c                hi2c1
                0x0000000020001558                hi2c2
 COMMON         0x00000000200015a4       0x20 Src/rtc.o
                0x00000000200015a4                hrtc
 COMMON         0x00000000200015c4       0x64 Src/spi.o
                0x00000000200015c4                hspi1
 COMMON         0x0000000020001628      0x100 Src/tim.o
                0x0000000020001628                htim4
                0x0000000020001668                htim3
                0x00000000200016a8                htim1
                0x00000000200016e8                htim2
 COMMON         0x0000000020001728      0x210 Src/usart.o
                0x0000000020001728                hdma_usart2_rx
                0x0000000020001788                huart7
                0x00000000200017f8                huart5
                0x0000000020001868                hdma_usart2_tx
                0x00000000200018c8                huart2
 COMMON         0x0000000020001938        0x4 /opt/Atollic_TrueSTUDIO_for_STM32_x86_64_9.1.0/ARMTools/bin/../lib/gcc/arm-atollic-eabi/6.3.1/../../../../arm-atollic-eabi/lib/armv7e-m/fpu/fpv5-d16/libc_nano.a(lib_a-reent.o)
                0x0000000020001938                errno
                0x000000002000193c                . = ALIGN (0x4)
                0x000000002000193c                _ebss = .
                0x000000002000193c                __bss_end__ = _ebss

._user_heap_stack
                0x000000002000193c      0x600 load address 0x00000000080073cc
                0x000000002000193c                . = ALIGN (0x4)
                0x000000002000193c                PROVIDE (end, .)
                [!provide]                        PROVIDE (_end, .)
                0x0000000020001b3c                . = (. + _Min_Heap_Size)
 *fill*         0x000000002000193c      0x200 
                0x0000000020001f3c                . = (. + _Min_Stack_Size)
 *fill*         0x0000000020001b3c      0x400 
                0x0000000020001f3c                . = ALIGN (0x4)

/DISCARD/
 libc.a(*)
 libm.a(*)
 libgcc.a(*)

.ARM.attributes
                0x0000000000000000       0x2e
 *(.ARM.attributes)
 .ARM.attributes
                0x0000000000000000       0x20 /opt/Atollic_TrueSTUDIO_for_STM32_x86_64_9.1.0/ARMTools/bin/../lib/gcc/arm-atollic-eabi/6.3.1/armv7e-m/fpu/fpv5-d16/crti.o
 .ARM.attributes
                0x0000000000000020       0x32 /opt/Atollic_TrueSTUDIO_for_STM32_x86_64_9.1.0/ARMTools/bin/../lib/gcc/arm-atollic-eabi/6.3.1/armv7e-m/fpu/fpv5-d16/crtbegin.o
 .ARM.attributes
                0x0000000000000052       0x37 Drivers/BSP/X-NUCLEO-IDW0xx1/stm32_spwf_wifi.o
 .ARM.attributes
                0x0000000000000089       0x37 Drivers/STM32F7xx_HAL_Driver/Src/stm32f7xx_hal.o
 .ARM.attributes
                0x00000000000000c0       0x37 Drivers/STM32F7xx_HAL_Driver/Src/stm32f7xx_hal_cortex.o
 .ARM.attributes
                0x00000000000000f7       0x37 Drivers/STM32F7xx_HAL_Driver/Src/stm32f7xx_hal_crc.o
 .ARM.attributes
                0x000000000000012e       0x37 Drivers/STM32F7xx_HAL_Driver/Src/stm32f7xx_hal_crc_ex.o
 .ARM.attributes
                0x0000000000000165       0x37 Drivers/STM32F7xx_HAL_Driver/Src/stm32f7xx_hal_dma.o
 .ARM.attributes
                0x000000000000019c       0x37 Drivers/STM32F7xx_HAL_Driver/Src/stm32f7xx_hal_gpio.o
 .ARM.attributes
                0x00000000000001d3       0x37 Drivers/STM32F7xx_HAL_Driver/Src/stm32f7xx_hal_i2c.o
 .ARM.attributes
                0x000000000000020a       0x37 Drivers/STM32F7xx_HAL_Driver/Src/stm32f7xx_hal_i2c_ex.o
 .ARM.attributes
                0x0000000000000241       0x37 Drivers/STM32F7xx_HAL_Driver/Src/stm32f7xx_hal_pwr_ex.o
 .ARM.attributes
                0x0000000000000278       0x37 Drivers/STM32F7xx_HAL_Driver/Src/stm32f7xx_hal_rcc.o
 .ARM.attributes
                0x00000000000002af       0x37 Drivers/STM32F7xx_HAL_Driver/Src/stm32f7xx_hal_rcc_ex.o
 .ARM.attributes
                0x00000000000002e6       0x37 Drivers/STM32F7xx_HAL_Driver/Src/stm32f7xx_hal_rtc.o
 .ARM.attributes
                0x000000000000031d       0x37 Drivers/STM32F7xx_HAL_Driver/Src/stm32f7xx_hal_spi.o
 .ARM.attributes
                0x0000000000000354       0x37 Drivers/STM32F7xx_HAL_Driver/Src/stm32f7xx_hal_tim.o
 .ARM.attributes
                0x000000000000038b       0x37 Drivers/STM32F7xx_HAL_Driver/Src/stm32f7xx_hal_tim_ex.o
 .ARM.attributes
                0x00000000000003c2       0x37 Drivers/STM32F7xx_HAL_Driver/Src/stm32f7xx_hal_uart.o
 .ARM.attributes
                0x00000000000003f9       0x37 Middlewares/ST/STM32_SPWF0xSy/Utils/wifi_globals.o
 .ARM.attributes
                0x0000000000000430       0x37 Middlewares/ST/STM32_SPWF0xSy/wifi_interface.o
 .ARM.attributes
                0x0000000000000467       0x37 Middlewares/ST/STM32_SPWF0xSy/wifi_module.o
 .ARM.attributes
                0x000000000000049e       0x37 Src/console.o
 .ARM.attributes
                0x00000000000004d5       0x37 Src/crc.o
 .ARM.attributes
                0x000000000000050c       0x37 Src/dma.o
 .ARM.attributes
                0x0000000000000543       0x37 Src/gpio.o
 .ARM.attributes
                0x000000000000057a       0x37 Src/i2c.o
 .ARM.attributes
                0x00000000000005b1       0x37 Src/main.o
 .ARM.attributes
                0x00000000000005e8       0x37 Src/rtc.o
 .ARM.attributes
                0x000000000000061f       0x37 Src/spi.o
 .ARM.attributes
                0x0000000000000656       0x37 Src/stm32f7xx_hal_msp.o
 .ARM.attributes
                0x000000000000068d       0x37 Src/stm32f7xx_it.o
 .ARM.attributes
                0x00000000000006c4       0x37 Src/syscalls.o
 .ARM.attributes
                0x00000000000006fb       0x37 Src/system_stm32f7xx.o
 .ARM.attributes
                0x0000000000000732       0x37 Src/tim.o
 .ARM.attributes
                0x0000000000000769       0x37 Src/usart.o
 .ARM.attributes
                0x00000000000007a0       0x37 Src/wifi_ssi.o
 .ARM.attributes
                0x00000000000007d7       0x21 startup/startup_stm32f767xx.o
 .ARM.attributes
                0x00000000000007f8       0x32 /opt/Atollic_TrueSTUDIO_for_STM32_x86_64_9.1.0/ARMTools/bin/../lib/gcc/arm-atollic-eabi/6.3.1/../../../../arm-atollic-eabi/lib/armv7e-m/fpu/fpv5-d16/libc_nano.a(lib_a-errno.o)
 .ARM.attributes
                0x000000000000082a       0x32 /opt/Atollic_TrueSTUDIO_for_STM32_x86_64_9.1.0/ARMTools/bin/../lib/gcc/arm-atollic-eabi/6.3.1/../../../../arm-atollic-eabi/lib/armv7e-m/fpu/fpv5-d16/libc_nano.a(lib_a-fflush.o)
 .ARM.attributes
                0x000000000000085c       0x32 /opt/Atollic_TrueSTUDIO_for_STM32_x86_64_9.1.0/ARMTools/bin/../lib/gcc/arm-atollic-eabi/6.3.1/../../../../arm-atollic-eabi/lib/armv7e-m/fpu/fpv5-d16/libc_nano.a(lib_a-findfp.o)
 .ARM.attributes
                0x000000000000088e       0x32 /opt/Atollic_TrueSTUDIO_for_STM32_x86_64_9.1.0/ARMTools/bin/../lib/gcc/arm-atollic-eabi/6.3.1/../../../../arm-atollic-eabi/lib/armv7e-m/fpu/fpv5-d16/libc_nano.a(lib_a-fwalk.o)
 .ARM.attributes
                0x00000000000008c0       0x32 /opt/Atollic_TrueSTUDIO_for_STM32_x86_64_9.1.0/ARMTools/bin/../lib/gcc/arm-atollic-eabi/6.3.1/../../../../arm-atollic-eabi/lib/armv7e-m/fpu/fpv5-d16/libc_nano.a(lib_a-impure.o)
 .ARM.attributes
                0x00000000000008f2       0x32 /opt/Atollic_TrueSTUDIO_for_STM32_x86_64_9.1.0/ARMTools/bin/../lib/gcc/arm-atollic-eabi/6.3.1/../../../../arm-atollic-eabi/lib/armv7e-m/fpu/fpv5-d16/libc_nano.a(lib_a-init.o)
 .ARM.attributes
                0x0000000000000924       0x1e /opt/Atollic_TrueSTUDIO_for_STM32_x86_64_9.1.0/ARMTools/bin/../lib/gcc/arm-atollic-eabi/6.3.1/../../../../arm-atollic-eabi/lib/armv7e-m/fpu/fpv5-d16/libc_nano.a(lib_a-memchr.o)
 .ARM.attributes
                0x0000000000000942       0x32 /opt/Atollic_TrueSTUDIO_for_STM32_x86_64_9.1.0/ARMTools/bin/../lib/gcc/arm-atollic-eabi/6.3.1/../../../../arm-atollic-eabi/lib/armv7e-m/fpu/fpv5-d16/libc_nano.a(lib_a-memcpy-stub.o)
 .ARM.attributes
                0x0000000000000974       0x32 /opt/Atollic_TrueSTUDIO_for_STM32_x86_64_9.1.0/ARMTools/bin/../lib/gcc/arm-atollic-eabi/6.3.1/../../../../arm-atollic-eabi/lib/armv7e-m/fpu/fpv5-d16/libc_nano.a(lib_a-memset.o)
 .ARM.attributes
                0x00000000000009a6       0x32 /opt/Atollic_TrueSTUDIO_for_STM32_x86_64_9.1.0/ARMTools/bin/../lib/gcc/arm-atollic-eabi/6.3.1/../../../../arm-atollic-eabi/lib/armv7e-m/fpu/fpv5-d16/libc_nano.a(lib_a-nano-freer.o)
 .ARM.attributes
                0x00000000000009d8       0x32 /opt/Atollic_TrueSTUDIO_for_STM32_x86_64_9.1.0/ARMTools/bin/../lib/gcc/arm-atollic-eabi/6.3.1/../../../../arm-atollic-eabi/lib/armv7e-m/fpu/fpv5-d16/libc_nano.a(lib_a-nano-mallocr.o)
 .ARM.attributes
                0x0000000000000a0a       0x32 /opt/Atollic_TrueSTUDIO_for_STM32_x86_64_9.1.0/ARMTools/bin/../lib/gcc/arm-atollic-eabi/6.3.1/../../../../arm-atollic-eabi/lib/armv7e-m/fpu/fpv5-d16/libc_nano.a(lib_a-nano-vfprintf_float.o)
 .ARM.attributes
                0x0000000000000a3c       0x32 /opt/Atollic_TrueSTUDIO_for_STM32_x86_64_9.1.0/ARMTools/bin/../lib/gcc/arm-atollic-eabi/6.3.1/../../../../arm-atollic-eabi/lib/armv7e-m/fpu/fpv5-d16/libc_nano.a(lib_a-nano-vfprintf_i.o)
 .ARM.attributes
                0x0000000000000a6e       0x32 /opt/Atollic_TrueSTUDIO_for_STM32_x86_64_9.1.0/ARMTools/bin/../lib/gcc/arm-atollic-eabi/6.3.1/../../../../arm-atollic-eabi/lib/armv7e-m/fpu/fpv5-d16/libc_nano.a(lib_a-printf.o)
 .ARM.attributes
                0x0000000000000aa0       0x32 /opt/Atollic_TrueSTUDIO_for_STM32_x86_64_9.1.0/ARMTools/bin/../lib/gcc/arm-atollic-eabi/6.3.1/../../../../arm-atollic-eabi/lib/armv7e-m/fpu/fpv5-d16/libc_nano.a(lib_a-puts.o)
 .ARM.attributes
                0x0000000000000ad2       0x32 /opt/Atollic_TrueSTUDIO_for_STM32_x86_64_9.1.0/ARMTools/bin/../lib/gcc/arm-atollic-eabi/6.3.1/../../../../arm-atollic-eabi/lib/armv7e-m/fpu/fpv5-d16/libc_nano.a(lib_a-sbrkr.o)
 .ARM.attributes
                0x0000000000000b04       0x32 /opt/Atollic_TrueSTUDIO_for_STM32_x86_64_9.1.0/ARMTools/bin/../lib/gcc/arm-atollic-eabi/6.3.1/../../../../arm-atollic-eabi/lib/armv7e-m/fpu/fpv5-d16/libc_nano.a(lib_a-setvbuf.o)
 .ARM.attributes
                0x0000000000000b36       0x32 /opt/Atollic_TrueSTUDIO_for_STM32_x86_64_9.1.0/ARMTools/bin/../lib/gcc/arm-atollic-eabi/6.3.1/../../../../arm-atollic-eabi/lib/armv7e-m/fpu/fpv5-d16/libc_nano.a(lib_a-sprintf.o)
 .ARM.attributes
                0x0000000000000b68       0x32 /opt/Atollic_TrueSTUDIO_for_STM32_x86_64_9.1.0/ARMTools/bin/../lib/gcc/arm-atollic-eabi/6.3.1/../../../../arm-atollic-eabi/lib/armv7e-m/fpu/fpv5-d16/libc_nano.a(lib_a-stdio.o)
 .ARM.attributes
                0x0000000000000b9a       0x32 /opt/Atollic_TrueSTUDIO_for_STM32_x86_64_9.1.0/ARMTools/bin/../lib/gcc/arm-atollic-eabi/6.3.1/../../../../arm-atollic-eabi/lib/armv7e-m/fpu/fpv5-d16/libc_nano.a(lib_a-strcpy.o)
 .ARM.attributes
                0x0000000000000bcc       0x19 /opt/Atollic_TrueSTUDIO_for_STM32_x86_64_9.1.0/ARMTools/bin/../lib/gcc/arm-atollic-eabi/6.3.1/../../../../arm-atollic-eabi/lib/armv7e-m/fpu/fpv5-d16/libc_nano.a(lib_a-strlen.o)
 .ARM.attributes
                0x0000000000000be5       0x32 /opt/Atollic_TrueSTUDIO_for_STM32_x86_64_9.1.0/ARMTools/bin/../lib/gcc/arm-atollic-eabi/6.3.1/../../../../arm-atollic-eabi/lib/armv7e-m/fpu/fpv5-d16/libc_nano.a(lib_a-wbuf.o)
 .ARM.attributes
                0x0000000000000c17       0x32 /opt/Atollic_TrueSTUDIO_for_STM32_x86_64_9.1.0/ARMTools/bin/../lib/gcc/arm-atollic-eabi/6.3.1/../../../../arm-atollic-eabi/lib/armv7e-m/fpu/fpv5-d16/libc_nano.a(lib_a-writer.o)
 .ARM.attributes
                0x0000000000000c49       0x32 /opt/Atollic_TrueSTUDIO_for_STM32_x86_64_9.1.0/ARMTools/bin/../lib/gcc/arm-atollic-eabi/6.3.1/../../../../arm-atollic-eabi/lib/armv7e-m/fpu/fpv5-d16/libc_nano.a(lib_a-wsetup.o)
 .ARM.attributes
                0x0000000000000c7b       0x32 /opt/Atollic_TrueSTUDIO_for_STM32_x86_64_9.1.0/ARMTools/bin/../lib/gcc/arm-atollic-eabi/6.3.1/../../../../arm-atollic-eabi/lib/armv7e-m/fpu/fpv5-d16/libc_nano.a(lib_a-closer.o)
 .ARM.attributes
                0x0000000000000cad       0x32 /opt/Atollic_TrueSTUDIO_for_STM32_x86_64_9.1.0/ARMTools/bin/../lib/gcc/arm-atollic-eabi/6.3.1/../../../../arm-atollic-eabi/lib/armv7e-m/fpu/fpv5-d16/libc_nano.a(lib_a-dtoa.o)
 .ARM.attributes
                0x0000000000000cdf       0x32 /opt/Atollic_TrueSTUDIO_for_STM32_x86_64_9.1.0/ARMTools/bin/../lib/gcc/arm-atollic-eabi/6.3.1/../../../../arm-atollic-eabi/lib/armv7e-m/fpu/fpv5-d16/libc_nano.a(lib_a-locale.o)
 .ARM.attributes
                0x0000000000000d11       0x32 /opt/Atollic_TrueSTUDIO_for_STM32_x86_64_9.1.0/ARMTools/bin/../lib/gcc/arm-atollic-eabi/6.3.1/../../../../arm-atollic-eabi/lib/armv7e-m/fpu/fpv5-d16/libc_nano.a(lib_a-localeconv.o)
 .ARM.attributes
                0x0000000000000d43       0x32 /opt/Atollic_TrueSTUDIO_for_STM32_x86_64_9.1.0/ARMTools/bin/../lib/gcc/arm-atollic-eabi/6.3.1/../../../../arm-atollic-eabi/lib/armv7e-m/fpu/fpv5-d16/libc_nano.a(lib_a-lseekr.o)
 .ARM.attributes
                0x0000000000000d75       0x32 /opt/Atollic_TrueSTUDIO_for_STM32_x86_64_9.1.0/ARMTools/bin/../lib/gcc/arm-atollic-eabi/6.3.1/../../../../arm-atollic-eabi/lib/armv7e-m/fpu/fpv5-d16/libc_nano.a(lib_a-makebuf.o)
 .ARM.attributes
                0x0000000000000da7       0x32 /opt/Atollic_TrueSTUDIO_for_STM32_x86_64_9.1.0/ARMTools/bin/../lib/gcc/arm-atollic-eabi/6.3.1/../../../../arm-atollic-eabi/lib/armv7e-m/fpu/fpv5-d16/libc_nano.a(lib_a-malloc.o)
 .ARM.attributes
                0x0000000000000dd9       0x32 /opt/Atollic_TrueSTUDIO_for_STM32_x86_64_9.1.0/ARMTools/bin/../lib/gcc/arm-atollic-eabi/6.3.1/../../../../arm-atollic-eabi/lib/armv7e-m/fpu/fpv5-d16/libc_nano.a(lib_a-mbtowc_r.o)
 .ARM.attributes
                0x0000000000000e0b       0x32 /opt/Atollic_TrueSTUDIO_for_STM32_x86_64_9.1.0/ARMTools/bin/../lib/gcc/arm-atollic-eabi/6.3.1/../../../../arm-atollic-eabi/lib/armv7e-m/fpu/fpv5-d16/libc_nano.a(lib_a-mlock.o)
 .ARM.attributes
                0x0000000000000e3d       0x32 /opt/Atollic_TrueSTUDIO_for_STM32_x86_64_9.1.0/ARMTools/bin/../lib/gcc/arm-atollic-eabi/6.3.1/../../../../arm-atollic-eabi/lib/armv7e-m/fpu/fpv5-d16/libc_nano.a(lib_a-mprec.o)
 .ARM.attributes
                0x0000000000000e6f       0x32 /opt/Atollic_TrueSTUDIO_for_STM32_x86_64_9.1.0/ARMTools/bin/../lib/gcc/arm-atollic-eabi/6.3.1/../../../../arm-atollic-eabi/lib/armv7e-m/fpu/fpv5-d16/libc_nano.a(lib_a-nano-callocr.o)
 .ARM.attributes
                0x0000000000000ea1       0x32 /opt/Atollic_TrueSTUDIO_for_STM32_x86_64_9.1.0/ARMTools/bin/../lib/gcc/arm-atollic-eabi/6.3.1/../../../../arm-atollic-eabi/lib/armv7e-m/fpu/fpv5-d16/libc_nano.a(lib_a-nano-svfprintf.o)
 .ARM.attributes
                0x0000000000000ed3       0x32 /opt/Atollic_TrueSTUDIO_for_STM32_x86_64_9.1.0/ARMTools/bin/../lib/gcc/arm-atollic-eabi/6.3.1/../../../../arm-atollic-eabi/lib/armv7e-m/fpu/fpv5-d16/libc_nano.a(lib_a-nano-vfprintf.o)
 .ARM.attributes
                0x0000000000000f05       0x32 /opt/Atollic_TrueSTUDIO_for_STM32_x86_64_9.1.0/ARMTools/bin/../lib/gcc/arm-atollic-eabi/6.3.1/../../../../arm-atollic-eabi/lib/armv7e-m/fpu/fpv5-d16/libc_nano.a(lib_a-readr.o)
 .ARM.attributes
                0x0000000000000f37       0x32 /opt/Atollic_TrueSTUDIO_for_STM32_x86_64_9.1.0/ARMTools/bin/../lib/gcc/arm-atollic-eabi/6.3.1/../../../../arm-atollic-eabi/lib/armv7e-m/fpu/fpv5-d16/libc_nano.a(lib_a-reent.o)
 .ARM.attributes
                0x0000000000000f69       0x32 /opt/Atollic_TrueSTUDIO_for_STM32_x86_64_9.1.0/ARMTools/bin/../lib/gcc/arm-atollic-eabi/6.3.1/../../../../arm-atollic-eabi/lib/armv7e-m/fpu/fpv5-d16/libc_nano.a(lib_a-wctomb_r.o)
 .ARM.attributes
                0x0000000000000f9b       0x32 /opt/Atollic_TrueSTUDIO_for_STM32_x86_64_9.1.0/ARMTools/bin/../lib/gcc/arm-atollic-eabi/6.3.1/../../../../arm-atollic-eabi/lib/armv7e-m/fpu/fpv5-d16/libc_nano.a(lib_a-ctype_.o)
 .ARM.attributes
                0x0000000000000fcd       0x32 /opt/Atollic_TrueSTUDIO_for_STM32_x86_64_9.1.0/ARMTools/bin/../lib/gcc/arm-atollic-eabi/6.3.1/../../../../arm-atollic-eabi/lib/armv7e-m/fpu/fpv5-d16/libc_nano.a(lib_a-fstatr.o)
 .ARM.attributes
                0x0000000000000fff       0x32 /opt/Atollic_TrueSTUDIO_for_STM32_x86_64_9.1.0/ARMTools/bin/../lib/gcc/arm-atollic-eabi/6.3.1/../../../../arm-atollic-eabi/lib/armv7e-m/fpu/fpv5-d16/libc_nano.a(lib_a-isattyr.o)
 .ARM.attributes
                0x0000000000001031       0x32 /opt/Atollic_TrueSTUDIO_for_STM32_x86_64_9.1.0/ARMTools/bin/../lib/gcc/arm-atollic-eabi/6.3.1/../../../../arm-atollic-eabi/lib/armv7e-m/fpu/fpv5-d16/libc_nano.a(lib_a-memmove.o)
 .ARM.attributes
                0x0000000000001063       0x32 /opt/Atollic_TrueSTUDIO_for_STM32_x86_64_9.1.0/ARMTools/bin/../lib/gcc/arm-atollic-eabi/6.3.1/../../../../arm-atollic-eabi/lib/armv7e-m/fpu/fpv5-d16/libc_nano.a(lib_a-nano-reallocr.o)
 .ARM.attributes
                0x0000000000001095       0x32 /opt/Atollic_TrueSTUDIO_for_STM32_x86_64_9.1.0/ARMTools/bin/../lib/gcc/arm-atollic-eabi/6.3.1/../../../../arm-atollic-eabi/lib/armv7e-m/fpu/fpv5-d16/libc_nano.a(lib_a-nano-msizer.o)
 .ARM.attributes
                0x00000000000010c7       0x20 /opt/Atollic_TrueSTUDIO_for_STM32_x86_64_9.1.0/ARMTools/bin/../lib/gcc/arm-atollic-eabi/6.3.1/armv7e-m/fpu/fpv5-d16/libgcc.a(_aeabi_uldivmod.o)
 .ARM.attributes
                0x00000000000010e7       0x32 /opt/Atollic_TrueSTUDIO_for_STM32_x86_64_9.1.0/ARMTools/bin/../lib/gcc/arm-atollic-eabi/6.3.1/armv7e-m/fpu/fpv5-d16/libgcc.a(_udivmoddi4.o)
 .ARM.attributes
                0x0000000000001119       0x20 /opt/Atollic_TrueSTUDIO_for_STM32_x86_64_9.1.0/ARMTools/bin/../lib/gcc/arm-atollic-eabi/6.3.1/armv7e-m/fpu/fpv5-d16/libgcc.a(_dvmd_tls.o)
 .ARM.attributes
                0x0000000000001139       0x20 /opt/Atollic_TrueSTUDIO_for_STM32_x86_64_9.1.0/ARMTools/bin/../lib/gcc/arm-atollic-eabi/6.3.1/armv7e-m/fpu/fpv5-d16/crtn.o
OUTPUT(RobotSTV2.elf elf32-littlearm)

.debug_info     0x0000000000000000    0x52fdf
 .debug_info    0x0000000000000000     0x3b6a Drivers/BSP/X-NUCLEO-IDW0xx1/stm32_spwf_wifi.o
 .debug_info    0x0000000000003b6a     0x1cd2 Drivers/STM32F7xx_HAL_Driver/Src/stm32f7xx_hal.o
 .debug_info    0x000000000000583c     0x2377 Drivers/STM32F7xx_HAL_Driver/Src/stm32f7xx_hal_cortex.o
 .debug_info    0x0000000000007bb3     0x17cb Drivers/STM32F7xx_HAL_Driver/Src/stm32f7xx_hal_crc.o
 .debug_info    0x000000000000937e     0x1597 Drivers/STM32F7xx_HAL_Driver/Src/stm32f7xx_hal_crc_ex.o
 .debug_info    0x000000000000a915     0x1c2b Drivers/STM32F7xx_HAL_Driver/Src/stm32f7xx_hal_dma.o
 .debug_info    0x000000000000c540     0x1975 Drivers/STM32F7xx_HAL_Driver/Src/stm32f7xx_hal_gpio.o
 .debug_info    0x000000000000deb5     0x4303 Drivers/STM32F7xx_HAL_Driver/Src/stm32f7xx_hal_i2c.o
 .debug_info    0x00000000000121b8     0x1b6f Drivers/STM32F7xx_HAL_Driver/Src/stm32f7xx_hal_i2c_ex.o
 .debug_info    0x0000000000013d27     0x1bfb Drivers/STM32F7xx_HAL_Driver/Src/stm32f7xx_hal_pwr_ex.o
 .debug_info    0x0000000000015922     0x1d20 Drivers/STM32F7xx_HAL_Driver/Src/stm32f7xx_hal_rcc.o
 .debug_info    0x0000000000017642     0x1a59 Drivers/STM32F7xx_HAL_Driver/Src/stm32f7xx_hal_rcc_ex.o
 .debug_info    0x000000000001909b     0x20ee Drivers/STM32F7xx_HAL_Driver/Src/stm32f7xx_hal_rtc.o
 .debug_info    0x000000000001b189     0x3239 Drivers/STM32F7xx_HAL_Driver/Src/stm32f7xx_hal_spi.o
 .debug_info    0x000000000001e3c2     0x448e Drivers/STM32F7xx_HAL_Driver/Src/stm32f7xx_hal_tim.o
 .debug_info    0x0000000000022850     0x281b Drivers/STM32F7xx_HAL_Driver/Src/stm32f7xx_hal_tim_ex.o
 .debug_info    0x000000000002506b     0x2a69 Drivers/STM32F7xx_HAL_Driver/Src/stm32f7xx_hal_uart.o
 .debug_info    0x0000000000027ad4     0x3128 Middlewares/ST/STM32_SPWF0xSy/Utils/wifi_globals.o
 .debug_info    0x000000000002abfc     0x5b4e Middlewares/ST/STM32_SPWF0xSy/wifi_interface.o
 .debug_info    0x000000000003074a     0x6627 Middlewares/ST/STM32_SPWF0xSy/wifi_module.o
 .debug_info    0x0000000000036d71     0x1ab6 Src/console.o
 .debug_info    0x0000000000038827     0x1771 Src/crc.o
 .debug_info    0x0000000000039f98     0x1918 Src/dma.o
 .debug_info    0x000000000003b8b0     0x1892 Src/gpio.o
 .debug_info    0x000000000003d142     0x1dab Src/i2c.o
 .debug_info    0x000000000003eeed     0x49c9 Src/main.o
 .debug_info    0x00000000000438b6     0x1976 Src/rtc.o