Archive member included to satisfy reference by file (symbol)

/opt/Atollic_TrueSTUDIO_for_STM32_x86_64_9.1.0/ARMTools/bin/../lib/gcc/arm-atollic-eabi/6.3.1/../../../../arm-atollic-eabi/lib/armv7e-m/fpu/fpv5-d16/libc_nano.a(lib_a-atoi.o)
                              Middlewares/ST/STM32_SPWF0xSy/Utils/spwf04WiFi.o (atoi)
/opt/Atollic_TrueSTUDIO_for_STM32_x86_64_9.1.0/ARMTools/bin/../lib/gcc/arm-atollic-eabi/6.3.1/../../../../arm-atollic-eabi/lib/armv7e-m/fpu/fpv5-d16/libc_nano.a(lib_a-errno.o)
                              Src/syscalls.o (__errno)
/opt/Atollic_TrueSTUDIO_for_STM32_x86_64_9.1.0/ARMTools/bin/../lib/gcc/arm-atollic-eabi/6.3.1/../../../../arm-atollic-eabi/lib/armv7e-m/fpu/fpv5-d16/libc_nano.a(lib_a-fflush.o)
                              Src/console.o (fflush)
/opt/Atollic_TrueSTUDIO_for_STM32_x86_64_9.1.0/ARMTools/bin/../lib/gcc/arm-atollic-eabi/6.3.1/../../../../arm-atollic-eabi/lib/armv7e-m/fpu/fpv5-d16/libc_nano.a(lib_a-findfp.o)
                              /opt/Atollic_TrueSTUDIO_for_STM32_x86_64_9.1.0/ARMTools/bin/../lib/gcc/arm-atollic-eabi/6.3.1/../../../../arm-atollic-eabi/lib/armv7e-m/fpu/fpv5-d16/libc_nano.a(lib_a-fflush.o) (__sinit)
/opt/Atollic_TrueSTUDIO_for_STM32_x86_64_9.1.0/ARMTools/bin/../lib/gcc/arm-atollic-eabi/6.3.1/../../../../arm-atollic-eabi/lib/armv7e-m/fpu/fpv5-d16/libc_nano.a(lib_a-fwalk.o)
                              /opt/Atollic_TrueSTUDIO_for_STM32_x86_64_9.1.0/ARMTools/bin/../lib/gcc/arm-atollic-eabi/6.3.1/../../../../arm-atollic-eabi/lib/armv7e-m/fpu/fpv5-d16/libc_nano.a(lib_a-findfp.o) (_fwalk)
/opt/Atollic_TrueSTUDIO_for_STM32_x86_64_9.1.0/ARMTools/bin/../lib/gcc/arm-atollic-eabi/6.3.1/../../../../arm-atollic-eabi/lib/armv7e-m/fpu/fpv5-d16/libc_nano.a(lib_a-impure.o)
                              /opt/Atollic_TrueSTUDIO_for_STM32_x86_64_9.1.0/ARMTools/bin/../lib/gcc/arm-atollic-eabi/6.3.1/../../../../arm-atollic-eabi/lib/armv7e-m/fpu/fpv5-d16/libc_nano.a(lib_a-fflush.o) (_global_impure_ptr)
/opt/Atollic_TrueSTUDIO_for_STM32_x86_64_9.1.0/ARMTools/bin/../lib/gcc/arm-atollic-eabi/6.3.1/../../../../arm-atollic-eabi/lib/armv7e-m/fpu/fpv5-d16/libc_nano.a(lib_a-init.o)
                              startup/startup_stm32f767xx.o (__libc_init_array)
/opt/Atollic_TrueSTUDIO_for_STM32_x86_64_9.1.0/ARMTools/bin/../lib/gcc/arm-atollic-eabi/6.3.1/../../../../arm-atollic-eabi/lib/armv7e-m/fpu/fpv5-d16/libc_nano.a(lib_a-memchr.o)
                              Middlewares/ST/STM32_SPWF0xSy/wifi_module_uart_04.o (memchr)
/opt/Atollic_TrueSTUDIO_for_STM32_x86_64_9.1.0/ARMTools/bin/../lib/gcc/arm-atollic-eabi/6.3.1/../../../../arm-atollic-eabi/lib/armv7e-m/fpu/fpv5-d16/libc_nano.a(lib_a-memcmp.o)
                              Middlewares/ST/STM32_SPWF0xSy/wifi_module_uart_04.o (memcmp)
/opt/Atollic_TrueSTUDIO_for_STM32_x86_64_9.1.0/ARMTools/bin/../lib/gcc/arm-atollic-eabi/6.3.1/../../../../arm-atollic-eabi/lib/armv7e-m/fpu/fpv5-d16/libc_nano.a(lib_a-memcpy-stub.o)
                              Middlewares/ST/STM32_SPWF0xSy/Utils/ring_buffer.o (memcpy)
/opt/Atollic_TrueSTUDIO_for_STM32_x86_64_9.1.0/ARMTools/bin/../lib/gcc/arm-atollic-eabi/6.3.1/../../../../arm-atollic-eabi/lib/armv7e-m/fpu/fpv5-d16/libc_nano.a(lib_a-memset.o)
                              Drivers/BSP/X-NUCLEO-IDW0xx1/stm32_spwf_wifi.o (memset)
/opt/Atollic_TrueSTUDIO_for_STM32_x86_64_9.1.0/ARMTools/bin/../lib/gcc/arm-atollic-eabi/6.3.1/../../../../arm-atollic-eabi/lib/armv7e-m/fpu/fpv5-d16/libc_nano.a(lib_a-nano-freer.o)
                              /opt/Atollic_TrueSTUDIO_for_STM32_x86_64_9.1.0/ARMTools/bin/../lib/gcc/arm-atollic-eabi/6.3.1/../../../../arm-atollic-eabi/lib/armv7e-m/fpu/fpv5-d16/libc_nano.a(lib_a-fflush.o) (_free_r)
/opt/Atollic_TrueSTUDIO_for_STM32_x86_64_9.1.0/ARMTools/bin/../lib/gcc/arm-atollic-eabi/6.3.1/../../../../arm-atollic-eabi/lib/armv7e-m/fpu/fpv5-d16/libc_nano.a(lib_a-nano-mallocr.o)
                              /opt/Atollic_TrueSTUDIO_for_STM32_x86_64_9.1.0/ARMTools/bin/../lib/gcc/arm-atollic-eabi/6.3.1/../../../../arm-atollic-eabi/lib/armv7e-m/fpu/fpv5-d16/libc_nano.a(lib_a-findfp.o) (_malloc_r)
/opt/Atollic_TrueSTUDIO_for_STM32_x86_64_9.1.0/ARMTools/bin/../lib/gcc/arm-atollic-eabi/6.3.1/../../../../arm-atollic-eabi/lib/armv7e-m/fpu/fpv5-d16/libc_nano.a(lib_a-nano-vfprintf_float.o)
                              (_printf_float)
/opt/Atollic_TrueSTUDIO_for_STM32_x86_64_9.1.0/ARMTools/bin/../lib/gcc/arm-atollic-eabi/6.3.1/../../../../arm-atollic-eabi/lib/armv7e-m/fpu/fpv5-d16/libc_nano.a(lib_a-nano-vfprintf_i.o)
                              /opt/Atollic_TrueSTUDIO_for_STM32_x86_64_9.1.0/ARMTools/bin/../lib/gcc/arm-atollic-eabi/6.3.1/../../../../arm-atollic-eabi/lib/armv7e-m/fpu/fpv5-d16/libc_nano.a(lib_a-nano-vfprintf_float.o) (_printf_common)
/opt/Atollic_TrueSTUDIO_for_STM32_x86_64_9.1.0/ARMTools/bin/../lib/gcc/arm-atollic-eabi/6.3.1/../../../../arm-atollic-eabi/lib/armv7e-m/fpu/fpv5-d16/libc_nano.a(lib_a-printf.o)
[...]
Memory Configuration

Name             Origin             Length             Attributes
RAM              0x0000000020000000 0x0000000000080000 xrw
FLASH            0x0000000008000000 0x0000000000200000 xr
*default*        0x0000000000000000 0xffffffffffffffff

Linker script and memory map

LOAD /opt/Atollic_TrueSTUDIO_for_STM32_x86_64_9.1.0/ARMTools/bin/../lib/gcc/arm-atollic-eabi/6.3.1/armv7e-m/fpu/fpv5-d16/crti.o
LOAD /opt/Atollic_TrueSTUDIO_for_STM32_x86_64_9.1.0/ARMTools/bin/../lib/gcc/arm-atollic-eabi/6.3.1/armv7e-m/fpu/fpv5-d16/crtbegin.o
LOAD Drivers/BSP/STM32F7xx_Nucleo_144/stm32f7xx_nucleo_144.o
LOAD Drivers/BSP/X-NUCLEO-IDW0xx1/stm32_spwf_wifi.o
LOAD Drivers/STM32F7xx_HAL_Driver/Src/stm32f7xx_hal.o
LOAD Drivers/STM32F7xx_HAL_Driver/Src/stm32f7xx_hal_cortex.o
LOAD Drivers/STM32F7xx_HAL_Driver/Src/stm32f7xx_hal_crc.o
LOAD Drivers/STM32F7xx_HAL_Driver/Src/stm32f7xx_hal_crc_ex.o
LOAD Drivers/STM32F7xx_HAL_Driver/Src/stm32f7xx_hal_dma.o
LOAD Drivers/STM32F7xx_HAL_Driver/Src/stm32f7xx_hal_dma_ex.o
LOAD Drivers/STM32F7xx_HAL_Driver/Src/stm32f7xx_hal_flash.o
LOAD Drivers/STM32F7xx_HAL_Driver/Src/stm32f7xx_hal_flash_ex.o
LOAD Drivers/STM32F7xx_HAL_Driver/Src/stm32f7xx_hal_gpio.o
LOAD Drivers/STM32F7xx_HAL_Driver/Src/stm32f7xx_hal_i2c.o
LOAD Drivers/STM32F7xx_HAL_Driver/Src/stm32f7xx_hal_i2c_ex.o
LOAD Drivers/STM32F7xx_HAL_Driver/Src/stm32f7xx_hal_pwr.o
LOAD Drivers/STM32F7xx_HAL_Driver/Src/stm32f7xx_hal_pwr_ex.o
LOAD Drivers/STM32F7xx_HAL_Driver/Src/stm32f7xx_hal_rcc.o
LOAD Drivers/STM32F7xx_HAL_Driver/Src/stm32f7xx_hal_rcc_ex.o
LOAD Drivers/STM32F7xx_HAL_Driver/Src/stm32f7xx_hal_rtc.o
LOAD Drivers/STM32F7xx_HAL_Driver/Src/stm32f7xx_hal_rtc_ex.o
LOAD Drivers/STM32F7xx_HAL_Driver/Src/stm32f7xx_hal_spi.o
LOAD Drivers/STM32F7xx_HAL_Driver/Src/stm32f7xx_hal_tim.o
LOAD Drivers/STM32F7xx_HAL_Driver/Src/stm32f7xx_hal_tim_ex.o
LOAD Drivers/STM32F7xx_HAL_Driver/Src/stm32f7xx_hal_uart.o
LOAD Drivers/STM32F7xx_HAL_Driver/Src/stm32f7xx_ll_dma.o
LOAD Middlewares/ST/STM32_SPWF0xSy/Utils/event_buffer.o
LOAD Middlewares/ST/STM32_SPWF0xSy/Utils/ring_buffer.o
LOAD Middlewares/ST/STM32_SPWF0xSy/Utils/spwf04WiFi.o
LOAD Middlewares/ST/STM32_SPWF0xSy/Utils/wifi_globals.o
LOAD Middlewares/ST/STM32_SPWF0xSy/wifi_interface.o
LOAD Middlewares/ST/STM32_SPWF0xSy/wifi_module.o
LOAD Middlewares/ST/STM32_SPWF0xSy/wifi_module_spi.o
LOAD Middlewares/ST/STM32_SPWF0xSy/wifi_module_uart_01.o
LOAD Middlewares/ST/STM32_SPWF0xSy/wifi_module_uart_04.o
LOAD Src/console.o
LOAD Src/crc.o
LOAD Src/dma.o
LOAD Src/gpio.o
LOAD Src/i2c.o
LOAD Src/main.o
LOAD Src/rtc.o
LOAD Src/spi.o
LOAD Src/stm32f7xx_hal_msp.o
LOAD Src/stm32f7xx_it.o
LOAD Src/syscalls.o
LOAD Src/system_stm32f7xx.o
LOAD Src/tim.o
LOAD Src/usart.o
LOAD Src/wifi_ssi.o
LOAD startup/startup_stm32f767xx.o
                0x0000000000000080                malloc_getpagesize_P = 0x80
START GROUP
LOAD /opt/Atollic_TrueSTUDIO_for_STM32_x86_64_9.1.0/ARMTools/bin/../lib/gcc/arm-atollic-eabi/6.3.1/../../../../arm-atollic-eabi/lib/armv7e-m/fpu/fpv5-d16/libc_nano.a
LOAD /opt/Atollic_TrueSTUDIO_for_STM32_x86_64_9.1.0/ARMTools/bin/../lib/gcc/arm-atollic-eabi/6.3.1/../../../../arm-atollic-eabi/lib/armv7e-m/fpu/fpv5-d16/libm.a
END GROUP
START GROUP
LOAD /opt/Atollic_TrueSTUDIO_for_STM32_x86_64_9.1.0/ARMTools/bin/../lib/gcc/arm-atollic-eabi/6.3.1/armv7e-m/fpu/fpv5-d16/libgcc.a
LOAD /opt/Atollic_TrueSTUDIO_for_STM32_x86_64_9.1.0/ARMTools/bin/../lib/gcc/arm-atollic-eabi/6.3.1/../../../../arm-atollic-eabi/lib/armv7e-m/fpu/fpv5-d16/libc_nano.a
END GROUP
START GROUP
LOAD /opt/Atollic_TrueSTUDIO_for_STM32_x86_64_9.1.0/ARMTools/bin/../lib/gcc/arm-atollic-eabi/6.3.1/armv7e-m/fpu/fpv5-d16/libgcc.a
LOAD /opt/Atollic_TrueSTUDIO_for_STM32_x86_64_9.1.0/ARMTools/bin/../lib/gcc/arm-atollic-eabi/6.3.1/../../../../arm-atollic-eabi/lib/armv7e-m/fpu/fpv5-d16/libc_nano.a
LOAD /opt/Atollic_TrueSTUDIO_for_STM32_x86_64_9.1.0/ARMTools/bin/../lib/gcc/arm-atollic-eabi/6.3.1/../../../../arm-atollic-eabi/lib/armv7e-m/fpu/fpv5-d16/libnosys.a
END GROUP
START GROUP
LOAD /opt/Atollic_TrueSTUDIO_for_STM32_x86_64_9.1.0/ARMTools/bin/../lib/gcc/arm-atollic-eabi/6.3.1/armv7e-m/fpu/fpv5-d16/libgcc.a
LOAD /opt/Atollic_TrueSTUDIO_for_STM32_x86_64_9.1.0/ARMTools/bin/../lib/gcc/arm-atollic-eabi/6.3.1/../../../../arm-atollic-eabi/lib/armv7e-m/fpu/fpv5-d16/libc_nano.a
LOAD /opt/Atollic_TrueSTUDIO_for_STM32_x86_64_9.1.0/ARMTools/bin/../lib/gcc/arm-atollic-eabi/6.3.1/../../../../arm-atollic-eabi/lib/armv7e-m/fpu/fpv5-d16/libnosys.a
END GROUP
LOAD /opt/Atollic_TrueSTUDIO_for_STM32_x86_64_9.1.0/ARMTools/bin/../lib/gcc/arm-atollic-eabi/6.3.1/armv7e-m/fpu/fpv5-d16/crtend.o
LOAD /opt/Atollic_TrueSTUDIO_for_STM32_x86_64_9.1.0/ARMTools/bin/../lib/gcc/arm-atollic-eabi/6.3.1/armv7e-m/fpu/fpv5-d16/crtn.o
                0x0000000020080000                _estack = 0x20080000
                0x0000000000000200                _Min_Heap_Size = 0x200
                0x0000000000000400                _Min_Stack_Size = 0x400

.isr_vector     0x0000000008000000      0x1f8
                0x0000000008000000                . = ALIGN (0x4)
 *(.isr_vector)
 .isr_vector    0x0000000008000000      0x1f8 startup/startup_stm32f767xx.o
                0x0000000008000000                g_pfnVectors
                0x00000000080001f8                . = ALIGN (0x4)

.text           0x0000000008000200     0x684c
                0x0000000008000200                . = ALIGN (0x4)
 *(.text)
 .text          0x0000000008000200       0x40 /opt/Atollic_TrueSTUDIO_for_STM32_x86_64_9.1.0/ARMTools/bin/../lib/gcc/arm-atollic-eabi/6.3.1/armv7e-m/fpu/fpv5-d16/crtbegin.o
 .text          0x0000000008000240       0xa0 /opt/Atollic_TrueSTUDIO_for_STM32_x86_64_9.1.0/ARMTools/bin/../lib/gcc/arm-atollic-eabi/6.3.1/../../../../arm-atollic-eabi/lib/armv7e-m/fpu/fpv5-d16/libc_nano.a(lib_a-memchr.o)
                0x0000000008000240                memchr
 .text          0x00000000080002e0       0x10 /opt/Atollic_TrueSTUDIO_for_STM32_x86_64_9.1.0/ARMTools/bin/../lib/gcc/arm-atollic-eabi/6.3.1/../../../../arm-atollic-eabi/lib/armv7e-m/fpu/fpv5-d16/libc_nano.a(lib_a-strlen.o)
                0x00000000080002e0                strlen
 .text          0x00000000080002f0       0x30 /opt/Atollic_TrueSTUDIO_for_STM32_x86_64_9.1.0/ARMTools/bin/../lib/gcc/arm-atollic-eabi/6.3.1/armv7e-m/fpu/fpv5-d16/libgcc.a(_aeabi_uldivmod.o)
                0x00000000080002f0                __aeabi_uldivmod
 .text          0x0000000008000320      0x2dc /opt/Atollic_TrueSTUDIO_for_STM32_x86_64_9.1.0/ARMTools/bin/../lib/gcc/arm-atollic-eabi/6.3.1/armv7e-m/fpu/fpv5-d16/libgcc.a(_udivmoddi4.o)
                0x0000000008000320                __udivmoddi4
 .text          0x00000000080005fc        0x4 /opt/Atollic_TrueSTUDIO_for_STM32_x86_64_9.1.0/ARMTools/bin/../lib/gcc/arm-atollic-eabi/6.3.1/armv7e-m/fpu/fpv5-d16/libgcc.a(_dvmd_tls.o)
                0x00000000080005fc                __aeabi_ldiv0
                0x00000000080005fc                __aeabi_idiv0
 *(.text*)
 .text.HAL_InitTick
                0x0000000008000600       0x48 Drivers/STM32F7xx_HAL_Driver/Src/stm32f7xx_hal.o
                0x0000000008000600                HAL_InitTick
 .text.HAL_Init
                0x0000000008000648       0x16 Drivers/STM32F7xx_HAL_Driver/Src/stm32f7xx_hal.o
                0x0000000008000648                HAL_Init
 *fill*         0x000000000800065e        0x2 
 .text.HAL_IncTick
                0x0000000008000660       0x18 Drivers/STM32F7xx_HAL_Driver/Src/stm32f7xx_hal.o
                0x0000000008000660                HAL_IncTick
 .text.HAL_GetTick
                0x0000000008000678        0xc Drivers/STM32F7xx_HAL_Driver/Src/stm32f7xx_hal.o
                0x0000000008000678                HAL_GetTick
 .text.HAL_Delay
                0x0000000008000684       0x24 Drivers/STM32F7xx_HAL_Driver/Src/stm32f7xx_hal.o
                0x0000000008000684                HAL_Delay
 .text.HAL_NVIC_SetPriorityGrouping
                0x00000000080006a8       0x24 Drivers/STM32F7xx_HAL_Driver/Src/stm32f7xx_hal_cortex.o
                0x00000000080006a8                HAL_NVIC_SetPriorityGrouping
 .text.HAL_NVIC_SetPriority
                0x00000000080006cc       0x70 Drivers/STM32F7xx_HAL_Driver/Src/stm32f7xx_hal_cortex.o
                0x00000000080006cc                HAL_NVIC_SetPriority
 .text.HAL_NVIC_EnableIRQ
                0x000000000800073c       0x18 Drivers/STM32F7xx_HAL_Driver/Src/stm32f7xx_hal_cortex.o
                0x000000000800073c                HAL_NVIC_EnableIRQ
 .text.HAL_NVIC_DisableIRQ
                0x0000000008000754       0x1c Drivers/STM32F7xx_HAL_Driver/Src/stm32f7xx_hal_cortex.o
                0x0000000008000754                HAL_NVIC_DisableIRQ
 .text.HAL_SYSTICK_Config
                0x0000000008000770       0x2c Drivers/STM32F7xx_HAL_Driver/Src/stm32f7xx_hal_cortex.o
                0x0000000008000770                HAL_SYSTICK_Config
 .text.HAL_SYSTICK_CLKSourceConfig
                0x000000000800079c       0x18 Drivers/STM32F7xx_HAL_Driver/Src/stm32f7xx_hal_cortex.o
                0x000000000800079c                HAL_SYSTICK_CLKSourceConfig
 .text.HAL_SYSTICK_Callback
                0x00000000080007b4        0x2 Drivers/STM32F7xx_HAL_Driver/Src/stm32f7xx_hal_cortex.o
                0x00000000080007b4                HAL_SYSTICK_Callback
 .text.HAL_SYSTICK_IRQHandler
                0x00000000080007b6        0x8 Drivers/STM32F7xx_HAL_Driver/Src/stm32f7xx_hal_cortex.o
                0x00000000080007b6                HAL_SYSTICK_IRQHandler
 *fill*         0x00000000080007be        0x2 
 .text.HAL_CRC_Init
                0x00000000080007c0       0x74 Drivers/STM32F7xx_HAL_Driver/Src/stm32f7xx_hal_crc.o
                0x00000000080007c0                HAL_CRC_Init
 .text.HAL_CRCEx_Polynomial_Set
                0x0000000008000834       0x4c Drivers/STM32F7xx_HAL_Driver/Src/stm32f7xx_hal_crc_ex.o
                0x0000000008000834                HAL_CRCEx_Polynomial_Set
 .text.DMA_CalcBaseAndBitshift
                0x0000000008000880       0x2c Drivers/STM32F7xx_HAL_Driver/Src/stm32f7xx_hal_dma.o
 .text.HAL_DMA_Init
                0x00000000080008ac       0xfc Drivers/STM32F7xx_HAL_Driver/Src/stm32f7xx_hal_dma.o
                0x00000000080008ac                HAL_DMA_Init
 .text.HAL_DMA_DeInit
                0x00000000080009a8       0x54 Drivers/STM32F7xx_HAL_Driver/Src/stm32f7xx_hal_dma.o
                0x00000000080009a8                HAL_DMA_DeInit
 .text.HAL_DMA_Start_IT
                0x00000000080009fc       0x7a Drivers/STM32F7xx_HAL_Driver/Src/stm32f7xx_hal_dma.o
                0x00000000080009fc                HAL_DMA_Start_IT
 .text.HAL_DMA_Abort_IT
                0x0000000008000a76       0x24 Drivers/STM32F7xx_HAL_Driver/Src/stm32f7xx_hal_dma.o
                0x0000000008000a76                HAL_DMA_Abort_IT
 *fill*         0x0000000008000a9a        0x2 
 .text.HAL_DMA_IRQHandler
                0x0000000008000a9c      0x174 Drivers/STM32F7xx_HAL_Driver/Src/stm32f7xx_hal_dma.o
                0x0000000008000a9c                HAL_DMA_IRQHandler
 .text.HAL_GPIO_Init
                0x0000000008000c10      0x1d4 Drivers/STM32F7xx_HAL_Driver/Src/stm32f7xx_hal_gpio.o
                0x0000000008000c10                HAL_GPIO_Init
 .text.HAL_GPIO_DeInit
                0x0000000008000de4      0x148 Drivers/STM32F7xx_HAL_Driver/Src/stm32f7xx_hal_gpio.o
                0x0000000008000de4                HAL_GPIO_DeInit
 .text.HAL_GPIO_WritePin
                0x0000000008000f2c        0xa Drivers/STM32F7xx_HAL_Driver/Src/stm32f7xx_hal_gpio.o
                0x0000000008000f2c                HAL_GPIO_WritePin
 .text.HAL_I2C_Init
                0x0000000008000f36       0xa2 Drivers/STM32F7xx_HAL_Driver/Src/stm32f7xx_hal_i2c.o
                0x0000000008000f36                HAL_I2C_Init
 .text.HAL_I2CEx_ConfigAnalogFilter
                0x0000000008000fd8       0x4c Drivers/STM32F7xx_HAL_Driver/Src/stm32f7xx_hal_i2c_ex.o
                0x0000000008000fd8                HAL_I2CEx_ConfigAnalogFilter
 .text.HAL_I2CEx_ConfigDigitalFilter
                0x0000000008001024       0x4a Drivers/STM32F7xx_HAL_Driver/Src/stm32f7xx_hal_i2c_ex.o
                0x0000000008001024                HAL_I2CEx_ConfigDigitalFilter
 *fill*         0x000000000800106e        0x2 
 .text.HAL_PWREx_EnableOverDrive
                0x0000000008001070       0x70 Drivers/STM32F7xx_HAL_Driver/Src/stm32f7xx_hal_pwr_ex.o
                0x0000000008001070                HAL_PWREx_EnableOverDrive
 .text.HAL_RCC_OscConfig
                0x00000000080010e0      0x328 Drivers/STM32F7xx_HAL_Driver/Src/stm32f7xx_hal_rcc.o
                0x00000000080010e0                HAL_RCC_OscConfig
 .text.HAL_RCC_GetSysClockFreq
                0x0000000008001408       0x5c Drivers/STM32F7xx_HAL_Driver/Src/stm32f7xx_hal_rcc.o
                0x0000000008001408                HAL_RCC_GetSysClockFreq
 .text.HAL_RCC_ClockConfig
                0x0000000008001464      0x13c Drivers/STM32F7xx_HAL_Driver/Src/stm32f7xx_hal_rcc.o
                0x0000000008001464                HAL_RCC_ClockConfig
 .text.HAL_RCC_GetHCLKFreq
                0x00000000080015a0        0xc Drivers/STM32F7xx_HAL_Driver/Src/stm32f7xx_hal_rcc.o
                0x00000000080015a0                HAL_RCC_GetHCLKFreq
 .text.HAL_RCC_GetPCLK1Freq
                0x00000000080015ac       0x20 Drivers/STM32F7xx_HAL_Driver/Src/stm32f7xx_hal_rcc.o
                0x00000000080015ac                HAL_RCC_GetPCLK1Freq
 .text.HAL_RCC_GetPCLK2Freq
                0x00000000080015cc       0x20 Drivers/STM32F7xx_HAL_Driver/Src/stm32f7xx_hal_rcc.o
                0x00000000080015cc                HAL_RCC_GetPCLK2Freq
 .text.HAL_RCCEx_PeriphCLKConfig
                0x00000000080015ec      0x55c Drivers/STM32F7xx_HAL_Driver/Src/stm32f7xx_hal_rcc_ex.o
                0x00000000080015ec                HAL_RCCEx_PeriphCLKConfig
 .text.RTC_EnterInitMode
                0x0000000008001b48       0x34 Drivers/STM32F7xx_HAL_Driver/Src/stm32f7xx_hal_rtc.o
                0x0000000008001b48                RTC_EnterInitMode
 .text.HAL_RTC_Init
                0x0000000008001b7c       0x84 Drivers/STM32F7xx_HAL_Driver/Src/stm32f7xx_hal_rtc.o
                0x0000000008001b7c                HAL_RTC_Init
 .text.HAL_SPI_Init
                0x0000000008001c00       0xaa Drivers/STM32F7xx_HAL_Driver/Src/stm32f7xx_hal_spi.o
                0x0000000008001c00                HAL_SPI_Init
 .text.TIM_TI1_ConfigInputStage
                0x0000000008001caa       0x22 Drivers/STM32F7xx_HAL_Driver/Src/stm32f7xx_hal_tim.o
 .text.TIM_TI2_ConfigInputStage
                0x0000000008001ccc       0x24 Drivers/STM32F7xx_HAL_Driver/Src/stm32f7xx_hal_tim.o
 .text.HAL_TIM_PeriodElapsedCallback
                0x0000000008001cf0        0x2 Drivers/STM32F7xx_HAL_Driver/Src/stm32f7xx_hal_tim.o
                0x0000000008001cf0                HAL_TIM_PeriodElapsedCallback
 .text.HAL_TIM_OC_DelayElapsedCallback
                0x0000000008001cf2        0x2 Drivers/STM32F7xx_HAL_Driver/Src/stm32f7xx_hal_tim.o
                0x0000000008001cf2                HAL_TIM_OC_DelayElapsedCallback
 .text.HAL_TIM_IC_CaptureCallback
                0x0000000008001cf4        0x2 Drivers/STM32F7xx_HAL_Driver/Src/stm32f7xx_hal_tim.o
                0x0000000008001cf4                HAL_TIM_IC_CaptureCallback
 .text.HAL_TIM_PWM_PulseFinishedCallback
                0x0000000008001cf6        0x2 Drivers/STM32F7xx_HAL_Driver/Src/stm32f7xx_hal_tim.o
                0x0000000008001cf6                HAL_TIM_PWM_PulseFinishedCallback
 .text.HAL_TIM_TriggerCallback
                0x0000000008001cf8        0x2 Drivers/STM32F7xx_HAL_Driver/Src/stm32f7xx_hal_tim.o
                0x0000000008001cf8                HAL_TIM_TriggerCallback
 .text.HAL_TIM_IRQHandler
                0x0000000008001cfa      0x160 Drivers/STM32F7xx_HAL_Driver/Src/stm32f7xx_hal_tim.o
                0x0000000008001cfa                HAL_TIM_IRQHandler
 *fill*         0x0000000008001e5a        0x2 
 .text.TIM_Base_SetConfig
                0x0000000008001e5c       0xd0 Drivers/STM32F7xx_HAL_Driver/Src/stm32f7xx_hal_tim.o
                0x0000000008001e5c                TIM_Base_SetConfig
 .text.HAL_TIM_Base_Init
                0x0000000008001f2c       0x34 Drivers/STM32F7xx_HAL_Driver/Src/stm32f7xx_hal_tim.o
                0x0000000008001f2c                HAL_TIM_Base_Init
 .text.TIM_ETR_SetConfig
                0x0000000008001f60       0x14 Drivers/STM32F7xx_HAL_Driver/Src/stm32f7xx_hal_tim.o
                0x0000000008001f60                TIM_ETR_SetConfig
 .text.HAL_TIM_ConfigClockSource
                0x0000000008001f74      0x11c Drivers/STM32F7xx_HAL_Driver/Src/stm32f7xx_hal_tim.o
                0x0000000008001f74                HAL_TIM_ConfigClockSource
 .text.HAL_TIMEx_MasterConfigSynchronization
                0x0000000008002090       0x4c Drivers/STM32F7xx_HAL_Driver/Src/stm32f7xx_hal_tim_ex.o
                0x0000000008002090                HAL_TIMEx_MasterConfigSynchronization
 .text.HAL_TIMEx_CommutationCallback
                0x00000000080020dc        0x2 Drivers/STM32F7xx_HAL_Driver/Src/stm32f7xx_hal_tim_ex.o
                0x00000000080020dc                HAL_TIMEx_CommutationCallback
 .text.HAL_TIMEx_BreakCallback
                0x00000000080020de        0x2 Drivers/STM32F7xx_HAL_Driver/Src/stm32f7xx_hal_tim_ex.o
                0x00000000080020de                HAL_TIMEx_BreakCallback
 .text.UART_EndRxTransfer
                0x00000000080020e0       0x1a Drivers/STM32F7xx_HAL_Driver/Src/stm32f7xx_hal_uart.o
 .text.HAL_UART_DeInit
                0x00000000080020fa       0x38 Drivers/STM32F7xx_HAL_Driver/Src/stm32f7xx_hal_uart.o
                0x00000000080020fa                HAL_UART_DeInit
 *fill*         0x0000000008002132        0x2 
 .text.HAL_UART_Transmit_DMA
                0x0000000008002134       0x78 Drivers/STM32F7xx_HAL_Driver/Src/stm32f7xx_hal_uart.o
                0x0000000008002134                HAL_UART_Transmit_DMA
 .text.UART_WaitOnFlagUntilTimeout
                0x00000000080021ac       0x62 Drivers/STM32F7xx_HAL_Driver/Src/stm32f7xx_hal_uart.o
                0x00000000080021ac                UART_WaitOnFlagUntilTimeout
 .text.HAL_UART_Transmit
                0x000000000800220e       0xb2 Drivers/STM32F7xx_HAL_Driver/Src/stm32f7xx_hal_uart.o
                0x000000000800220e                HAL_UART_Transmit
 .text.HAL_UART_Receive
                0x00000000080022c0       0xe0 Drivers/STM32F7xx_HAL_Driver/Src/stm32f7xx_hal_uart.o
                0x00000000080022c0                HAL_UART_Receive
 .text.UART_DMATransmitCplt
                0x00000000080023a0       0x2e Drivers/STM32F7xx_HAL_Driver/Src/stm32f7xx_hal_uart.o
 .text.HAL_UART_TxHalfCpltCallback
                0x00000000080023ce        0x2 Drivers/STM32F7xx_HAL_Driver/Src/stm32f7xx_hal_uart.o
                0x00000000080023ce                HAL_UART_TxHalfCpltCallback
 .text.UART_DMATxHalfCplt
                0x00000000080023d0        0xa Drivers/STM32F7xx_HAL_Driver/Src/stm32f7xx_hal_uart.o
 .text.UART_Receive_IT
                0x00000000080023da       0x6e Drivers/STM32F7xx_HAL_Driver/Src/stm32f7xx_hal_uart.o
 .text.UART_DMAError
                0x0000000008002448       0x52 Drivers/STM32F7xx_HAL_Driver/Src/stm32f7xx_hal_uart.o
 *fill*         0x000000000800249a        0x2 
 .text.HAL_UART_IRQHandler
                0x000000000800249c      0x15c Drivers/STM32F7xx_HAL_Driver/Src/stm32f7xx_hal_uart.o
                0x000000000800249c                HAL_UART_IRQHandler
 .text.UART_DMAAbortOnError
                0x00000000080025f8       0x14 Drivers/STM32F7xx_HAL_Driver/Src/stm32f7xx_hal_uart.o
 .text.UART_SetConfig
                0x000000000800260c      0x290 Drivers/STM32F7xx_HAL_Driver/Src/stm32f7xx_hal_uart.o
                0x000000000800260c                UART_SetConfig
 .text.UART_AdvFeatureConfig
                0x000000000800289c       0xaa Drivers/STM32F7xx_HAL_Driver/Src/stm32f7xx_hal_uart.o
                0x000000000800289c                UART_AdvFeatureConfig
 .text.UART_CheckIdleState
                0x0000000008002946       0x44 Drivers/STM32F7xx_HAL_Driver/Src/stm32f7xx_hal_uart.o
                0x0000000008002946                UART_CheckIdleState
 .text.HAL_UART_Init
                0x000000000800298a       0x64 Drivers/STM32F7xx_HAL_Driver/Src/stm32f7xx_hal_uart.o
                0x000000000800298a                HAL_UART_Init
 *fill*         0x00000000080029ee        0x2 
 .text.Set_UartMsgHandle
                0x00000000080029f0        0xc Middlewares/ST/STM32_SPWF0xSy/Utils/wifi_globals.o
                0x00000000080029f0                Set_UartMsgHandle
 .text.DMA1_TransferComplete
                0x00000000080029fc       0x50 Middlewares/ST/STM32_SPWF0xSy/wifi_module.o
                0x00000000080029fc                DMA1_TransferComplete
 .text.DMA2_TransferComplete
                0x0000000008002a4c       0x50 Middlewares/ST/STM32_SPWF0xSy/wifi_module.o
                0x0000000008002a4c                DMA2_TransferComplete
 .text.uartSendChar
                0x0000000008002a9c       0x20 Src/console.o
                0x0000000008002a9c                uartSendChar
 .text.uartReceiveChar
                0x0000000008002abc       0x50 Src/console.o
                0x0000000008002abc                uartReceiveChar
 .text.__io_putchar
                0x0000000008002b0c        0x4 Src/console.o
                0x0000000008002b0c                __io_putchar
 .text.__io_getchar
                0x0000000008002b10        0x4 Src/console.o
                0x0000000008002b10                __io_getchar
 .text.MX_CRC_Init
                0x0000000008002b14       0x38 Src/crc.o
                0x0000000008002b14                MX_CRC_Init
 .text.HAL_CRC_MspInit
                0x0000000008002b4c       0x2c Src/crc.o
                0x0000000008002b4c                HAL_CRC_MspInit
 .text.MX_DMA_Init
                0x0000000008002b78       0x60 Src/dma.o
                0x0000000008002b78                MX_DMA_Init
 .text.MX_GPIO_Init
                0x0000000008002bd8      0x1d0 Src/gpio.o
                0x0000000008002bd8                MX_GPIO_Init
 .text.MX_I2C1_Init
                0x0000000008002da8       0x68 Src/i2c.o
                0x0000000008002da8                MX_I2C1_Init
 .text.MX_I2C2_Init
                0x0000000008002e10       0x68 Src/i2c.o
                0x0000000008002e10                MX_I2C2_Init
 .text.HAL_I2C_MspInit
                0x0000000008002e78       0x90 Src/i2c.o
                0x0000000008002e78                HAL_I2C_MspInit
 .text.SystemClock_Config
                0x0000000008002f08       0xd8 Src/main.o
                0x0000000008002f08                SystemClock_Config
 .text.USART_PRINT_MSG_Configuration
                0x0000000008002fe0       0x3c Src/main.o
                0x0000000008002fe0                USART_PRINT_MSG_Configuration
 .text.startup.main
                0x000000000800301c      0x1b0 Src/main.o
                0x000000000800301c                main
 .text._Error_Handler
                0x00000000080031cc        0x2 Src/main.o
                0x00000000080031cc                _Error_Handler
 *fill*         0x00000000080031ce        0x2 
 .text.MX_RTC_Init
                0x00000000080031d0       0x3c Src/rtc.o
                0x00000000080031d0                MX_RTC_Init
 .text.HAL_RTC_MspInit
                0x000000000800320c       0x1c Src/rtc.o
                0x000000000800320c                HAL_RTC_MspInit
 .text.MX_SPI1_Init
                0x0000000008003228       0x54 Src/spi.o
                0x0000000008003228                MX_SPI1_Init
 .text.MX_SPI2_Init
                0x000000000800327c       0x54 Src/spi.o
                0x000000000800327c                MX_SPI2_Init
 .text.HAL_SPI_MspInit
                0x00000000080032d0       0xbc Src/spi.o
                0x00000000080032d0                HAL_SPI_MspInit
 .text.HAL_MspInit
                0x000000000800338c       0x8c Src/stm32f7xx_hal_msp.o
                0x000000000800338c                HAL_MspInit
 .text.NMI_Handler
                0x0000000008003418        0x2 Src/stm32f7xx_it.o
                0x0000000008003418                NMI_Handler
 .text.HardFault_Handler
                0x000000000800341a        0x2 Src/stm32f7xx_it.o
                0x000000000800341a                HardFault_Handler
 .text.MemManage_Handler
                0x000000000800341c        0x2 Src/stm32f7xx_it.o
                0x000000000800341c                MemManage_Handler
 .text.BusFault_Handler
                0x000000000800341e        0x2 Src/stm32f7xx_it.o
                0x000000000800341e                BusFault_Handler
 .text.UsageFault_Handler
                0x0000000008003420        0x2 Src/stm32f7xx_it.o
                0x0000000008003420                UsageFault_Handler
 .text.SVC_Handler
                0x0000000008003422        0x2 Src/stm32f7xx_it.o
                0x0000000008003422                SVC_Handler
 .text.DebugMon_Handler
                0x0000000008003424        0x2 Src/stm32f7xx_it.o
                0x0000000008003424                DebugMon_Handler
 .text.PendSV_Handler
                0x0000000008003426        0x2 Src/stm32f7xx_it.o
                0x0000000008003426                PendSV_Handler
 .text.SysTick_Handler
                0x0000000008003428        0xe Src/stm32f7xx_it.o
                0x0000000008003428                SysTick_Handler
 *fill*         0x0000000008003436        0x2 
 .text.TIM3_IRQHandler
                0x0000000008003438        0xc Src/stm32f7xx_it.o
                0x0000000008003438                TIM3_IRQHandler
 .text.TIM2_IRQHandler
                0x0000000008003444        0xc Src/stm32f7xx_it.o
                0x0000000008003444                TIM2_IRQHandler
 .text.DMA1_Stream3_IRQHandler
                0x0000000008003450        0xc Src/stm32f7xx_it.o
                0x0000000008003450                DMA1_Stream3_IRQHandler
 .text.DMA1_Stream6_IRQHandler
                0x000000000800345c        0xc Src/stm32f7xx_it.o
                0x000000000800345c                DMA1_Stream6_IRQHandler
 .text.HAL_UART_RxCpltCallback
                0x0000000008003468        0x2 Src/stm32f7xx_it.o
                0x0000000008003468                HAL_UART_RxCpltCallback
 .text.HAL_UART_TxCpltCallback
                0x000000000800346a        0x2 Src/stm32f7xx_it.o
                0x000000000800346a                HAL_UART_TxCpltCallback
 .text.HAL_UART_ErrorCallback
                0x000000000800346c        0xc Src/stm32f7xx_it.o
                0x000000000800346c                HAL_UART_ErrorCallback
 .text.USART2_IRQHandler
                0x0000000008003478        0xc Src/stm32f7xx_it.o
                0x0000000008003478                USART2_IRQHandler
 .text.USART3_IRQHandler
                0x0000000008003484        0xc Src/stm32f7xx_it.o
                0x0000000008003484                USART3_IRQHandler
 .text.DMA1_Stream1_IRQHandler
                0x0000000008003490       0x18 Src/stm32f7xx_it.o
                0x0000000008003490                DMA1_Stream1_IRQHandler
 .text.DMA1_Stream5_IRQHandler
                0x00000000080034a8       0x18 Src/stm32f7xx_it.o
                0x00000000080034a8                DMA1_Stream5_IRQHandler
 .text._read    0x00000000080034c0       0x1c Src/syscalls.o
                0x00000000080034c0                _read
 .text._write   0x00000000080034dc       0x1c Src/syscalls.o
                0x00000000080034dc                _write
 .text._sbrk    0x00000000080034f8       0x34 Src/syscalls.o
                0x00000000080034f8                _sbrk
 .text._close   0x000000000800352c        0x6 Src/syscalls.o
                0x000000000800352c                _close
 .text._fstat   0x0000000008003532        0xa Src/syscalls.o
                0x0000000008003532                _fstat
 .text._isatty  0x000000000800353c        0x4 Src/syscalls.o
                0x000000000800353c                _isatty
 .text._lseek   0x0000000008003540        0x4 Src/syscalls.o
                0x0000000008003540                _lseek
 .text.SystemInit
                0x0000000008003544       0x4c Src/system_stm32f7xx.o
                0x0000000008003544                SystemInit
 .text.MX_TIM1_Init
                0x0000000008003590       0x6c Src/tim.o
                0x0000000008003590                MX_TIM1_Init
 .text.MX_TIM2_Init
                0x00000000080035fc       0x68 Src/tim.o
                0x00000000080035fc                MX_TIM2_Init
 .text.MX_TIM3_Init
                0x0000000008003664       0x70 Src/tim.o
                0x0000000008003664                MX_TIM3_Init
 .text.MX_TIM4_Init
                0x00000000080036d4       0x70 Src/tim.o
                0x00000000080036d4                MX_TIM4_Init
 .text.HAL_TIM_Base_MspInit
                0x0000000008003744       0x88 Src/tim.o
                0x0000000008003744                HAL_TIM_Base_MspInit
 .text.MX_UART5_Init
                0x00000000080037cc       0x44 Src/usart.o
                0x00000000080037cc                MX_UART5_Init
 .text.MX_UART7_Init
                0x0000000008003810       0x44 Src/usart.o
                0x0000000008003810                MX_UART7_Init
 .text.MX_UART8_Init
                0x0000000008003854       0x44 Src/usart.o
                0x0000000008003854                MX_UART8_Init
 .text.MX_USART2_UART_Init
                0x0000000008003898       0x44 Src/usart.o
                0x0000000008003898                MX_USART2_UART_Init
 .text.MX_USART3_UART_Init
                0x00000000080038dc       0x44 Src/usart.o
                0x00000000080038dc                MX_USART3_UART_Init
 .text.MX_USART6_UART_Init
                0x0000000008003920       0x44 Src/usart.o
                0x0000000008003920                MX_USART6_UART_Init
 .text.HAL_UART_MspInit
                0x0000000008003964      0x2b4 Src/usart.o
                0x0000000008003964                HAL_UART_MspInit
 .text.HAL_UART_MspDeInit
                0x0000000008003c18      0x100 Src/usart.o
                0x0000000008003c18                HAL_UART_MspDeInit
 .text.ssi_update
                0x0000000008003d18      0x124 Src/wifi_ssi.o
                0x0000000008003d18                ssi_update
 .text.Reset_Handler
                0x0000000008003e3c       0x50 startup/startup_stm32f767xx.o
                0x0000000008003e3c                Reset_Handler
 .text.Default_Handler
                0x0000000008003e8c        0x2 startup/startup_stm32f767xx.o
                0x0000000008003e8c                RTC_Alarm_IRQHandler
                0x0000000008003e8c                EXTI2_IRQHandler
                0x0000000008003e8c                TIM8_CC_IRQHandler
                0x0000000008003e8c                UART8_IRQHandler
                0x0000000008003e8c                SPI4_IRQHandler
                0x0000000008003e8c                TIM1_CC_IRQHandler
                0x0000000008003e8c                DMA2_Stream5_IRQHandler
                0x0000000008003e8c                JPEG_IRQHandler
                0x0000000008003e8c                CAN3_RX1_IRQHandler
                0x0000000008003e8c                PVD_IRQHandler
                0x0000000008003e8c                TAMP_STAMP_IRQHandler
                0x0000000008003e8c                CAN2_RX1_IRQHandler
                0x0000000008003e8c                EXTI3_IRQHandler
                0x0000000008003e8c                TIM8_TRG_COM_TIM14_IRQHandler
                0x0000000008003e8c                DFSDM1_FLT1_IRQHandler
                0x0000000008003e8c                TIM1_UP_TIM10_IRQHandler
                0x0000000008003e8c                TIM8_UP_TIM13_IRQHandler
                0x0000000008003e8c                I2C3_ER_IRQHandler
                0x0000000008003e8c                DFSDM1_FLT2_IRQHandler
                0x0000000008003e8c                EXTI0_IRQHandler
                0x0000000008003e8c                I2C2_EV_IRQHandler
                0x0000000008003e8c                DMA1_Stream2_IRQHandler
                0x0000000008003e8c                CAN1_RX0_IRQHandler
                0x0000000008003e8c                FPU_IRQHandler
                0x0000000008003e8c                OTG_HS_WKUP_IRQHandler
                0x0000000008003e8c                CAN3_SCE_IRQHandler
                0x0000000008003e8c                LTDC_ER_IRQHandler
                0x0000000008003e8c                CAN2_SCE_IRQHandler
                0x0000000008003e8c                DMA2_Stream2_IRQHandler
                0x0000000008003e8c                SPI1_IRQHandler
                0x0000000008003e8c                TIM6_DAC_IRQHandler
                0x0000000008003e8c                TIM1_BRK_TIM9_IRQHandler
                0x0000000008003e8c                DCMI_IRQHandler
                0x0000000008003e8c                CAN2_RX0_IRQHandler
                0x0000000008003e8c                DMA2_Stream3_IRQHandler
                0x0000000008003e8c                SAI2_IRQHandler
                0x0000000008003e8c                DFSDM1_FLT3_IRQHandler
                0x0000000008003e8c                USART6_IRQHandler
                0x0000000008003e8c                CAN3_RX0_IRQHandler
                0x0000000008003e8c                CAN1_RX1_IRQHandler
                0x0000000008003e8c                UART5_IRQHandler
                0x0000000008003e8c                DMA2_Stream0_IRQHandler
                0x0000000008003e8c                TIM4_IRQHandler
                0x0000000008003e8c                QUADSPI_IRQHandler
                0x0000000008003e8c                I2C1_EV_IRQHandler
                0x0000000008003e8c                UART4_IRQHandler
                0x0000000008003e8c                RCC_IRQHandler
                0x0000000008003e8c                TIM8_BRK_TIM12_IRQHandler
                0x0000000008003e8c                Default_Handler
                0x0000000008003e8c                CEC_IRQHandler
                0x0000000008003e8c                EXTI15_10_IRQHandler
                0x0000000008003e8c                ADC_IRQHandler
                0x0000000008003e8c                DMA1_Stream7_IRQHandler
                0x0000000008003e8c                SPI5_IRQHandler
                0x0000000008003e8c                TIM7_IRQHandler
                0x0000000008003e8c                SDMMC1_IRQHandler
                0x0000000008003e8c                CAN2_TX_IRQHandler
                0x0000000008003e8c                TIM5_IRQHandler
                0x0000000008003e8c                DMA2_Stream7_IRQHandler
                0x0000000008003e8c                I2C3_EV_IRQHandler
                0x0000000008003e8c                EXTI9_5_IRQHandler
                0x0000000008003e8c                RTC_WKUP_IRQHandler
                0x0000000008003e8c                LTDC_IRQHandler
                0x0000000008003e8c                ETH_WKUP_IRQHandler
                0x0000000008003e8c                SPDIF_RX_IRQHandler
                0x0000000008003e8c                SPI2_IRQHandler
                0x0000000008003e8c                OTG_HS_EP1_IN_IRQHandler
                0x0000000008003e8c                DMA1_Stream0_IRQHandler
                0x0000000008003e8c                CAN1_TX_IRQHandler
                0x0000000008003e8c                EXTI4_IRQHandler
                0x0000000008003e8c                RNG_IRQHandler
                0x0000000008003e8c                ETH_IRQHandler
                0x0000000008003e8c                OTG_HS_EP1_OUT_IRQHandler
                0x0000000008003e8c                WWDG_IRQHandler
                0x0000000008003e8c                SPI6_IRQHandler
                0x0000000008003e8c                MDIOS_IRQHandler
                0x0000000008003e8c                I2C4_EV_IRQHandler
                0x0000000008003e8c                CAN3_TX_IRQHandler
                0x0000000008003e8c                OTG_FS_WKUP_IRQHandler
                0x0000000008003e8c                TIM1_TRG_COM_TIM11_IRQHandler
                0x0000000008003e8c                OTG_HS_IRQHandler
                0x0000000008003e8c                DMA2D_IRQHandler
                0x0000000008003e8c                EXTI1_IRQHandler
                0x0000000008003e8c                SDMMC2_IRQHandler
                0x0000000008003e8c                UART7_IRQHandler
                0x0000000008003e8c                DFSDM1_FLT0_IRQHandler
                0x0000000008003e8c                I2C2_ER_IRQHandler
                0x0000000008003e8c                DMA2_Stream1_IRQHandler
                0x0000000008003e8c                CAN1_SCE_IRQHandler
                0x0000000008003e8c                FLASH_IRQHandler
                0x0000000008003e8c                DMA2_Stream4_IRQHandler
                0x0000000008003e8c                USART1_IRQHandler
                0x0000000008003e8c                OTG_FS_IRQHandler
                0x0000000008003e8c                SPI3_IRQHandler
                0x0000000008003e8c                DMA1_Stream4_IRQHandler
                0x0000000008003e8c                I2C1_ER_IRQHandler
                0x0000000008003e8c                FMC_IRQHandler
                0x0000000008003e8c                LPTIM1_IRQHandler
                0x0000000008003e8c                I2C4_ER_IRQHandler
                0x0000000008003e8c                DMA2_Stream6_IRQHandler
                0x0000000008003e8c                SAI1_IRQHandler
 *fill*         0x0000000008003e8e        0x2 
 .text.__errno  0x0000000008003e90        0xc /opt/Atollic_TrueSTUDIO_for_STM32_x86_64_9.1.0/ARMTools/bin/../lib/gcc/arm-atollic-eabi/6.3.1/../../../../arm-atollic-eabi/lib/armv7e-m/fpu/fpv5-d16/libc_nano.a(lib_a-errno.o)
                0x0000000008003e90                __errno
 .text.__sflush_r
                0x0000000008003e9c      0x110 /opt/Atollic_TrueSTUDIO_for_STM32_x86_64_9.1.0/ARMTools/bin/../lib/gcc/arm-atollic-eabi/6.3.1/../../../../arm-atollic-eabi/lib/armv7e-m/fpu/fpv5-d16/libc_nano.a(lib_a-fflush.o)
                0x0000000008003e9c                __sflush_r
 .text._fflush_r
                0x0000000008003fac       0x54 /opt/Atollic_TrueSTUDIO_for_STM32_x86_64_9.1.0/ARMTools/bin/../lib/gcc/arm-atollic-eabi/6.3.1/../../../../arm-atollic-eabi/lib/armv7e-m/fpu/fpv5-d16/libc_nano.a(lib_a-fflush.o)
                0x0000000008003fac                _fflush_r
 .text._cleanup_r
                0x0000000008004000        0xc /opt/Atollic_TrueSTUDIO_for_STM32_x86_64_9.1.0/ARMTools/bin/../lib/gcc/arm-atollic-eabi/6.3.1/../../../../arm-atollic-eabi/lib/armv7e-m/fpu/fpv5-d16/libc_nano.a(lib_a-findfp.o)
                0x0000000008004000                _cleanup_r
 .text.std.isra.0
                0x000000000800400c       0x48 /opt/Atollic_TrueSTUDIO_for_STM32_x86_64_9.1.0/ARMTools/bin/../lib/gcc/arm-atollic-eabi/6.3.1/../../../../arm-atollic-eabi/lib/armv7e-m/fpu/fpv5-d16/libc_nano.a(lib_a-findfp.o)
 .text.__sfmoreglue
                0x0000000008004054       0x2c /opt/Atollic_TrueSTUDIO_for_STM32_x86_64_9.1.0/ARMTools/bin/../lib/gcc/arm-atollic-eabi/6.3.1/../../../../arm-atollic-eabi/lib/armv7e-m/fpu/fpv5-d16/libc_nano.a(lib_a-findfp.o)
                0x0000000008004054                __sfmoreglue
 .text.__sinit  0x0000000008004080       0x60 /opt/Atollic_TrueSTUDIO_for_STM32_x86_64_9.1.0/ARMTools/bin/../lib/gcc/arm-atollic-eabi/6.3.1/../../../../arm-atollic-eabi/lib/armv7e-m/fpu/fpv5-d16/libc_nano.a(lib_a-findfp.o)
                0x0000000008004080                __sinit
 .text.__sfp    0x00000000080040e0       0x78 /opt/Atollic_TrueSTUDIO_for_STM32_x86_64_9.1.0/ARMTools/bin/../lib/gcc/arm-atollic-eabi/6.3.1/../../../../arm-atollic-eabi/lib/armv7e-m/fpu/fpv5-d16/libc_nano.a(lib_a-findfp.o)
                0x00000000080040e0                __sfp
 .text._fwalk_reent
                0x0000000008004158       0x3c /opt/Atollic_TrueSTUDIO_for_STM32_x86_64_9.1.0/ARMTools/bin/../lib/gcc/arm-atollic-eabi/6.3.1/../../../../arm-atollic-eabi/lib/armv7e-m/fpu/fpv5-d16/libc_nano.a(lib_a-fwalk.o)
                0x0000000008004158                _fwalk_reent
 .text.__libc_init_array
                0x0000000008004194       0x48 /opt/Atollic_TrueSTUDIO_for_STM32_x86_64_9.1.0/ARMTools/bin/../lib/gcc/arm-atollic-eabi/6.3.1/../../../../arm-atollic-eabi/lib/armv7e-m/fpu/fpv5-d16/libc_nano.a(lib_a-init.o)
                0x0000000008004194                __libc_init_array
 .text.memcpy   0x00000000080041dc       0x16 /opt/Atollic_TrueSTUDIO_for_STM32_x86_64_9.1.0/ARMTools/bin/../lib/gcc/arm-atollic-eabi/6.3.1/../../../../arm-atollic-eabi/lib/armv7e-m/fpu/fpv5-d16/libc_nano.a(lib_a-memcpy-stub.o)
                0x00000000080041dc                memcpy
 .text.memset   0x00000000080041f2       0x10 /opt/Atollic_TrueSTUDIO_for_STM32_x86_64_9.1.0/ARMTools/bin/../lib/gcc/arm-atollic-eabi/6.3.1/../../../../arm-atollic-eabi/lib/armv7e-m/fpu/fpv5-d16/libc_nano.a(lib_a-memset.o)
                0x00000000080041f2                memset
 *fill*         0x0000000008004202        0x2 
 .text._free_r  0x0000000008004204       0x9c /opt/Atollic_TrueSTUDIO_for_STM32_x86_64_9.1.0/ARMTools/bin/../lib/gcc/arm-atollic-eabi/6.3.1/../../../../arm-atollic-eabi/lib/armv7e-m/fpu/fpv5-d16/libc_nano.a(lib_a-nano-freer.o)
                0x0000000008004204                _free_r
 .text._malloc_r
                0x00000000080042a0       0xbc /opt/Atollic_TrueSTUDIO_for_STM32_x86_64_9.1.0/ARMTools/bin/../lib/gcc/arm-atollic-eabi/6.3.1/../../../../arm-atollic-eabi/lib/armv7e-m/fpu/fpv5-d16/libc_nano.a(lib_a-nano-mallocr.o)
                0x00000000080042a0                _malloc_r
 .text.__cvt    0x000000000800435c       0xa6 /opt/Atollic_TrueSTUDIO_for_STM32_x86_64_9.1.0/ARMTools/bin/../lib/gcc/arm-atollic-eabi/6.3.1/../../../../arm-atollic-eabi/lib/armv7e-m/fpu/fpv5-d16/libc_nano.a(lib_a-nano-vfprintf_float.o)
                0x000000000800435c                __cvt
 .text.__exponent
                0x0000000008004402       0x6a /opt/Atollic_TrueSTUDIO_for_STM32_x86_64_9.1.0/ARMTools/bin/../lib/gcc/arm-atollic-eabi/6.3.1/../../../../arm-atollic-eabi/lib/armv7e-m/fpu/fpv5-d16/libc_nano.a(lib_a-nano-vfprintf_float.o)
                0x0000000008004402                __exponent
 *fill*         0x000000000800446c        0x4 
 .text._printf_float
                0x0000000008004470      0x458 /opt/Atollic_TrueSTUDIO_for_STM32_x86_64_9.1.0/ARMTools/bin/../lib/gcc/arm-atollic-eabi/6.3.1/../../../../arm-atollic-eabi/lib/armv7e-m/fpu/fpv5-d16/libc_nano.a(lib_a-nano-vfprintf_float.o)
                0x0000000008004470                _printf_float
 .text._printf_common
                0x00000000080048c8       0xec /opt/Atollic_TrueSTUDIO_for_STM32_x86_64_9.1.0/ARMTools/bin/../lib/gcc/arm-atollic-eabi/6.3.1/../../../../arm-atollic-eabi/lib/armv7e-m/fpu/fpv5-d16/libc_nano.a(lib_a-nano-vfprintf_i.o)
                0x00000000080048c8                _printf_common
 .text._printf_i
                0x00000000080049b4      0x240 /opt/Atollic_TrueSTUDIO_for_STM32_x86_64_9.1.0/ARMTools/bin/../lib/gcc/arm-atollic-eabi/6.3.1/../../../../arm-atollic-eabi/lib/armv7e-m/fpu/fpv5-d16/libc_nano.a(lib_a-nano-vfprintf_i.o)
                0x00000000080049b4                _printf_i
 .text.printf   0x0000000008004bf4       0x30 /opt/Atollic_TrueSTUDIO_for_STM32_x86_64_9.1.0/ARMTools/bin/../lib/gcc/arm-atollic-eabi/6.3.1/../../../../arm-atollic-eabi/lib/armv7e-m/fpu/fpv5-d16/libc_nano.a(lib_a-printf.o)
                0x0000000008004bf4                printf
                0x0000000008004bf4                iprintf
 .text._puts_r  0x0000000008004c24       0xb8 /opt/Atollic_TrueSTUDIO_for_STM32_x86_64_9.1.0/ARMTools/bin/../lib/gcc/arm-atollic-eabi/6.3.1/../../../../arm-atollic-eabi/lib/armv7e-m/fpu/fpv5-d16/libc_nano.a(lib_a-puts.o)
                0x0000000008004c24                _puts_r
 .text.puts     0x0000000008004cdc       0x10 /opt/Atollic_TrueSTUDIO_for_STM32_x86_64_9.1.0/ARMTools/bin/../lib/gcc/arm-atollic-eabi/6.3.1/../../../../arm-atollic-eabi/lib/armv7e-m/fpu/fpv5-d16/libc_nano.a(lib_a-puts.o)
                0x0000000008004cdc                puts
 .text._sbrk_r  0x0000000008004cec       0x20 /opt/Atollic_TrueSTUDIO_for_STM32_x86_64_9.1.0/ARMTools/bin/../lib/gcc/arm-atollic-eabi/6.3.1/../../../../arm-atollic-eabi/lib/armv7e-m/fpu/fpv5-d16/libc_nano.a(lib_a-sbrkr.o)
                0x0000000008004cec                _sbrk_r
 .text.setvbuf  0x0000000008004d0c      0x15c /opt/Atollic_TrueSTUDIO_for_STM32_x86_64_9.1.0/ARMTools/bin/../lib/gcc/arm-atollic-eabi/6.3.1/../../../../arm-atollic-eabi/lib/armv7e-m/fpu/fpv5-d16/libc_nano.a(lib_a-setvbuf.o)
                0x0000000008004d0c                setvbuf
 .text.sprintf  0x0000000008004e68       0x48 /opt/Atollic_TrueSTUDIO_for_STM32_x86_64_9.1.0/ARMTools/bin/../lib/gcc/arm-atollic-eabi/6.3.1/../../../../arm-atollic-eabi/lib/armv7e-m/fpu/fpv5-d16/libc_nano.a(lib_a-sprintf.o)
                0x0000000008004e68                sprintf
                0x0000000008004e68                siprintf
 .text.__sread  0x0000000008004eb0       0x22 /opt/Atollic_TrueSTUDIO_for_STM32_x86_64_9.1.0/ARMTools/bin/../lib/gcc/arm-atollic-eabi/6.3.1/../../../../arm-atollic-eabi/lib/armv7e-m/fpu/fpv5-d16/libc_nano.a(lib_a-stdio.o)
                0x0000000008004eb0                __sread
 .text.__swrite
                0x0000000008004ed2       0x38 /opt/Atollic_TrueSTUDIO_for_STM32_x86_64_9.1.0/ARMTools/bin/../lib/gcc/arm-atollic-eabi/6.3.1/../../../../arm-atollic-eabi/lib/armv7e-m/fpu/fpv5-d16/libc_nano.a(lib_a-stdio.o)
                0x0000000008004ed2                __swrite
 .text.__sseek  0x0000000008004f0a       0x24 /opt/Atollic_TrueSTUDIO_for_STM32_x86_64_9.1.0/ARMTools/bin/../lib/gcc/arm-atollic-eabi/6.3.1/../../../../arm-atollic-eabi/lib/armv7e-m/fpu/fpv5-d16/libc_nano.a(lib_a-stdio.o)
                0x0000000008004f0a                __sseek
 .text.__sclose
                0x0000000008004f2e        0x8 /opt/Atollic_TrueSTUDIO_for_STM32_x86_64_9.1.0/ARMTools/bin/../lib/gcc/arm-atollic-eabi/6.3.1/../../../../arm-atollic-eabi/lib/armv7e-m/fpu/fpv5-d16/libc_nano.a(lib_a-stdio.o)
                0x0000000008004f2e                __sclose
 .text.strcpy   0x0000000008004f36       0x10 /opt/Atollic_TrueSTUDIO_for_STM32_x86_64_9.1.0/ARMTools/bin/../lib/gcc/arm-atollic-eabi/6.3.1/../../../../arm-atollic-eabi/lib/armv7e-m/fpu/fpv5-d16/libc_nano.a(lib_a-strcpy.o)
                0x0000000008004f36                strcpy
 *fill*         0x0000000008004f46        0x2 
 .text.__swbuf_r
                0x0000000008004f48       0xa4 /opt/Atollic_TrueSTUDIO_for_STM32_x86_64_9.1.0/ARMTools/bin/../lib/gcc/arm-atollic-eabi/6.3.1/../../../../arm-atollic-eabi/lib/armv7e-m/fpu/fpv5-d16/libc_nano.a(lib_a-wbuf.o)
                0x0000000008004f48                __swbuf_r
 .text._write_r
                0x0000000008004fec       0x24 /opt/Atollic_TrueSTUDIO_for_STM32_x86_64_9.1.0/ARMTools/bin/../lib/gcc/arm-atollic-eabi/6.3.1/../../../../arm-atollic-eabi/lib/armv7e-m/fpu/fpv5-d16/libc_nano.a(lib_a-writer.o)
                0x0000000008004fec                _write_r
 .text.__swsetup_r
                0x0000000008005010       0xdc /opt/Atollic_TrueSTUDIO_for_STM32_x86_64_9.1.0/ARMTools/bin/../lib/gcc/arm-atollic-eabi/6.3.1/../../../../arm-atollic-eabi/lib/armv7e-m/fpu/fpv5-d16/libc_nano.a(lib_a-wsetup.o)
                0x0000000008005010                __swsetup_r
 .text._close_r
                0x00000000080050ec       0x20 /opt/Atollic_TrueSTUDIO_for_STM32_x86_64_9.1.0/ARMTools/bin/../lib/gcc/arm-atollic-eabi/6.3.1/../../../../arm-atollic-eabi/lib/armv7e-m/fpu/fpv5-d16/libc_nano.a(lib_a-closer.o)
                0x00000000080050ec                _close_r
 .text.quorem   0x000000000800510c      0x118 /opt/Atollic_TrueSTUDIO_for_STM32_x86_64_9.1.0/ARMTools/bin/../lib/gcc/arm-atollic-eabi/6.3.1/../../../../arm-atollic-eabi/lib/armv7e-m/fpu/fpv5-d16/libc_nano.a(lib_a-dtoa.o)
 *fill*         0x0000000008005224        0x4 
 .text._dtoa_r  0x0000000008005228      0xad8 /opt/Atollic_TrueSTUDIO_for_STM32_x86_64_9.1.0/ARMTools/bin/../lib/gcc/arm-atollic-eabi/6.3.1/../../../../arm-atollic-eabi/lib/armv7e-m/fpu/fpv5-d16/libc_nano.a(lib_a-dtoa.o)
                0x0000000008005228                _dtoa_r
 .text._localeconv_r
                0x0000000008005d00       0x1c /opt/Atollic_TrueSTUDIO_for_STM32_x86_64_9.1.0/ARMTools/bin/../lib/gcc/arm-atollic-eabi/6.3.1/../../../../arm-atollic-eabi/lib/armv7e-m/fpu/fpv5-d16/libc_nano.a(lib_a-localeconv.o)
                0x0000000008005d00                _localeconv_r
 .text._lseek_r
                0x0000000008005d1c       0x24 /opt/Atollic_TrueSTUDIO_for_STM32_x86_64_9.1.0/ARMTools/bin/../lib/gcc/arm-atollic-eabi/6.3.1/../../../../arm-atollic-eabi/lib/armv7e-m/fpu/fpv5-d16/libc_nano.a(lib_a-lseekr.o)
                0x0000000008005d1c                _lseek_r
 .text.__swhatbuf_r
                0x0000000008005d40       0x48 /opt/Atollic_TrueSTUDIO_for_STM32_x86_64_9.1.0/ARMTools/bin/../lib/gcc/arm-atollic-eabi/6.3.1/../../../../arm-atollic-eabi/lib/armv7e-m/fpu/fpv5-d16/libc_nano.a(lib_a-makebuf.o)
                0x0000000008005d40                __swhatbuf_r
 .text.__smakebuf_r
                0x0000000008005d88       0x80 /opt/Atollic_TrueSTUDIO_for_STM32_x86_64_9.1.0/ARMTools/bin/../lib/gcc/arm-atollic-eabi/6.3.1/../../../../arm-atollic-eabi/lib/armv7e-m/fpu/fpv5-d16/libc_nano.a(lib_a-makebuf.o)
                0x0000000008005d88                __smakebuf_r
 .text.malloc   0x0000000008005e08       0x10 /opt/Atollic_TrueSTUDIO_for_STM32_x86_64_9.1.0/ARMTools/bin/../lib/gcc/arm-atollic-eabi/6.3.1/../../../../arm-atollic-eabi/lib/armv7e-m/fpu/fpv5-d16/libc_nano.a(lib_a-malloc.o)
                0x0000000008005e08                malloc
 .text.__ascii_mbtowc
                0x0000000008005e18       0x24 /opt/Atollic_TrueSTUDIO_for_STM32_x86_64_9.1.0/ARMTools/bin/../lib/gcc/arm-atollic-eabi/6.3.1/../../../../arm-atollic-eabi/lib/armv7e-m/fpu/fpv5-d16/libc_nano.a(lib_a-mbtowc_r.o)
                0x0000000008005e18                __ascii_mbtowc
 .text.__malloc_lock
                0x0000000008005e3c        0x2 /opt/Atollic_TrueSTUDIO_for_STM32_x86_64_9.1.0/ARMTools/bin/../lib/gcc/arm-atollic-eabi/6.3.1/../../../../arm-atollic-eabi/lib/armv7e-m/fpu/fpv5-d16/libc_nano.a(lib_a-mlock.o)
                0x0000000008005e3c                __malloc_lock
 .text.__malloc_unlock
                0x0000000008005e3e        0x2 /opt/Atollic_TrueSTUDIO_for_STM32_x86_64_9.1.0/ARMTools/bin/../lib/gcc/arm-atollic-eabi/6.3.1/../../../../arm-atollic-eabi/lib/armv7e-m/fpu/fpv5-d16/libc_nano.a(lib_a-mlock.o)
                0x0000000008005e3e                __malloc_unlock
 .text._Balloc  0x0000000008005e40       0x68 /opt/Atollic_TrueSTUDIO_for_STM32_x86_64_9.1.0/ARMTools/bin/../lib/gcc/arm-atollic-eabi/6.3.1/../../../../arm-atollic-eabi/lib/armv7e-m/fpu/fpv5-d16/libc_nano.a(lib_a-mprec.o)
                0x0000000008005e40                _Balloc
 .text._Bfree   0x0000000008005ea8       0x2e /opt/Atollic_TrueSTUDIO_for_STM32_x86_64_9.1.0/ARMTools/bin/../lib/gcc/arm-atollic-eabi/6.3.1/../../../../arm-atollic-eabi/lib/armv7e-m/fpu/fpv5-d16/libc_nano.a(lib_a-mprec.o)
                0x0000000008005ea8                _Bfree
 .text.__multadd
                0x0000000008005ed6       0x76 /opt/Atollic_TrueSTUDIO_for_STM32_x86_64_9.1.0/ARMTools/bin/../lib/gcc/arm-atollic-eabi/6.3.1/../../../../arm-atollic-eabi/lib/armv7e-m/fpu/fpv5-d16/libc_nano.a(lib_a-mprec.o)
                0x0000000008005ed6                __multadd
 .text.__hi0bits
                0x0000000008005f4c       0x3e /opt/Atollic_TrueSTUDIO_for_STM32_x86_64_9.1.0/ARMTools/bin/../lib/gcc/arm-atollic-eabi/6.3.1/../../../../arm-atollic-eabi/lib/armv7e-m/fpu/fpv5-d16/libc_nano.a(lib_a-mprec.o)
                0x0000000008005f4c                __hi0bits
 .text.__lo0bits
                0x0000000008005f8a       0x5e /opt/Atollic_TrueSTUDIO_for_STM32_x86_64_9.1.0/ARMTools/bin/../lib/gcc/arm-atollic-eabi/6.3.1/../../../../arm-atollic-eabi/lib/armv7e-m/fpu/fpv5-d16/libc_nano.a(lib_a-mprec.o)
                0x0000000008005f8a                __lo0bits
 .text.__i2b    0x0000000008005fe8       0x12 /opt/Atollic_TrueSTUDIO_for_STM32_x86_64_9.1.0/ARMTools/bin/../lib/gcc/arm-atollic-eabi/6.3.1/../../../../arm-atollic-eabi/lib/armv7e-m/fpu/fpv5-d16/libc_nano.a(lib_a-mprec.o)
                0x0000000008005fe8                __i2b
 .text.__multiply
                0x0000000008005ffa      0x11a /opt/Atollic_TrueSTUDIO_for_STM32_x86_64_9.1.0/ARMTools/bin/../lib/gcc/arm-atollic-eabi/6.3.1/../../../../arm-atollic-eabi/lib/armv7e-m/fpu/fpv5-d16/libc_nano.a(lib_a-mprec.o)
                0x0000000008005ffa                __multiply
 .text.__pow5mult
                0x0000000008006114       0x9c /opt/Atollic_TrueSTUDIO_for_STM32_x86_64_9.1.0/ARMTools/bin/../lib/gcc/arm-atollic-eabi/6.3.1/../../../../arm-atollic-eabi/lib/armv7e-m/fpu/fpv5-d16/libc_nano.a(lib_a-mprec.o)
                0x0000000008006114                __pow5mult
 .text.__lshift
                0x00000000080061b0       0xa2 /opt/Atollic_TrueSTUDIO_for_STM32_x86_64_9.1.0/ARMTools/bin/../lib/gcc/arm-atollic-eabi/6.3.1/../../../../arm-atollic-eabi/lib/armv7e-m/fpu/fpv5-d16/libc_nano.a(lib_a-mprec.o)
                0x00000000080061b0                __lshift
 .text.__mcmp   0x0000000008006252       0x34 /opt/Atollic_TrueSTUDIO_for_STM32_x86_64_9.1.0/ARMTools/bin/../lib/gcc/arm-atollic-eabi/6.3.1/../../../../arm-atollic-eabi/lib/armv7e-m/fpu/fpv5-d16/libc_nano.a(lib_a-mprec.o)
                0x0000000008006252                __mcmp
 .text.__mdiff  0x0000000008006286       0xbc /opt/Atollic_TrueSTUDIO_for_STM32_x86_64_9.1.0/ARMTools/bin/../lib/gcc/arm-atollic-eabi/6.3.1/../../../../arm-atollic-eabi/lib/armv7e-m/fpu/fpv5-d16/libc_nano.a(lib_a-mprec.o)
                0x0000000008006286                __mdiff
 .text.__d2b    0x0000000008006342       0x9e /opt/Atollic_TrueSTUDIO_for_STM32_x86_64_9.1.0/ARMTools/bin/../lib/gcc/arm-atollic-eabi/6.3.1/../../../../arm-atollic-eabi/lib/armv7e-m/fpu/fpv5-d16/libc_nano.a(lib_a-mprec.o)
                0x0000000008006342                __d2b
 .text._calloc_r
                0x00000000080063e0       0x1c /opt/Atollic_TrueSTUDIO_for_STM32_x86_64_9.1.0/ARMTools/bin/../lib/gcc/arm-atollic-eabi/6.3.1/../../../../arm-atollic-eabi/lib/armv7e-m/fpu/fpv5-d16/libc_nano.a(lib_a-nano-callocr.o)
                0x00000000080063e0                _calloc_r
 .text.__ssputs_r
                0x00000000080063fc       0xb6 /opt/Atollic_TrueSTUDIO_for_STM32_x86_64_9.1.0/ARMTools/bin/../lib/gcc/arm-atollic-eabi/6.3.1/../../../../arm-atollic-eabi/lib/armv7e-m/fpu/fpv5-d16/libc_nano.a(lib_a-nano-svfprintf.o)
                0x00000000080063fc                __ssputs_r
 *fill*         0x00000000080064b2        0x2 
 .text._svfprintf_r
                0x00000000080064b4      0x1e8 /opt/Atollic_TrueSTUDIO_for_STM32_x86_64_9.1.0/ARMTools/bin/../lib/gcc/arm-atollic-eabi/6.3.1/../../../../arm-atollic-eabi/lib/armv7e-m/fpu/fpv5-d16/libc_nano.a(lib_a-nano-svfprintf.o)
                0x00000000080064b4                _svfprintf_r
                0x00000000080064b4                _svfiprintf_r
 .text.__sfputc_r
                0x000000000800669c       0x30 /opt/Atollic_TrueSTUDIO_for_STM32_x86_64_9.1.0/ARMTools/bin/../lib/gcc/arm-atollic-eabi/6.3.1/../../../../arm-atollic-eabi/lib/armv7e-m/fpu/fpv5-d16/libc_nano.a(lib_a-nano-vfprintf.o)
 .text.__sfputs_r
                0x00000000080066cc       0x24 /opt/Atollic_TrueSTUDIO_for_STM32_x86_64_9.1.0/ARMTools/bin/../lib/gcc/arm-atollic-eabi/6.3.1/../../../../arm-atollic-eabi/lib/armv7e-m/fpu/fpv5-d16/libc_nano.a(lib_a-nano-vfprintf.o)
                0x00000000080066cc                __sfputs_r
 .text._vfprintf_r
                0x00000000080066f0      0x22c /opt/Atollic_TrueSTUDIO_for_STM32_x86_64_9.1.0/ARMTools/bin/../lib/gcc/arm-atollic-eabi/6.3.1/../../../../arm-atollic-eabi/lib/armv7e-m/fpu/fpv5-d16/libc_nano.a(lib_a-nano-vfprintf.o)
                0x00000000080066f0                _vfiprintf_r
                0x00000000080066f0                _vfprintf_r
 .text._read_r  0x000000000800691c       0x24 /opt/Atollic_TrueSTUDIO_for_STM32_x86_64_9.1.0/ARMTools/bin/../lib/gcc/arm-atollic-eabi/6.3.1/../../../../arm-atollic-eabi/lib/armv7e-m/fpu/fpv5-d16/libc_nano.a(lib_a-readr.o)
                0x000000000800691c                _read_r
 .text.__ascii_wctomb
                0x0000000008006940       0x1a /opt/Atollic_TrueSTUDIO_for_STM32_x86_64_9.1.0/ARMTools/bin/../lib/gcc/arm-atollic-eabi/6.3.1/../../../../arm-atollic-eabi/lib/armv7e-m/fpu/fpv5-d16/libc_nano.a(lib_a-wctomb_r.o)
                0x0000000008006940                __ascii_wctomb
 *fill*         0x000000000800695a        0x2 
 .text._fstat_r
                0x000000000800695c       0x24 /opt/Atollic_TrueSTUDIO_for_STM32_x86_64_9.1.0/ARMTools/bin/../lib/gcc/arm-atollic-eabi/6.3.1/../../../../arm-atollic-eabi/lib/armv7e-m/fpu/fpv5-d16/libc_nano.a(lib_a-fstatr.o)
                0x000000000800695c                _fstat_r
 .text._isatty_r
                0x0000000008006980       0x20 /opt/Atollic_TrueSTUDIO_for_STM32_x86_64_9.1.0/ARMTools/bin/../lib/gcc/arm-atollic-eabi/6.3.1/../../../../arm-atollic-eabi/lib/armv7e-m/fpu/fpv5-d16/libc_nano.a(lib_a-isattyr.o)
                0x0000000008006980                _isatty_r
 .text.memmove  0x00000000080069a0       0x34 /opt/Atollic_TrueSTUDIO_for_STM32_x86_64_9.1.0/ARMTools/bin/../lib/gcc/arm-atollic-eabi/6.3.1/../../../../arm-atollic-eabi/lib/armv7e-m/fpu/fpv5-d16/libc_nano.a(lib_a-memmove.o)
                0x00000000080069a0                memmove
 .text._realloc_r
                0x00000000080069d4       0x4c /opt/Atollic_TrueSTUDIO_for_STM32_x86_64_9.1.0/ARMTools/bin/../lib/gcc/arm-atollic-eabi/6.3.1/../../../../arm-atollic-eabi/lib/armv7e-m/fpu/fpv5-d16/libc_nano.a(lib_a-nano-reallocr.o)
                0x00000000080069d4                _realloc_r
 .text._malloc_usable_size_r
                0x0000000008006a20       0x12 /opt/Atollic_TrueSTUDIO_for_STM32_x86_64_9.1.0/ARMTools/bin/../lib/gcc/arm-atollic-eabi/6.3.1/../../../../arm-atollic-eabi/lib/armv7e-m/fpu/fpv5-d16/libc_nano.a(lib_a-nano-msizer.o)
                0x0000000008006a20                _malloc_usable_size_r
 *(.glue_7)
 .glue_7        0x0000000008006a32        0x0 linker stubs
 *(.glue_7t)
 .glue_7t       0x0000000008006a32        0x0 linker stubs
 *(.eh_frame)
 *fill*         0x0000000008006a32        0x2 
 .eh_frame      0x0000000008006a34        0x0 /opt/Atollic_TrueSTUDIO_for_STM32_x86_64_9.1.0/ARMTools/bin/../lib/gcc/arm-atollic-eabi/6.3.1/armv7e-m/fpu/fpv5-d16/crtbegin.o
 *(.init)
 .init          0x0000000008006a34        0x4 /opt/Atollic_TrueSTUDIO_for_STM32_x86_64_9.1.0/ARMTools/bin/../lib/gcc/arm-atollic-eabi/6.3.1/armv7e-m/fpu/fpv5-d16/crti.o
                0x0000000008006a34                _init
 .init          0x0000000008006a38        0x8 /opt/Atollic_TrueSTUDIO_for_STM32_x86_64_9.1.0/ARMTools/bin/../lib/gcc/arm-atollic-eabi/6.3.1/armv7e-m/fpu/fpv5-d16/crtn.o
 *(.fini)
 .fini          0x0000000008006a40        0x4 /opt/Atollic_TrueSTUDIO_for_STM32_x86_64_9.1.0/ARMTools/bin/../lib/gcc/arm-atollic-eabi/6.3.1/armv7e-m/fpu/fpv5-d16/crti.o
                0x0000000008006a40                _fini
 .fini          0x0000000008006a44        0x8 /opt/Atollic_TrueSTUDIO_for_STM32_x86_64_9.1.0/ARMTools/bin/../lib/gcc/arm-atollic-eabi/6.3.1/armv7e-m/fpu/fpv5-d16/crtn.o
                0x0000000008006a4c                . = ALIGN (0x4)
                0x0000000008006a4c                _etext = .

.vfp11_veneer   0x0000000008006a4c        0x0
 .vfp11_veneer  0x0000000008006a4c        0x0 linker stubs

.v4_bx          0x0000000008006a4c        0x0
 .v4_bx         0x0000000008006a4c        0x0 linker stubs

.iplt           0x0000000008006a4c        0x0
 .iplt          0x0000000008006a4c        0x0 /opt/Atollic_TrueSTUDIO_for_STM32_x86_64_9.1.0/ARMTools/bin/../lib/gcc/arm-atollic-eabi/6.3.1/armv7e-m/fpu/fpv5-d16/crtbegin.o

.rodata         0x0000000008006a50      0x3e0
                0x0000000008006a50                . = ALIGN (0x4)
 *(.rodata)
 *(.rodata*)
 .rodata.flagBitshiftOffset.10030
                0x0000000008006a50        0x8 Drivers/STM32F7xx_HAL_Driver/Src/stm32f7xx_hal_dma.o
 .rodata.CSWTCH.38
                0x0000000008006a58        0x4 Drivers/STM32F7xx_HAL_Driver/Src/stm32f7xx_hal_uart.o
 .rodata.CSWTCH.39
                0x0000000008006a5c        0xd Drivers/STM32F7xx_HAL_Driver/Src/stm32f7xx_hal_uart.o
 .rodata.MX_CRC_Init.str1.1
                0x0000000008006a69        0xd Src/crc.o
 .rodata.MX_I2C1_Init.str1.1
                0x0000000008006a76        0xd Src/i2c.o
 .rodata.main.str1.1
                0x0000000008006a83       0x46 Src/main.o
 .rodata.MX_RTC_Init.str1.1
                0x0000000008006ac9        0xd Src/rtc.o
 .rodata.MX_SPI1_Init.str1.1
                0x0000000008006ad6        0xd Src/spi.o
 .rodata.HAL_UART_ErrorCallback.str1.1
                0x0000000008006ae3        0xe Src/stm32f7xx_it.o
 .rodata.AHBPrescTable
                0x0000000008006af1       0x10 Src/system_stm32f7xx.o
                0x0000000008006af1                AHBPrescTable
 .rodata.APBPrescTable
                0x0000000008006b01        0x8 Src/system_stm32f7xx.o
                0x0000000008006b01                APBPrescTable
 .rodata.MX_TIM1_Init.str1.1
                0x0000000008006b09        0xd Src/tim.o
 .rodata.MX_UART5_Init.str1.1
                0x0000000008006b16        0xf Src/usart.o
 .rodata.ssi_update.str1.1
                0x0000000008006b25       0x45 Src/wifi_ssi.o
 *fill*         0x0000000008006b6a        0x2 
 .rodata.__sf_fake_stderr
                0x0000000008006b6c       0x20 /opt/Atollic_TrueSTUDIO_for_STM32_x86_64_9.1.0/ARMTools/bin/../lib/gcc/arm-atollic-eabi/6.3.1/../../../../arm-atollic-eabi/lib/armv7e-m/fpu/fpv5-d16/libc_nano.a(lib_a-findfp.o)
                0x0000000008006b6c                __sf_fake_stderr
 .rodata.__sf_fake_stdin
                0x0000000008006b8c       0x20 /opt/Atollic_TrueSTUDIO_for_STM32_x86_64_9.1.0/ARMTools/bin/../lib/gcc/arm-atollic-eabi/6.3.1/../../../../arm-atollic-eabi/lib/armv7e-m/fpu/fpv5-d16/libc_nano.a(lib_a-findfp.o)
                0x0000000008006b8c                __sf_fake_stdin
 .rodata.__sf_fake_stdout
                0x0000000008006bac       0x20 /opt/Atollic_TrueSTUDIO_for_STM32_x86_64_9.1.0/ARMTools/bin/../lib/gcc/arm-atollic-eabi/6.3.1/../../../../arm-atollic-eabi/lib/armv7e-m/fpu/fpv5-d16/libc_nano.a(lib_a-findfp.o)
                0x0000000008006bac                __sf_fake_stdout
 .rodata._global_impure_ptr
                0x0000000008006bcc        0x4 /opt/Atollic_TrueSTUDIO_for_STM32_x86_64_9.1.0/ARMTools/bin/../lib/gcc/arm-atollic-eabi/6.3.1/../../../../arm-atollic-eabi/lib/armv7e-m/fpu/fpv5-d16/libc_nano.a(lib_a-impure.o)
                0x0000000008006bcc                _global_impure_ptr
 .rodata._printf_float.str1.1
                0x0000000008006bd0       0x12 /opt/Atollic_TrueSTUDIO_for_STM32_x86_64_9.1.0/ARMTools/bin/../lib/gcc/arm-atollic-eabi/6.3.1/../../../../arm-atollic-eabi/lib/armv7e-m/fpu/fpv5-d16/libc_nano.a(lib_a-nano-vfprintf_float.o)
 .rodata._printf_i.str1.1
                0x0000000008006be2       0x22 /opt/Atollic_TrueSTUDIO_for_STM32_x86_64_9.1.0/ARMTools/bin/../lib/gcc/arm-atollic-eabi/6.3.1/../../../../arm-atollic-eabi/lib/armv7e-m/fpu/fpv5-d16/libc_nano.a(lib_a-nano-vfprintf_i.o)
 .rodata._dtoa_r.str1.1
                0x0000000008006c04        0xd /opt/Atollic_TrueSTUDIO_for_STM32_x86_64_9.1.0/ARMTools/bin/../lib/gcc/arm-atollic-eabi/6.3.1/../../../../arm-atollic-eabi/lib/armv7e-m/fpu/fpv5-d16/libc_nano.a(lib_a-dtoa.o)
                                          0xf (size before relaxing)
 .rodata._setlocale_r.str1.1
                0x0000000008006c11        0x8 /opt/Atollic_TrueSTUDIO_for_STM32_x86_64_9.1.0/ARMTools/bin/../lib/gcc/arm-atollic-eabi/6.3.1/../../../../arm-atollic-eabi/lib/armv7e-m/fpu/fpv5-d16/libc_nano.a(lib_a-locale.o)
                                          0x9 (size before relaxing)
 .rodata.str1.1
                0x0000000008006c19        0x2 /opt/Atollic_TrueSTUDIO_for_STM32_x86_64_9.1.0/ARMTools/bin/../lib/gcc/arm-atollic-eabi/6.3.1/../../../../arm-atollic-eabi/lib/armv7e-m/fpu/fpv5-d16/libc_nano.a(lib_a-locale.o)
 *fill*         0x0000000008006c1b        0x5 
 .rodata.__mprec_bigtens
                0x0000000008006c20       0x28 /opt/Atollic_TrueSTUDIO_for_STM32_x86_64_9.1.0/ARMTools/bin/../lib/gcc/arm-atollic-eabi/6.3.1/../../../../arm-atollic-eabi/lib/armv7e-m/fpu/fpv5-d16/libc_nano.a(lib_a-mprec.o)
                0x0000000008006c20                __mprec_bigtens
 .rodata.__mprec_tens
                0x0000000008006c48       0xc8 /opt/Atollic_TrueSTUDIO_for_STM32_x86_64_9.1.0/ARMTools/bin/../lib/gcc/arm-atollic-eabi/6.3.1/../../../../arm-atollic-eabi/lib/armv7e-m/fpu/fpv5-d16/libc_nano.a(lib_a-mprec.o)
                0x0000000008006c48                __mprec_tens
 .rodata.p05.7175
                0x0000000008006d10        0xc /opt/Atollic_TrueSTUDIO_for_STM32_x86_64_9.1.0/ARMTools/bin/../lib/gcc/arm-atollic-eabi/6.3.1/../../../../arm-atollic-eabi/lib/armv7e-m/fpu/fpv5-d16/libc_nano.a(lib_a-mprec.o)
 .rodata._svfprintf_r.str1.1
                0x0000000008006d1c       0x11 /opt/Atollic_TrueSTUDIO_for_STM32_x86_64_9.1.0/ARMTools/bin/../lib/gcc/arm-atollic-eabi/6.3.1/../../../../arm-atollic-eabi/lib/armv7e-m/fpu/fpv5-d16/libc_nano.a(lib_a-nano-svfprintf.o)
 .rodata._vfprintf_r.str1.1
                0x0000000008006d2d       0x11 /opt/Atollic_TrueSTUDIO_for_STM32_x86_64_9.1.0/ARMTools/bin/../lib/gcc/arm-atollic-eabi/6.3.1/../../../../arm-atollic-eabi/lib/armv7e-m/fpu/fpv5-d16/libc_nano.a(lib_a-nano-vfprintf.o)
 .rodata._ctype_
                0x0000000008006d2d      0x101 /opt/Atollic_TrueSTUDIO_for_STM32_x86_64_9.1.0/ARMTools/bin/../lib/gcc/arm-atollic-eabi/6.3.1/../../../../arm-atollic-eabi/lib/armv7e-m/fpu/fpv5-d16/libc_nano.a(lib_a-ctype_.o)
                0x0000000008006d2d                _ctype_
                0x0000000008006e30                . = ALIGN (0x4)
 *fill*         0x0000000008006e2e        0x2 

.ARM.extab
 *(.ARM.extab* .gnu.linkonce.armextab.*)

.ARM            0x0000000008006e30        0x8
                0x0000000008006e30                __exidx_start = .
 *(.ARM.exidx*)
 .ARM.exidx     0x0000000008006e30        0x8 /opt/Atollic_TrueSTUDIO_for_STM32_x86_64_9.1.0/ARMTools/bin/../lib/gcc/arm-atollic-eabi/6.3.1/armv7e-m/fpu/fpv5-d16/libgcc.a(_udivmoddi4.o)
                0x0000000008006e38                __exidx_end = .

.rel.dyn        0x0000000008006e38        0x0
 .rel.iplt      0x0000000008006e38        0x0 /opt/Atollic_TrueSTUDIO_for_STM32_x86_64_9.1.0/ARMTools/bin/../lib/gcc/arm-atollic-eabi/6.3.1/armv7e-m/fpu/fpv5-d16/crtbegin.o

.preinit_array  0x0000000008006e38        0x0
                0x0000000008006e38                PROVIDE (__preinit_array_start, .)
 *(.preinit_array*)
                0x0000000008006e38                PROVIDE (__preinit_array_end, .)

.init_array     0x0000000008006e38        0x4
                0x0000000008006e38                PROVIDE (__init_array_start, .)
 *(SORT(.init_array.*))
 *(.init_array*)
 .init_array    0x0000000008006e38        0x4 /opt/Atollic_TrueSTUDIO_for_STM32_x86_64_9.1.0/ARMTools/bin/../lib/gcc/arm-atollic-eabi/6.3.1/armv7e-m/fpu/fpv5-d16/crtbegin.o
                0x0000000008006e3c                PROVIDE (__init_array_end, .)

.fini_array     0x0000000008006e3c        0x4
                [!provide]                        PROVIDE (__fini_array_start, .)
 *(SORT(.fini_array.*))
 *(.fini_array*)
 .fini_array    0x0000000008006e3c        0x4 /opt/Atollic_TrueSTUDIO_for_STM32_x86_64_9.1.0/ARMTools/bin/../lib/gcc/arm-atollic-eabi/6.3.1/armv7e-m/fpu/fpv5-d16/crtbegin.o
                [!provide]                        PROVIDE (__fini_array_end, .)
                0x0000000008006e40                _sidata = LOADADDR (.data)

.data           0x0000000020000000      0x1dc load address 0x0000000008006e40
                0x0000000020000000                . = ALIGN (0x4)
                0x0000000020000000                _sdata = .
 *(.data)
 *(.data*)
 .data.uwTickFreq
                0x0000000020000000        0x1 Drivers/STM32F7xx_HAL_Driver/Src/stm32f7xx_hal.o
                0x0000000020000000                uwTickFreq
 *fill*         0x0000000020000001        0x3 
 .data.uwTickPrio
                0x0000000020000004        0x4 Drivers/STM32F7xx_HAL_Driver/Src/stm32f7xx_hal.o
                0x0000000020000004                uwTickPrio
 .data.SystemCoreClock
                0x0000000020000008        0x4 Src/system_stm32f7xx.o
                0x0000000020000008                SystemCoreClock
 .data._impure_ptr
                0x000000002000000c        0x4 /opt/Atollic_TrueSTUDIO_for_STM32_x86_64_9.1.0/ARMTools/bin/../lib/gcc/arm-atollic-eabi/6.3.1/../../../../arm-atollic-eabi/lib/armv7e-m/fpu/fpv5-d16/libc_nano.a(lib_a-impure.o)
                0x000000002000000c                _impure_ptr
 .data.impure_data
                0x0000000020000010       0x60 /opt/Atollic_TrueSTUDIO_for_STM32_x86_64_9.1.0/ARMTools/bin/../lib/gcc/arm-atollic-eabi/6.3.1/../../../../arm-atollic-eabi/lib/armv7e-m/fpu/fpv5-d16/libc_nano.a(lib_a-impure.o)
 .data.__global_locale
                0x0000000020000070      0x16c /opt/Atollic_TrueSTUDIO_for_STM32_x86_64_9.1.0/ARMTools/bin/../lib/gcc/arm-atollic-eabi/6.3.1/../../../../arm-atollic-eabi/lib/armv7e-m/fpu/fpv5-d16/libc_nano.a(lib_a-locale.o)
                0x0000000020000070                __global_locale
                0x00000000200001dc                . = ALIGN (0x4)
                0x00000000200001dc                _edata = .

.igot.plt       0x00000000200001dc        0x0 load address 0x000000000800701c
 .igot.plt      0x00000000200001dc        0x0 /opt/Atollic_TrueSTUDIO_for_STM32_x86_64_9.1.0/ARMTools/bin/../lib/gcc/arm-atollic-eabi/6.3.1/armv7e-m/fpu/fpv5-d16/crtbegin.o
                0x00000000200001dc                . = ALIGN (0x4)

.bss            0x00000000200001dc     0x1774 load address 0x000000000800701c
                0x00000000200001dc                _sbss = .
                0x00000000200001dc                __bss_start__ = _sbss
 *(.bss)
 .bss           0x00000000200001dc       0x1c /opt/Atollic_TrueSTUDIO_for_STM32_x86_64_9.1.0/ARMTools/bin/../lib/gcc/arm-atollic-eabi/6.3.1/armv7e-m/fpu/fpv5-d16/crtbegin.o
 *(.bss*)
 .bss.heap_end.7010
                0x00000000200001f8        0x4 Src/syscalls.o
 .bss.__malloc_free_list
                0x00000000200001fc        0x4 /opt/Atollic_TrueSTUDIO_for_STM32_x86_64_9.1.0/ARMTools/bin/../lib/gcc/arm-atollic-eabi/6.3.1/../../../../arm-atollic-eabi/lib/armv7e-m/fpu/fpv5-d16/libc_nano.a(lib_a-nano-mallocr.o)
                0x00000000200001fc                __malloc_free_list
 .bss.__malloc_sbrk_start
                0x0000000020000200        0x4 /opt/Atollic_TrueSTUDIO_for_STM32_x86_64_9.1.0/ARMTools/bin/../lib/gcc/arm-atollic-eabi/6.3.1/../../../../arm-atollic-eabi/lib/armv7e-m/fpu/fpv5-d16/libc_nano.a(lib_a-nano-mallocr.o)
                0x0000000020000200                __malloc_sbrk_start
 *(COMMON)
 COMMON         0x0000000020000204       0x70 Drivers/BSP/X-NUCLEO-IDW0xx1/stm32_spwf_wifi.o
                0x0000000020000204                huart2
 COMMON         0x0000000020000274        0x4 Drivers/STM32F7xx_HAL_Driver/Src/stm32f7xx_hal.o
                0x0000000020000274                uwTick
 COMMON         0x0000000020000278      0xf64 Middlewares/ST/STM32_SPWF0xSy/Utils/wifi_globals.o
                0x0000000020000278                client_connected_on_server_socket
                0x0000000020000288                IO_status_flag
                0x00000000200002a0                UartMsgHandle
                0x00000000200002a4                wifi_scanned_list
                0x00000000200002a8                UserDataBuff
                0x00000000200004a8                UartWiFiHandle
                0x0000000020000518                packet_payload_data_available
                0x0000000020000519                WiFi_Control_Variables
                0x0000000020000524                WiFi_Counter_Variables
                0x0000000020000620                WiFi_SPI_Packet
                0x00000000200006a0                open_sockets
                0x00000000200006a8                PushTimHandle
                0x00000000200006e8                open_web_socket
                0x00000000200006ec                SpiHandle
                0x0000000020000750                dma_buffer
                0x0000000020000752                element
                0x000000002000075a                Client_Socket_Close_Callback
                0x0000000020000764                WiFi_Config_Variables
                0x0000000020000798                WiFi_AT_Cmd_Buff
                0x0000000020000f98                pop_buffer
                0x0000000020001198                open_server_sockets
                0x000000002000119c                TimHandle
 COMMON         0x00000000200011dc       0x84 Middlewares/ST/STM32_SPWF0xSy/wifi_interface.o
                0x00000000200011dc                huart3
                0x000000002000124c                WAKEUP_InitStruct
 COMMON         0x0000000020001260      0x288 Middlewares/ST/STM32_SPWF0xSy/wifi_module.o
                0x0000000020001260                hdma_usart2_rx
                0x00000000200012c0                DMA_UART_RX
                0x0000000020001320                hdma_usart3_rx
                0x0000000020001380                hdma_usart3_tx
                0x00000000200013e0                DMA_WIFI_UART
                0x0000000020001440                hdma_usart2_tx
                0x00000000200014a0                console_send_char
                0x00000000200014a4                wifi_instances
 COMMON         0x00000000200014e8       0x24 Src/crc.o
                0x00000000200014e8                hcrc
 COMMON         0x000000002000150c       0x98 Src/i2c.o
                0x000000002000150c                hi2c1
                0x0000000020001558                hi2c2
 COMMON         0x00000000200015a4       0x20 Src/rtc.o
                0x00000000200015a4                hrtc
 COMMON         0x00000000200015c4       0xc8 Src/spi.o
                0x00000000200015c4                hspi2
                0x0000000020001628                hspi1
 COMMON         0x000000002000168c       0x80 Src/stm32f7xx_it.o
                0x000000002000168c                htim3
                0x00000000200016cc                htim2
 COMMON         0x000000002000170c       0x80 Src/tim.o
                0x000000002000170c                htim4
                0x000000002000174c                htim1
 COMMON         0x000000002000178c      0x1c0 Src/usart.o
                0x000000002000178c                huart7
                0x00000000200017fc                huart5
                0x000000002000186c                huart8
                0x00000000200018dc                huart6
 COMMON         0x000000002000194c        0x4 /opt/Atollic_TrueSTUDIO_for_STM32_x86_64_9.1.0/ARMTools/bin/../lib/gcc/arm-atollic-eabi/6.3.1/../../../../arm-atollic-eabi/lib/armv7e-m/fpu/fpv5-d16/libc_nano.a(lib_a-reent.o)
                0x000000002000194c                errno
                0x0000000020001950                . = ALIGN (0x4)
                0x0000000020001950                _ebss = .
                0x0000000020001950                __bss_end__ = _ebss

._user_heap_stack
                0x0000000020001950      0x600 load address 0x000000000800701c
                0x0000000020001950                . = ALIGN (0x4)
                0x0000000020001950                PROVIDE (end, .)
                [!provide]                        PROVIDE (_end, .)
                0x0000000020001b50                . = (. + _Min_Heap_Size)
 *fill*         0x0000000020001950      0x200 
                0x0000000020001f50                . = (. + _Min_Stack_Size)
 *fill*         0x0000000020001b50      0x400 
                0x0000000020001f50                . = ALIGN (0x4)

/DISCARD/
 libc.a(*)
 libm.a(*)
 libgcc.a(*)

.ARM.attributes
                0x0000000000000000       0x2e
 *(.ARM.attributes)
 .ARM.attributes
                0x0000000000000000       0x20 /opt/Atollic_TrueSTUDIO_for_STM32_x86_64_9.1.0/ARMTools/bin/../lib/gcc/arm-atollic-eabi/6.3.1/armv7e-m/fpu/fpv5-d16/crti.o
 .ARM.attributes
                0x0000000000000020       0x32 /opt/Atollic_TrueSTUDIO_for_STM32_x86_64_9.1.0/ARMTools/bin/../lib/gcc/arm-atollic-eabi/6.3.1/armv7e-m/fpu/fpv5-d16/crtbegin.o
 .ARM.attributes
                0x0000000000000052       0x37 Drivers/BSP/X-NUCLEO-IDW0xx1/stm32_spwf_wifi.o
 .ARM.attributes
                0x0000000000000089       0x37 Drivers/STM32F7xx_HAL_Driver/Src/stm32f7xx_hal.o
 .ARM.attributes
                0x00000000000000c0       0x37 Drivers/STM32F7xx_HAL_Driver/Src/stm32f7xx_hal_cortex.o
 .ARM.attributes
                0x00000000000000f7       0x37 Drivers/STM32F7xx_HAL_Driver/Src/stm32f7xx_hal_crc.o
 .ARM.attributes
                0x000000000000012e       0x37 Drivers/STM32F7xx_HAL_Driver/Src/stm32f7xx_hal_crc_ex.o
 .ARM.attributes
                0x0000000000000165       0x37 Drivers/STM32F7xx_HAL_Driver/Src/stm32f7xx_hal_dma.o
 .ARM.attributes
                0x000000000000019c       0x37 Drivers/STM32F7xx_HAL_Driver/Src/stm32f7xx_hal_gpio.o
 .ARM.attributes
                0x00000000000001d3       0x37 Drivers/STM32F7xx_HAL_Driver/Src/stm32f7xx_hal_i2c.o
 .ARM.attributes
                0x000000000000020a       0x37 Drivers/STM32F7xx_HAL_Driver/Src/stm32f7xx_hal_i2c_ex.o
 .ARM.attributes
                0x0000000000000241       0x37 Drivers/STM32F7xx_HAL_Driver/Src/stm32f7xx_hal_pwr_ex.o
 .ARM.attributes
                0x0000000000000278       0x37 Drivers/STM32F7xx_HAL_Driver/Src/stm32f7xx_hal_rcc.o
 .ARM.attributes
                0x00000000000002af       0x37 Drivers/STM32F7xx_HAL_Driver/Src/stm32f7xx_hal_rcc_ex.o
 .ARM.attributes
                0x00000000000002e6       0x37 Drivers/STM32F7xx_HAL_Driver/Src/stm32f7xx_hal_rtc.o
 .ARM.attributes
                0x000000000000031d       0x37 Drivers/STM32F7xx_HAL_Driver/Src/stm32f7xx_hal_spi.o
 .ARM.attributes
                0x0000000000000354       0x37 Drivers/STM32F7xx_HAL_Driver/Src/stm32f7xx_hal_tim.o
 .ARM.attributes
                0x000000000000038b       0x37 Drivers/STM32F7xx_HAL_Driver/Src/stm32f7xx_hal_tim_ex.o
 .ARM.attributes
                0x00000000000003c2       0x37 Drivers/STM32F7xx_HAL_Driver/Src/stm32f7xx_hal_uart.o
 .ARM.attributes
                0x00000000000003f9       0x37 Middlewares/ST/STM32_SPWF0xSy/Utils/wifi_globals.o
 .ARM.attributes
                0x0000000000000430       0x37 Middlewares/ST/STM32_SPWF0xSy/wifi_interface.o
 .ARM.attributes
                0x0000000000000467       0x37 Middlewares/ST/STM32_SPWF0xSy/wifi_module.o
 .ARM.attributes
                0x000000000000049e       0x37 Src/console.o
 .ARM.attributes
                0x00000000000004d5       0x37 Src/crc.o
 .ARM.attributes
                0x000000000000050c       0x37 Src/dma.o
 .ARM.attributes
                0x0000000000000543       0x37 Src/gpio.o
 .ARM.attributes
                0x000000000000057a       0x37 Src/i2c.o
 .ARM.attributes
                0x00000000000005b1       0x37 Src/main.o
 .ARM.attributes
                0x00000000000005e8       0x37 Src/rtc.o
 .ARM.attributes
                0x000000000000061f       0x37 Src/spi.o
 .ARM.attributes
                0x0000000000000656       0x37 Src/stm32f7xx_hal_msp.o
 .ARM.attributes
                0x000000000000068d       0x37 Src/stm32f7xx_it.o
 .ARM.attributes
                0x00000000000006c4       0x37 Src/syscalls.o
 .ARM.attributes
                0x00000000000006fb       0x37 Src/system_stm32f7xx.o
 .ARM.attributes
                0x0000000000000732       0x37 Src/tim.o
 .ARM.attributes
                0x0000000000000769       0x37 Src/usart.o
 .ARM.attributes
                0x00000000000007a0       0x37 Src/wifi_ssi.o
 .ARM.attributes
                0x00000000000007d7       0x21 startup/startup_stm32f767xx.o
 .ARM.attributes
                0x00000000000007f8       0x32 /opt/Atollic_TrueSTUDIO_for_STM32_x86_64_9.1.0/ARMTools/bin/../lib/gcc/arm-atollic-eabi/6.3.1/../../../../arm-atollic-eabi/lib/armv7e-m/fpu/fpv5-d16/libc_nano.a(lib_a-errno.o)
 .ARM.attributes
                0x000000000000082a       0x32 /opt/Atollic_TrueSTUDIO_for_STM32_x86_64_9.1.0/ARMTools/bin/../lib/gcc/arm-atollic-eabi/6.3.1/../../../../arm-atollic-eabi/lib/armv7e-m/fpu/fpv5-d16/libc_nano.a(lib_a-fflush.o)
 .ARM.attributes
                0x000000000000085c       0x32 /opt/Atollic_TrueSTUDIO_for_STM32_x86_64_9.1.0/ARMTools/bin/../lib/gcc/arm-atollic-eabi/6.3.1/../../../../arm-atollic-eabi/lib/armv7e-m/fpu/fpv5-d16/libc_nano.a(lib_a-findfp.o)
 .ARM.attributes
                0x000000000000088e       0x32 /opt/Atollic_TrueSTUDIO_for_STM32_x86_64_9.1.0/ARMTools/bin/../lib/gcc/arm-atollic-eabi/6.3.1/../../../../arm-atollic-eabi/lib/armv7e-m/fpu/fpv5-d16/libc_nano.a(lib_a-fwalk.o)
 .ARM.attributes
                0x00000000000008c0       0x32 /opt/Atollic_TrueSTUDIO_for_STM32_x86_64_9.1.0/ARMTools/bin/../lib/gcc/arm-atollic-eabi/6.3.1/../../../../arm-atollic-eabi/lib/armv7e-m/fpu/fpv5-d16/libc_nano.a(lib_a-impure.o)
 .ARM.attributes
                0x00000000000008f2       0x32 /opt/Atollic_TrueSTUDIO_for_STM32_x86_64_9.1.0/ARMTools/bin/../lib/gcc/arm-atollic-eabi/6.3.1/../../../../arm-atollic-eabi/lib/armv7e-m/fpu/fpv5-d16/libc_nano.a(lib_a-init.o)
 .ARM.attributes
                0x0000000000000924       0x1e /opt/Atollic_TrueSTUDIO_for_STM32_x86_64_9.1.0/ARMTools/bin/../lib/gcc/arm-atollic-eabi/6.3.1/../../../../arm-atollic-eabi/lib/armv7e-m/fpu/fpv5-d16/libc_nano.a(lib_a-memchr.o)
 .ARM.attributes
                0x0000000000000942       0x32 /opt/Atollic_TrueSTUDIO_for_STM32_x86_64_9.1.0/ARMTools/bin/../lib/gcc/arm-atollic-eabi/6.3.1/../../../../arm-atollic-eabi/lib/armv7e-m/fpu/fpv5-d16/libc_nano.a(lib_a-memcpy-stub.o)
 .ARM.attributes
                0x0000000000000974       0x32 /opt/Atollic_TrueSTUDIO_for_STM32_x86_64_9.1.0/ARMTools/bin/../lib/gcc/arm-atollic-eabi/6.3.1/../../../../arm-atollic-eabi/lib/armv7e-m/fpu/fpv5-d16/libc_nano.a(lib_a-memset.o)
 .ARM.attributes
                0x00000000000009a6       0x32 /opt/Atollic_TrueSTUDIO_for_STM32_x86_64_9.1.0/ARMTools/bin/../lib/gcc/arm-atollic-eabi/6.3.1/../../../../arm-atollic-eabi/lib/armv7e-m/fpu/fpv5-d16/libc_nano.a(lib_a-nano-freer.o)
 .ARM.attributes
                0x00000000000009d8       0x32 /opt/Atollic_TrueSTUDIO_for_STM32_x86_64_9.1.0/ARMTools/bin/../lib/gcc/arm-atollic-eabi/6.3.1/../../../../arm-atollic-eabi/lib/armv7e-m/fpu/fpv5-d16/libc_nano.a(lib_a-nano-mallocr.o)
 .ARM.attributes
                0x0000000000000a0a       0x32 /opt/Atollic_TrueSTUDIO_for_STM32_x86_64_9.1.0/ARMTools/bin/../lib/gcc/arm-atollic-eabi/6.3.1/../../../../arm-atollic-eabi/lib/armv7e-m/fpu/fpv5-d16/libc_nano.a(lib_a-nano-vfprintf_float.o)
 .ARM.attributes
                0x0000000000000a3c       0x32 /opt/Atollic_TrueSTUDIO_for_STM32_x86_64_9.1.0/ARMTools/bin/../lib/gcc/arm-atollic-eabi/6.3.1/../../../../arm-atollic-eabi/lib/armv7e-m/fpu/fpv5-d16/libc_nano.a(lib_a-nano-vfprintf_i.o)
 .ARM.attributes
                0x0000000000000a6e       0x32 /opt/Atollic_TrueSTUDIO_for_STM32_x86_64_9.1.0/ARMTools/bin/../lib/gcc/arm-atollic-eabi/6.3.1/../../../../arm-atollic-eabi/lib/armv7e-m/fpu/fpv5-d16/libc_nano.a(lib_a-printf.o)
 .ARM.attributes
                0x0000000000000aa0       0x32 /opt/Atollic_TrueSTUDIO_for_STM32_x86_64_9.1.0/ARMTools/bin/../lib/gcc/arm-atollic-eabi/6.3.1/../../../../arm-atollic-eabi/lib/armv7e-m/fpu/fpv5-d16/libc_nano.a(lib_a-puts.o)
 .ARM.attributes
                0x0000000000000ad2       0x32 /opt/Atollic_TrueSTUDIO_for_STM32_x86_64_9.1.0/ARMTools/bin/../lib/gcc/arm-atollic-eabi/6.3.1/../../../../arm-atollic-eabi/lib/armv7e-m/fpu/fpv5-d16/libc_nano.a(lib_a-sbrkr.o)
 .ARM.attributes
                0x0000000000000b04       0x32 /opt/Atollic_TrueSTUDIO_for_STM32_x86_64_9.1.0/ARMTools/bin/../lib/gcc/arm-atollic-eabi/6.3.1/../../../../arm-atollic-eabi/lib/armv7e-m/fpu/fpv5-d16/libc_nano.a(lib_a-setvbuf.o)
 .ARM.attributes
                0x0000000000000b36       0x32 /opt/Atollic_TrueSTUDIO_for_STM32_x86_64_9.1.0/ARMTools/bin/../lib/gcc/arm-atollic-eabi/6.3.1/../../../../arm-atollic-eabi/lib/armv7e-m/fpu/fpv5-d16/libc_nano.a(lib_a-sprintf.o)
 .ARM.attributes
                0x0000000000000b68       0x32 /opt/Atollic_TrueSTUDIO_for_STM32_x86_64_9.1.0/ARMTools/bin/../lib/gcc/arm-atollic-eabi/6.3.1/../../../../arm-atollic-eabi/lib/armv7e-m/fpu/fpv5-d16/libc_nano.a(lib_a-stdio.o)
 .ARM.attributes
                0x0000000000000b9a       0x32 /opt/Atollic_TrueSTUDIO_for_STM32_x86_64_9.1.0/ARMTools/bin/../lib/gcc/arm-atollic-eabi/6.3.1/../../../../arm-atollic-eabi/lib/armv7e-m/fpu/fpv5-d16/libc_nano.a(lib_a-strcpy.o)
 .ARM.attributes
                0x0000000000000bcc       0x19 /opt/Atollic_TrueSTUDIO_for_STM32_x86_64_9.1.0/ARMTools/bin/../lib/gcc/arm-atollic-eabi/6.3.1/../../../../arm-atollic-eabi/lib/armv7e-m/fpu/fpv5-d16/libc_nano.a(lib_a-strlen.o)
 .ARM.attributes
                0x0000000000000be5       0x32 /opt/Atollic_TrueSTUDIO_for_STM32_x86_64_9.1.0/ARMTools/bin/../lib/gcc/arm-atollic-eabi/6.3.1/../../../../arm-atollic-eabi/lib/armv7e-m/fpu/fpv5-d16/libc_nano.a(lib_a-wbuf.o)
 .ARM.attributes
                0x0000000000000c17       0x32 /opt/Atollic_TrueSTUDIO_for_STM32_x86_64_9.1.0/ARMTools/bin/../lib/gcc/arm-atollic-eabi/6.3.1/../../../../arm-atollic-eabi/lib/armv7e-m/fpu/fpv5-d16/libc_nano.a(lib_a-writer.o)
 .ARM.attributes
                0x0000000000000c49       0x32 /opt/Atollic_TrueSTUDIO_for_STM32_x86_64_9.1.0/ARMTools/bin/../lib/gcc/arm-atollic-eabi/6.3.1/../../../../arm-atollic-eabi/lib/armv7e-m/fpu/fpv5-d16/libc_nano.a(lib_a-wsetup.o)
 .ARM.attributes
                0x0000000000000c7b       0x32 /opt/Atollic_TrueSTUDIO_for_STM32_x86_64_9.1.0/ARMTools/bin/../lib/gcc/arm-atollic-eabi/6.3.1/../../../../arm-atollic-eabi/lib/armv7e-m/fpu/fpv5-d16/libc_nano.a(lib_a-closer.o)
 .ARM.attributes
                0x0000000000000cad       0x32 /opt/Atollic_TrueSTUDIO_for_STM32_x86_64_9.1.0/ARMTools/bin/../lib/gcc/arm-atollic-eabi/6.3.1/../../../../arm-atollic-eabi/lib/armv7e-m/fpu/fpv5-d16/libc_nano.a(lib_a-dtoa.o)
 .ARM.attributes
                0x0000000000000cdf       0x32 /opt/Atollic_TrueSTUDIO_for_STM32_x86_64_9.1.0/ARMTools/bin/../lib/gcc/arm-atollic-eabi/6.3.1/../../../../arm-atollic-eabi/lib/armv7e-m/fpu/fpv5-d16/libc_nano.a(lib_a-locale.o)
 .ARM.attributes
                0x0000000000000d11       0x32 /opt/Atollic_TrueSTUDIO_for_STM32_x86_64_9.1.0/ARMTools/bin/../lib/gcc/arm-atollic-eabi/6.3.1/../../../../arm-atollic-eabi/lib/armv7e-m/fpu/fpv5-d16/libc_nano.a(lib_a-localeconv.o)
 .ARM.attributes
                0x0000000000000d43       0x32 /opt/Atollic_TrueSTUDIO_for_STM32_x86_64_9.1.0/ARMTools/bin/../lib/gcc/arm-atollic-eabi/6.3.1/../../../../arm-atollic-eabi/lib/armv7e-m/fpu/fpv5-d16/libc_nano.a(lib_a-lseekr.o)
 .ARM.attributes
                0x0000000000000d75       0x32 /opt/Atollic_TrueSTUDIO_for_STM32_x86_64_9.1.0/ARMTools/bin/../lib/gcc/arm-atollic-eabi/6.3.1/../../../../arm-atollic-eabi/lib/armv7e-m/fpu/fpv5-d16/libc_nano.a(lib_a-makebuf.o)
 .ARM.attributes
                0x0000000000000da7       0x32 /opt/Atollic_TrueSTUDIO_for_STM32_x86_64_9.1.0/ARMTools/bin/../lib/gcc/arm-atollic-eabi/6.3.1/../../../../arm-atollic-eabi/lib/armv7e-m/fpu/fpv5-d16/libc_nano.a(lib_a-malloc.o)
 .ARM.attributes
                0x0000000000000dd9       0x32 /opt/Atollic_TrueSTUDIO_for_STM32_x86_64_9.1.0/ARMTools/bin/../lib/gcc/arm-atollic-eabi/6.3.1/../../../../arm-atollic-eabi/lib/armv7e-m/fpu/fpv5-d16/libc_nano.a(lib_a-mbtowc_r.o)
 .ARM.attributes
                0x0000000000000e0b       0x32 /opt/Atollic_TrueSTUDIO_for_STM32_x86_64_9.1.0/ARMTools/bin/../lib/gcc/arm-atollic-eabi/6.3.1/../../../../arm-atollic-eabi/lib/armv7e-m/fpu/fpv5-d16/libc_nano.a(lib_a-mlock.o)
 .ARM.attributes
                0x0000000000000e3d       0x32 /opt/Atollic_TrueSTUDIO_for_STM32_x86_64_9.1.0/ARMTools/bin/../lib/gcc/arm-atollic-eabi/6.3.1/../../../../arm-atollic-eabi/lib/armv7e-m/fpu/fpv5-d16/libc_nano.a(lib_a-mprec.o)
 .ARM.attributes
                0x0000000000000e6f       0x32 /opt/Atollic_TrueSTUDIO_for_STM32_x86_64_9.1.0/ARMTools/bin/../lib/gcc/arm-atollic-eabi/6.3.1/../../../../arm-atollic-eabi/lib/armv7e-m/fpu/fpv5-d16/libc_nano.a(lib_a-nano-callocr.o)
 .ARM.attributes
                0x0000000000000ea1       0x32 /opt/Atollic_TrueSTUDIO_for_STM32_x86_64_9.1.0/ARMTools/bin/../lib/gcc/arm-atollic-eabi/6.3.1/../../../../arm-atollic-eabi/lib/armv7e-m/fpu/fpv5-d16/libc_nano.a(lib_a-nano-svfprintf.o)
 .ARM.attributes
                0x0000000000000ed3       0x32 /opt/Atollic_TrueSTUDIO_for_STM32_x86_64_9.1.0/ARMTools/bin/../lib/gcc/arm-atollic-eabi/6.3.1/../../../../arm-atollic-eabi/lib/armv7e-m/fpu/fpv5-d16/libc_nano.a(lib_a-nano-vfprintf.o)
 .ARM.attributes
                0x0000000000000f05       0x32 /opt/Atollic_TrueSTUDIO_for_STM32_x86_64_9.1.0/ARMTools/bin/../lib/gcc/arm-atollic-eabi/6.3.1/../../../../arm-atollic-eabi/lib/armv7e-m/fpu/fpv5-d16/libc_nano.a(lib_a-readr.o)
 .ARM.attributes
                0x0000000000000f37       0x32 /opt/Atollic_TrueSTUDIO_for_STM32_x86_64_9.1.0/ARMTools/bin/../lib/gcc/arm-atollic-eabi/6.3.1/../../../../arm-atollic-eabi/lib/armv7e-m/fpu/fpv5-d16/libc_nano.a(lib_a-reent.o)
 .ARM.attributes
                0x0000000000000f69       0x32 /opt/Atollic_TrueSTUDIO_for_STM32_x86_64_9.1.0/ARMTools/bin/../lib/gcc/arm-atollic-eabi/6.3.1/../../../../arm-atollic-eabi/lib/armv7e-m/fpu/fpv5-d16/libc_nano.a(lib_a-wctomb_r.o)
 .ARM.attributes
                0x0000000000000f9b       0x32 /opt/Atollic_TrueSTUDIO_for_STM32_x86_64_9.1.0/ARMTools/bin/../lib/gcc/arm-atollic-eabi/6.3.1/../../../../arm-atollic-eabi/lib/armv7e-m/fpu/fpv5-d16/libc_nano.a(lib_a-ctype_.o)
 .ARM.attributes
                0x0000000000000fcd       0x32 /opt/Atollic_TrueSTUDIO_for_STM32_x86_64_9.1.0/ARMTools/bin/../lib/gcc/arm-atollic-eabi/6.3.1/../../../../arm-atollic-eabi/lib/armv7e-m/fpu/fpv5-d16/libc_nano.a(lib_a-fstatr.o)
 .ARM.attributes
                0x0000000000000fff       0x32 /opt/Atollic_TrueSTUDIO_for_STM32_x86_64_9.1.0/ARMTools/bin/../lib/gcc/arm-atollic-eabi/6.3.1/../../../../arm-atollic-eabi/lib/armv7e-m/fpu/fpv5-d16/libc_nano.a(lib_a-isattyr.o)
 .ARM.attributes
                0x0000000000001031       0x32 /opt/Atollic_TrueSTUDIO_for_STM32_x86_64_9.1.0/ARMTools/bin/../lib/gcc/arm-atollic-eabi/6.3.1/../../../../arm-atollic-eabi/lib/armv7e-m/fpu/fpv5-d16/libc_nano.a(lib_a-memmove.o)
 .ARM.attributes
                0x0000000000001063       0x32 /opt/Atollic_TrueSTUDIO_for_STM32_x86_64_9.1.0/ARMTools/bin/../lib/gcc/arm-atollic-eabi/6.3.1/../../../../arm-atollic-eabi/lib/armv7e-m/fpu/fpv5-d16/libc_nano.a(lib_a-nano-reallocr.o)
 .ARM.attributes
                0x0000000000001095       0x32 /opt/Atollic_TrueSTUDIO_for_STM32_x86_64_9.1.0/ARMTools/bin/../lib/gcc/arm-atollic-eabi/6.3.1/../../../../arm-atollic-eabi/lib/armv7e-m/fpu/fpv5-d16/libc_nano.a(lib_a-nano-msizer.o)
 .ARM.attributes
                0x00000000000010c7       0x20 /opt/Atollic_TrueSTUDIO_for_STM32_x86_64_9.1.0/ARMTools/bin/../lib/gcc/arm-atollic-eabi/6.3.1/armv7e-m/fpu/fpv5-d16/libgcc.a(_aeabi_uldivmod.o)
 .ARM.attributes
                0x00000000000010e7       0x32 /opt/Atollic_TrueSTUDIO_for_STM32_x86_64_9.1.0/ARMTools/bin/../lib/gcc/arm-atollic-eabi/6.3.1/armv7e-m/fpu/fpv5-d16/libgcc.a(_udivmoddi4.o)
 .ARM.attributes
                0x0000000000001119       0x20 /opt/Atollic_TrueSTUDIO_for_STM32_x86_64_9.1.0/ARMTools/bin/../lib/gcc/arm-atollic-eabi/6.3.1/armv7e-m/fpu/fpv5-d16/libgcc.a(_dvmd_tls.o)
 .ARM.attributes
                0x0000000000001139       0x20 /opt/Atollic_TrueSTUDIO_for_STM32_x86_64_9.1.0/ARMTools/bin/../lib/gcc/arm-atollic-eabi/6.3.1/armv7e-m/fpu/fpv5-d16/crtn.o
OUTPUT(RobotSTV2.elf elf32-littlearm)

.debug_info     0x0000000000000000    0x3e20a
 .debug_info    0x0000000000000000     0x31b1 Drivers/BSP/X-NUCLEO-IDW0xx1/stm32_spwf_wifi.o
 .debug_info    0x00000000000031b1     0x1303 Drivers/STM32F7xx_HAL_Driver/Src/stm32f7xx_hal.o
 .debug_info    0x00000000000044b4     0x19a8 Drivers/STM32F7xx_HAL_Driver/Src/stm32f7xx_hal_cortex.o
 .debug_info    0x0000000000005e5c      0xe12 Drivers/STM32F7xx_HAL_Driver/Src/stm32f7xx_hal_crc.o
 .debug_info    0x0000000000006c6e      0xbde Drivers/STM32F7xx_HAL_Driver/Src/stm32f7xx_hal_crc_ex.o
 .debug_info    0x000000000000784c     0x125c Drivers/STM32F7xx_HAL_Driver/Src/stm32f7xx_hal_dma.o
 .debug_info    0x0000000000008aa8      0xfbc Drivers/STM32F7xx_HAL_Driver/Src/stm32f7xx_hal_gpio.o
 .debug_info    0x0000000000009a64     0x394a Drivers/STM32F7xx_HAL_Driver/Src/stm32f7xx_hal_i2c.o
 .debug_info    0x000000000000d3ae     0x11b6 Drivers/STM32F7xx_HAL_Driver/Src/stm32f7xx_hal_i2c_ex.o
 .debug_info    0x000000000000e564     0x122c Drivers/STM32F7xx_HAL_Driver/Src/stm32f7xx_hal_pwr_ex.o
 .debug_info    0x000000000000f790     0x1367 Drivers/STM32F7xx_HAL_Driver/Src/stm32f7xx_hal_rcc.o
 .debug_info    0x0000000000010af7     0x108a Drivers/STM32F7xx_HAL_Driver/Src/stm32f7xx_hal_rcc_ex.o
 .debug_info    0x0000000000011b81     0x171f Drivers/STM32F7xx_HAL_Driver/Src/stm32f7xx_hal_rtc.o
 .debug_info    0x00000000000132a0     0x2880 Drivers/STM32F7xx_HAL_Driver/Src/stm32f7xx_hal_spi.o
 .debug_info    0x0000000000015b20     0x3ad5 Drivers/STM32F7xx_HAL_Driver/Src/stm32f7xx_hal_tim.o
 .debug_info    0x00000000000195f5     0x1e62 Drivers/STM32F7xx_HAL_Driver/Src/stm32f7xx_hal_tim_ex.o
 .debug_info    0x000000000001b457     0x20b0 Drivers/STM32F7xx_HAL_Driver/Src/stm32f7xx_hal_uart.o
 .debug_info    0x000000000001d507     0x276f Middlewares/ST/STM32_SPWF0xSy/Utils/wifi_globals.o
 .debug_info    0x000000000001fc76     0x5195 Middlewares/ST/STM32_SPWF0xSy/wifi_interface.o
 .debug_info    0x0000000000024e0b     0x5c86 Middlewares/ST/STM32_SPWF0xSy/wifi_module.o
 .debug_info    0x000000000002aa91     0x10fd Src/console.o
 .debug_info    0x000000000002bb8e      0xdb8 Src/crc.o
 .debug_info    0x000000000002c946      0xecd Src/dma.o
 .debug_info    0x000000000002d813      0xe9b Src/gpio.o
 .debug_info    0x000000000002e6ae     0x13f2 Src/i2c.o
 .debug_info    0x000000000002faa0     0x4007 Src/main.o
 .debug_info    0x0000000000033aa7      0xfa7 Src/rtc.o
 .debug_info    0x0000000000034a4e     0x12fa Src/spi.o