stm32f7xx_nucleo_144.c:392:13:SPIx_Init	56	static
stm32f7xx_nucleo_144.c:447:13:SPIx_Write	32	static
stm32f7xx_nucleo_144.c:180:10:BSP_GetVersion	0	static
stm32f7xx_nucleo_144.c:194:6:BSP_LED_Init	56	static
stm32f7xx_nucleo_144.c:221:6:BSP_LED_DeInit	16	static
stm32f7xx_nucleo_144.c:239:6:BSP_LED_On	0	static
stm32f7xx_nucleo_144.c:253:6:BSP_LED_Off	0	static
stm32f7xx_nucleo_144.c:267:6:BSP_LED_Toggle	0	static
stm32f7xx_nucleo_144.c:283:6:BSP_PB_Init	32	static
stm32f7xx_nucleo_144.c:321:6:BSP_PB_DeInit	8	static
stm32f7xx_nucleo_144.c:336:10:BSP_PB_GetState	8	static
stm32f7xx_nucleo_144.c:535:6:SD_IO_CSState	0	static
stm32f7xx_nucleo_144.c:552:6:SD_IO_WriteReadData	16	static
stm32f7xx_nucleo_144.c:563:9:SD_IO_WriteByte	32	static
stm32f7xx_nucleo_144.c:487:6:SD_IO_Init	56	static
stm32f7xx_nucleo_144.c:577:6:LCD_IO_Init	48	static
stm32f7xx_nucleo_144.c:608:6:LCD_IO_WriteReg	16	static
stm32f7xx_nucleo_144.c:629:6:LCD_IO_WriteData	16	static
stm32f7xx_nucleo_144.c:650:6:LCD_IO_WriteMultipleData	24	static
stm32f7xx_nucleo_144.c:706:6:LCD_Delay	0	static
