wifi_interface.c:83:15:wifi_init	8	static
wifi_interface.c:491:15:wifi_set_socket_certificates	40	static
wifi_interface.c:653:15:wifi_ping	8	static
wifi_interface.c:682:15:wifi_websocket_client_open	8	static
wifi_interface.c:701:15:wifi_websocket_client_write	8	static
wifi_interface.c:724:15:wifi_websocket_client_close	8	static
wifi_interface.c:741:15:wifi_socket_client_open	8	static
wifi_interface.c:759:15:Open_Serial_Port	8	static
wifi_interface.c:782:15:wifi_socket_client_write	8	static
wifi_interface.c:828:15:Socket_Read	16	static
wifi_interface.c:877:15:Socket_Server_Read	24	static
wifi_interface.c:915:15:Websocket_Read	16	static
wifi_interface.c:962:15:wifi_socket_client_close	8	static
wifi_interface.c:987:6:Socket_Pending_Data	8	static
wifi_interface.c:1028:6:Server_Pending_Data	8	static
wifi_interface.c:1065:6:Websocket_Pending_Data	8	static
wifi_interface.c:1100:15:wifi_socket_server_open	8	static
wifi_interface.c:1131:15:wifi_socket_server_write	8	static
wifi_interface.c:1233:15:socket_server_close	16	static
wifi_interface.c:1265:6:wait_for_command_mode	0	static
wifi_interface.c:1283:15:wifi_file_rename	8	static
wifi_interface.c:1324:15:wifi_file_delete	8	static
wifi_interface.c:1345:15:wifi_file_list	16	static
wifi_interface.c:1359:15:wifi_file_print_content	16	static
wifi_interface.c:1428:15:wifi_file_create	16	static
wifi_interface.c:1453:15:wifi_mqtt_connect	8	static
wifi_interface.c:1470:15:wifi_mqtt_subscribe	8	static
wifi_interface.c:1489:15:wifi_mqtt_publish	8	static
wifi_interface.c:1505:15:wifi_mqtt_disconnect	8	static
wifi_interface.c:1522:15:wifi_mqtt_unsubscribe	8	static
wifi_interface.c:1540:15:wifi_list_open_client_socket	8	static
wifi_interface.c:1554:15:wifi_list_open_web_client_socket	8	static
wifi_interface.c:1568:15:wifi_list_bound_client_socket	8	static
wifi_interface.c:1589:15:wifi_send_mail	40	static
wifi_interface.c:1614:15:wifi_tftp_get	8	static
wifi_interface.c:1643:15:wifi_tftp_put	8	static
wifi_interface.c:1678:15:wifi_fill_input_buffer	16	static
wifi_interface.c:1751:15:wifi_http_get	8	static
wifi_interface.c:1782:15:wifi_http_post	8	static
wifi_interface.c:1811:15:wifi_file_image_create	16	static
wifi_interface.c:1838:15:wifi_file_erase_external_flash	8	static
wifi_interface.c:1869:15:wifi_fw_update	8	static
wifi_interface.c:1906:15:wifi_network_scan	8	static
wifi_interface.c:1952:15:wifi_ap_start	24	static
wifi_interface.c:2083:15:wifi_connect	24	static
wifi_interface.c:2209:15:wifi_adhoc_create	24	static
wifi_interface.c:2316:15:wifi_standby	8	static
wifi_interface.c:2369:15:wifi_powersave	8	static
wifi_interface.c:2409:15:wifi_wakeup	40	static
wifi_interface.c:2437:15:wifi_disconnect	8	static
wifi_interface.c:2514:15:wifi_enable	16	static
wifi_interface.c:2571:15:wifi_restore	16	static
wifi_interface.c:2656:9:wifi_gpio_init	24	static
wifi_interface.c:2695:9:wifi_gpio_read	16	static
wifi_interface.c:2728:9:wifi_gpio_write	16	static
wifi_interface.c:2758:15:wifi_get_IP_address	24	static
wifi_interface.c:2793:15:wifi_get_MAC_address	24	static
wifi_interface.c:2830:10:wifi_get_status_variable_value	16	static
