wifi_module.c:100:6:UART_DMA_Init	16	static
wifi_module.c:337:6:DMA1_TransferComplete	0	static
wifi_module.c:388:6:DMA2_TransferComplete	0	static
wifi_module.c:513:6:Set_WiFi_Control_Variables	0	static
wifi_module.c:548:6:Set_WiFi_Counter_Variables	0	static
wifi_module.c:454:6:WiFi_Module_Init	8	static
wifi_module.c:583:6:WiFi_Configuration	0	static
wifi_module.c:609:6:wifi_reset	24	static
wifi_module.c:648:6:PowerUp_WiFi_Module	0	static
wifi_module.c:660:6:Receive_Data	8	static
wifi_module.c:683:6:Receive_DMA_Uart_Data	8	static
wifi_module.c:2043:6:Start_Timer	0	static
wifi_module.c:2055:6:Stop_Timer	0	static
wifi_module.c:2068:6:Stop_Dequeue	0	static
wifi_module.c:2079:6:Resume_Dequeue	0	static
wifi_module.c:2210:6:WiFi_HAL_UART_TxCpltCallback	0	static
wifi_module.c:2227:6:WiFi_HAL_UART_RxCpltCallback	0	static
wifi_module.c:2308:15:USART_Receive_AT_Resp	0	static
wifi_module.c:2324:6:WiFi_HAL_UART_ErrorCallback	0	static
wifi_module.c:2330:6:WiFi_HAL_UART_IdleCallback	0	static
wifi_module.c:2346:6:Process_WiFi	8	static
wifi_module.c:3110:6:Wait_For_Sock_Read_To_Complete	0	static
wifi_module.c:2711:6:Queue_Tftp_Event	24	static
wifi_module.c:2735:6:Queue_Mqtt_Connect_Event	16	static
wifi_module.c:2755:6:Queue_Mqtt_Event	8	static
wifi_module.c:2776:6:Queue_Mqtt_Publish_Event	24	static
wifi_module.c:2803:6:Queue_Wifi_Send_Mail_Event	48	static
wifi_module.c:2839:6:Queue_Http_Event	24	static
wifi_module.c:2864:6:Queue_Client_Write_Event	24	static
wifi_module.c:2890:6:Queue_Wifi_File_Create_Event	16	static
wifi_module.c:2915:6:Queue_Wifi_File_Event	32	static
wifi_module.c:2942:6:Queue_File_Event	24	static
wifi_module.c:2969:6:Queue_Wifi_FW_Update_Event	24	static
wifi_module.c:2992:6:Queue_Client_Open_Event	24	static
wifi_module.c:3019:6:Queue_Server_Open_Event	16	static
wifi_module.c:3039:6:Queue_Client_Close_Event	16	static
wifi_module.c:3062:6:Queue_Server_Close_Event	16	static
wifi_module.c:3076:6:Queue_Client_List_Event	8	static
wifi_module.c:3092:6:Queue_Server_List_Event	8	static
wifi_module.c:3126:6:Reset_AT_CMD_Buffer	0	static
wifi_module.c:3247:6:PrintErrorMsg	0	static
wifi_module.c:3259:6:Print_Msg	0	static
wifi_module.c:3282:6:WiFi_UART_Error_Handler	0	static
wifi_module.c:3299:15:USART_Transmit_AT_Cmd	8	static
wifi_module.c:2650:15:wifi_firmware_middleware_version_compatibility	32	static
wifi_module.c:3160:15:Read_WiFi_Mode	16	static
wifi_module.c:3356:6:Start_DeepSleep_Timer	0	static
wifi_module.c:2382:6:Process_DeQed_Wind_Indication	8	static
wifi_module.c:3368:6:Stop_DeepSleep_Timer	0	static
wifi_module.c:2138:6:Wifi_SysTick_Isr	16	static
wifi_module.c:3380:6:WiFi_switch_to_command_mode	8	static
wifi_module.c:3402:6:WiFi_switch_to_data_mode	8	static
wifi_module.c:3425:15:Attention_Cmd	8	static
wifi_module.c:3449:15:Display_Help_Text	8	static
wifi_module.c:3472:15:GET_Configuration_Value	24	static
wifi_module.c:3513:15:SET_Configuration_Addr	16	static
wifi_module.c:3544:15:SET_Configuration_Value	16	static
wifi_module.c:3575:15:SET_SSID	8	static
wifi_module.c:3608:15:SET_WiFi_SecKey	8	static
wifi_module.c:3639:15:Restore_Default_Setting	8	static
wifi_module.c:3668:15:Save_Current_Setting	8	static
wifi_module.c:3193:15:Write_WiFi_SSID	8	static
wifi_module.c:3220:15:Write_WiFi_SecKey	8	static
wifi_module.c:3695:6:ResetBuffer	0	static
wifi_module.c:3747:15:Attention_Cmd_Check	80	static
wifi_module.c:3815:15:WaitForResponse	72	static
wifi_module.c:3707:15:config_init_value	16	static
wifi_module.c:3730:15:config_init_addr	16	static
wifi_module.c:3838:13:ind_wifi_warning	0	static
wifi_module.c:3842:13:ind_wifi_error	0	static
wifi_module.c:3846:13:ind_wifi_connection_error	0	static
wifi_module.c:3850:13:ind_wifi_connected	0	static
wifi_module.c:3854:13:ind_wifi_ap_ready	0	static
wifi_module.c:3858:13:ind_wifi_ap_client_joined	0	static
wifi_module.c:3862:13:ind_wifi_ap_client_left	0	static
wifi_module.c:3866:13:ind_wifi_on	0	static
wifi_module.c:3870:13:ind_wifi_packet_lost	0	static
wifi_module.c:3874:13:ind_wifi_gpio_changed	0	static
wifi_module.c:3878:13:ind_wifi_socket_data_received	0	static
wifi_module.c:3882:13:ind_wifi_socket_client_remote_server_closed	0	static
wifi_module.c:3886:13:ind_wifi_socket_server_data_lost	0	static
wifi_module.c:3890:13:ind_socket_server_client_joined	0	static
wifi_module.c:3894:13:ind_socket_server_client_left	0	static
wifi_module.c:3898:13:ind_wifi_http_data_available	0	static
wifi_module.c:3902:13:ind_wifi_file_data_available	0	static
wifi_module.c:3906:13:ind_wifi_resuming	0	static
wifi_module.c:3910:13:ind_wifi_mqtt_data_received	0	static
wifi_module.c:3914:13:ind_wifi_mqtt_closed	0	static
wifi_module.c:3918:13:ind_wifi_socket_list_data_available	0	static
wifi_module.c:707:6:Wifi_TIM_Handler	40	static
wifi_module.c:3922:13:ind_wifi_inputssi_callback	0	static
wifi_module.c:3926:13:ind_wifi_output_from_remote_callback	0	static
