stm32f7xx_it.c:60:6:NMI_Handler	0	static
stm32f7xx_it.c:73:6:HardFault_Handler	0	static
stm32f7xx_it.c:91:6:MemManage_Handler	0	static
stm32f7xx_it.c:109:6:BusFault_Handler	0	static
stm32f7xx_it.c:127:6:UsageFault_Handler	0	static
stm32f7xx_it.c:145:6:SVC_Handler	0	static
stm32f7xx_it.c:158:6:DebugMon_Handler	0	static
stm32f7xx_it.c:171:6:PendSV_Handler	0	static
stm32f7xx_it.c:184:6:SysTick_Handler	8	static
stm32f7xx_it.c:204:6:TIM3_IRQHandler	0	static
stm32f7xx_it.c:214:6:TIM2_IRQHandler	0	static
stm32f7xx_it.c:244:6:DMA1_Stream3_IRQHandler	0	static
stm32f7xx_it.c:272:6:DMA1_Stream6_IRQHandler	0	static
stm32f7xx_it.c:318:6:HAL_UART_RxCpltCallback	0	static
stm32f7xx_it.c:331:6:HAL_UART_TxCpltCallback	0	static
stm32f7xx_it.c:345:6:HAL_UART_ErrorCallback	0	static
stm32f7xx_it.c:355:6:USART2_IRQHandler	0	static
stm32f7xx_it.c:366:6:USART3_IRQHandler	0	static
stm32f7xx_it.c:376:6:DMA1_Stream1_IRQHandler	0	static
stm32f7xx_it.c:385:6:DMA1_Stream5_IRQHandler	0	static
