stm32f7xx_it.c:63:6:NMI_Handler	0	static
stm32f7xx_it.c:76:6:HardFault_Handler	0	static
stm32f7xx_it.c:94:6:MemManage_Handler	0	static
stm32f7xx_it.c:112:6:BusFault_Handler	0	static
stm32f7xx_it.c:130:6:UsageFault_Handler	0	static
stm32f7xx_it.c:148:6:SVC_Handler	0	static
stm32f7xx_it.c:161:6:DebugMon_Handler	0	static
stm32f7xx_it.c:174:6:PendSV_Handler	0	static
stm32f7xx_it.c:187:6:SysTick_Handler	8	static
stm32f7xx_it.c:223:6:DMA1_Stream3_IRQHandler	0	static
stm32f7xx_it.c:251:6:DMA1_Stream6_IRQHandler	0	static
stm32f7xx_it.c:307:6:DMA2_Stream6_IRQHandler	0	static
stm32f7xx_it.c:321:6:USART6_IRQHandler	0	static
stm32f7xx_it.c:340:6:HAL_UART_RxCpltCallback	0	static
stm32f7xx_it.c:353:6:HAL_UART_TxCpltCallback	0	static
stm32f7xx_it.c:367:6:HAL_UART_ErrorCallback	0	static
stm32f7xx_it.c:377:6:USARTx_IRQHandler	0	static
stm32f7xx_it.c:388:6:USART3_IRQHandler	0	static
stm32f7xx_it.c:398:6:DMA1_Stream1_IRQHandler	0	static
stm32f7xx_it.c:407:6:DMA2_Stream1_IRQHandler	0	static
